../Core/Src/main.c:92:6:enable_clocks	4	static
../Core/Src/main.c:95:6:initialise_board	16	static
../Core/Src/main.c:100:6:read_magnetometer	48	static
../Core/Src/main.c:122:5:main	352	static
../Core/Src/main.c:215:6:SystemClock_Config	128	static
../Core/Src/main.c:267:13:MX_I2C1_Init	8	static
../Core/Src/main.c:315:13:MX_SPI1_Init	8	static
../Core/Src/main.c:355:13:MX_UART4_Init	8	static
../Core/Src/main.c:390:13:MX_USART1_UART_Init	8	static
../Core/Src/main.c:425:13:MX_USB_PCD_Init	8	static
../Core/Src/main.c:456:13:MX_GPIO_Init	48	static
../Core/Src/main.c:511:6:Error_Handler	4	static,ignoring_inline_asm
