../Core/Src/main.c:84:5:main	112	static
../Core/Src/main.c:341:6:SystemClock_Config	128	static
../Core/Src/main.c:390:13:MX_I2C1_Init	8	static
../Core/Src/main.c:438:13:MX_SPI1_Init	8	static
../Core/Src/main.c:478:13:MX_TIM2_Init	40	static
../Core/Src/main.c:523:13:MX_TIM4_Init	64	static
../Core/Src/main.c:582:13:MX_USB_PCD_Init	8	static
../Core/Src/main.c:613:13:MX_GPIO_Init	56	static
../Core/Src/main.c:689:6:initialise_board	16	static
../Core/Src/main.c:702:6:Error_Handler	4	static,ignoring_inline_asm
