../Core/Src/main.c:87:6:enable_clocks	4	static
../Core/Src/main.c:93:6:initialise_board	16	static
../Core/Src/main.c:129:6:readPWMInputCapture	8	static
../Core/Src/main.c:142:5:main	208	static
../Core/Src/main.c:421:6:SystemClock_Config	128	static
../Core/Src/main.c:472:13:MX_I2C1_Init	8	static
../Core/Src/main.c:520:13:MX_SPI1_Init	8	static
../Core/Src/main.c:560:13:MX_TIM1_Init	56	static
../Core/Src/main.c:620:13:MX_TIM2_Init	48	static
../Core/Src/main.c:673:13:MX_TIM3_Init	64	static
../Core/Src/main.c:732:13:MX_TIM15_Init	112	static
../Core/Src/main.c:808:13:MX_USB_PCD_Init	8	static
../Core/Src/main.c:839:13:MX_GPIO_Init	48	static
../Core/Src/main.c:890:6:Error_Handler	4	static,ignoring_inline_asm
