../Core/Src/main.c:87:6:enable_clocks	4	static
../Core/Src/main.c:93:6:initialise_board	16	static
../Core/Src/main.c:129:6:readPWMInputCapture	8	static
../Core/Src/main.c:142:5:main	208	static
../Core/Src/main.c:422:6:SystemClock_Config	128	static
../Core/Src/main.c:473:13:MX_I2C1_Init	8	static
../Core/Src/main.c:521:13:MX_SPI1_Init	8	static
../Core/Src/main.c:561:13:MX_TIM1_Init	56	static
../Core/Src/main.c:621:13:MX_TIM2_Init	48	static
../Core/Src/main.c:674:13:MX_TIM3_Init	64	static
../Core/Src/main.c:733:13:MX_TIM15_Init	112	static
../Core/Src/main.c:809:13:MX_USB_PCD_Init	8	static
../Core/Src/main.c:840:13:MX_GPIO_Init	48	static
../Core/Src/main.c:891:6:Error_Handler	4	static,ignoring_inline_asm
