../Core/Src/main.c:91:6:enable_clocks	4	static
../Core/Src/main.c:97:6:initialise_board	16	static
../Core/Src/main.c:136:6:readPWMInputCapture	8	static
../Core/Src/main.c:149:5:main	192	static
../Core/Src/main.c:385:6:SystemClock_Config	128	static
../Core/Src/main.c:436:13:MX_I2C1_Init	8	static
../Core/Src/main.c:484:13:MX_SPI1_Init	8	static
../Core/Src/main.c:524:13:MX_TIM1_Init	56	static
../Core/Src/main.c:584:13:MX_TIM2_Init	48	static
../Core/Src/main.c:637:13:MX_TIM3_Init	64	static
../Core/Src/main.c:696:13:MX_TIM15_Init	112	static
../Core/Src/main.c:772:13:MX_USB_PCD_Init	8	static
../Core/Src/main.c:803:13:MX_GPIO_Init	48	static
../Core/Src/main.c:854:6:Error_Handler	4	static,ignoring_inline_asm
