main.c:84:6:enable_clocks	1
main.c:90:6:initialise_board	1
main.c:108:6:HAL_TIM_IC_CaptureCallback	4
main.c:128:6:movement	3
main.c:148:6:HAL_TIM_OC_DelayElapsedCallback	3
main.c:161:6:readPWMInputCapture	1
main.c:174:5:main	10
main.c:433:6:SystemClock_Config	4
main.c:484:13:MX_I2C1_Init	4
main.c:532:13:MX_SPI1_Init	2
main.c:572:13:MX_TIM1_Init	6
main.c:632:13:MX_TIM2_Init	5
main.c:685:13:MX_TIM3_Init	6
main.c:744:13:MX_TIM15_Init	7
main.c:820:13:MX_USB_PCD_Init	2
main.c:851:13:MX_GPIO_Init	1
main.c:902:6:Error_Handler	1
