../Core/Src/main.c:82:6:enable_clocks	4	static
../Core/Src/main.c:88:6:initialise_board	16	static
../Core/Src/main.c:106:6:HAL_TIM_IC_CaptureCallback	56	static
../Core/Src/main.c:126:6:movement	32	static
../Core/Src/main.c:146:6:HAL_TIM_OC_DelayElapsedCallback	16	static
../Core/Src/main.c:159:6:readPWMInputCapture	8	static
../Core/Src/main.c:172:5:main	200	static
../Core/Src/main.c:429:6:SystemClock_Config	128	static
../Core/Src/main.c:480:13:MX_I2C1_Init	8	static
../Core/Src/main.c:528:13:MX_SPI1_Init	8	static
../Core/Src/main.c:568:13:MX_TIM1_Init	56	static
../Core/Src/main.c:628:13:MX_TIM2_Init	48	static
../Core/Src/main.c:681:13:MX_TIM3_Init	64	static
../Core/Src/main.c:740:13:MX_USB_PCD_Init	8	static
../Core/Src/main.c:771:13:MX_GPIO_Init	48	static
../Core/Src/main.c:822:6:Error_Handler	4	static,ignoring_inline_asm
