../Core/Src/main.c:84:6:enable_clocks	4	static
../Core/Src/main.c:90:6:initialise_board	16	static
../Core/Src/main.c:108:6:HAL_TIM_IC_CaptureCallback	56	static
../Core/Src/main.c:128:6:movement	32	static
../Core/Src/main.c:148:6:HAL_TIM_OC_DelayElapsedCallback	16	static
../Core/Src/main.c:161:6:readPWMInputCapture	8	static
../Core/Src/main.c:174:5:main	200	static
../Core/Src/main.c:433:6:SystemClock_Config	128	static
../Core/Src/main.c:484:13:MX_I2C1_Init	8	static
../Core/Src/main.c:532:13:MX_SPI1_Init	8	static
../Core/Src/main.c:572:13:MX_TIM1_Init	56	static
../Core/Src/main.c:632:13:MX_TIM2_Init	48	static
../Core/Src/main.c:685:13:MX_TIM3_Init	64	static
../Core/Src/main.c:744:13:MX_TIM15_Init	112	static
../Core/Src/main.c:820:13:MX_USB_PCD_Init	8	static
../Core/Src/main.c:851:13:MX_GPIO_Init	48	static
../Core/Src/main.c:902:6:Error_Handler	4	static,ignoring_inline_asm
