../Core/Src/main.c:85:6:enable_clocks	4	static
../Core/Src/main.c:91:6:initialise_board	16	static
../Core/Src/main.c:109:6:HAL_TIM_IC_CaptureCallback	56	static
../Core/Src/main.c:129:6:movement	32	static
../Core/Src/main.c:149:6:HAL_TIM_OC_DelayElapsedCallback	16	static
../Core/Src/main.c:162:6:readPWMInputCapture	8	static
../Core/Src/main.c:175:5:main	192	static
../Core/Src/main.c:434:6:SystemClock_Config	128	static
../Core/Src/main.c:485:13:MX_I2C1_Init	8	static
../Core/Src/main.c:533:13:MX_SPI1_Init	8	static
../Core/Src/main.c:573:13:MX_TIM1_Init	56	static
../Core/Src/main.c:633:13:MX_TIM2_Init	48	static
../Core/Src/main.c:686:13:MX_TIM3_Init	64	static
../Core/Src/main.c:745:13:MX_TIM15_Init	112	static
../Core/Src/main.c:821:13:MX_USB_PCD_Init	8	static
../Core/Src/main.c:852:13:MX_GPIO_Init	48	static
../Core/Src/main.c:903:6:Error_Handler	4	static,ignoring_inline_asm
