../Drivers/STM32F3xx_HAL_Driver/Src/stm32f3xx_hal_rcc 2.c:214:19:HAL_RCC_DeInit	24	static,ignoring_inline_asm
../Drivers/STM32F3xx_HAL_Driver/Src/stm32f3xx_hal_rcc 2.c:314:19:HAL_RCC_OscConfig	520	static,ignoring_inline_asm
../Drivers/STM32F3xx_HAL_Driver/Src/stm32f3xx_hal_rcc 2.c:694:19:HAL_RCC_ClockConfig	128	static,ignoring_inline_asm
../Drivers/STM32F3xx_HAL_Driver/Src/stm32f3xx_hal_rcc 2.c:886:6:HAL_RCC_MCOConfig	48	static
../Drivers/STM32F3xx_HAL_Driver/Src/stm32f3xx_hal_rcc 2.c:920:6:HAL_RCC_EnableCSS	16	static,ignoring_inline_asm
../Drivers/STM32F3xx_HAL_Driver/Src/stm32f3xx_hal_rcc 2.c:929:6:HAL_RCC_DisableCSS	16	static,ignoring_inline_asm
../Drivers/STM32F3xx_HAL_Driver/Src/stm32f3xx_hal_rcc 2.c:963:10:HAL_RCC_GetSysClockFreq	48	static,ignoring_inline_asm
../Drivers/STM32F3xx_HAL_Driver/Src/stm32f3xx_hal_rcc 2.c:1027:10:HAL_RCC_GetHCLKFreq	4	static
../Drivers/STM32F3xx_HAL_Driver/Src/stm32f3xx_hal_rcc 2.c:1038:10:HAL_RCC_GetPCLK1Freq	16	static,ignoring_inline_asm
../Drivers/STM32F3xx_HAL_Driver/Src/stm32f3xx_hal_rcc 2.c:1050:10:HAL_RCC_GetPCLK2Freq	16	static,ignoring_inline_asm
../Drivers/STM32F3xx_HAL_Driver/Src/stm32f3xx_hal_rcc 2.c:1063:6:HAL_RCC_GetOscConfig	24	static,ignoring_inline_asm
../Drivers/STM32F3xx_HAL_Driver/Src/stm32f3xx_hal_rcc 2.c:1151:6:HAL_RCC_GetClockConfig	16	static
../Drivers/STM32F3xx_HAL_Driver/Src/stm32f3xx_hal_rcc 2.c:1181:6:HAL_RCC_NMI_IRQHandler	8	static
../Drivers/STM32F3xx_HAL_Driver/Src/stm32f3xx_hal_rcc 2.c:1198:13:HAL_RCC_CSSCallback	4	static
