../Drivers/STM32F3xx_HAL_Driver/Src/stm32f3xx_hal 2.c:138:19:HAL_Init	8	static
../Drivers/STM32F3xx_HAL_Driver/Src/stm32f3xx_hal 2.c:163:19:HAL_DeInit	8	static
../Drivers/STM32F3xx_HAL_Driver/Src/stm32f3xx_hal 2.c:186:13:HAL_MspInit	4	static
../Drivers/STM32F3xx_HAL_Driver/Src/stm32f3xx_hal 2.c:197:13:HAL_MspDeInit	4	static
../Drivers/STM32F3xx_HAL_Driver/Src/stm32f3xx_hal 2.c:220:26:HAL_InitTick	16	static
../Drivers/STM32F3xx_HAL_Driver/Src/stm32f3xx_hal 2.c:278:13:HAL_IncTick	4	static
../Drivers/STM32F3xx_HAL_Driver/Src/stm32f3xx_hal 2.c:289:17:HAL_GetTick	4	static
../Drivers/STM32F3xx_HAL_Driver/Src/stm32f3xx_hal 2.c:298:10:HAL_GetTickPrio	4	static
../Drivers/STM32F3xx_HAL_Driver/Src/stm32f3xx_hal 2.c:307:19:HAL_SetTickFreq	24	static
../Drivers/STM32F3xx_HAL_Driver/Src/stm32f3xx_hal 2.c:340:21:HAL_GetTickFreq	4	static
../Drivers/STM32F3xx_HAL_Driver/Src/stm32f3xx_hal 2.c:356:13:HAL_Delay	24	static
../Drivers/STM32F3xx_HAL_Driver/Src/stm32f3xx_hal 2.c:382:13:HAL_SuspendTick	4	static
../Drivers/STM32F3xx_HAL_Driver/Src/stm32f3xx_hal 2.c:400:13:HAL_ResumeTick	4	static
../Drivers/STM32F3xx_HAL_Driver/Src/stm32f3xx_hal 2.c:411:10:HAL_GetHalVersion	4	static
../Drivers/STM32F3xx_HAL_Driver/Src/stm32f3xx_hal 2.c:420:10:HAL_GetREVID	4	static
../Drivers/STM32F3xx_HAL_Driver/Src/stm32f3xx_hal 2.c:429:10:HAL_GetDEVID	4	static
../Drivers/STM32F3xx_HAL_Driver/Src/stm32f3xx_hal 2.c:438:10:HAL_GetUIDw0	4	static
../Drivers/STM32F3xx_HAL_Driver/Src/stm32f3xx_hal 2.c:447:10:HAL_GetUIDw1	4	static
../Drivers/STM32F3xx_HAL_Driver/Src/stm32f3xx_hal 2.c:456:10:HAL_GetUIDw2	4	static
../Drivers/STM32F3xx_HAL_Driver/Src/stm32f3xx_hal 2.c:465:6:HAL_DBGMCU_EnableDBGSleepMode	4	static
../Drivers/STM32F3xx_HAL_Driver/Src/stm32f3xx_hal 2.c:474:6:HAL_DBGMCU_DisableDBGSleepMode	4	static
../Drivers/STM32F3xx_HAL_Driver/Src/stm32f3xx_hal 2.c:483:6:HAL_DBGMCU_EnableDBGStopMode	4	static
../Drivers/STM32F3xx_HAL_Driver/Src/stm32f3xx_hal 2.c:492:6:HAL_DBGMCU_DisableDBGStopMode	4	static
../Drivers/STM32F3xx_HAL_Driver/Src/stm32f3xx_hal 2.c:501:6:HAL_DBGMCU_EnableDBGStandbyMode	4	static
../Drivers/STM32F3xx_HAL_Driver/Src/stm32f3xx_hal 2.c:510:6:HAL_DBGMCU_DisableDBGStandbyMode	4	static
