Archive member included to satisfy reference by file (symbol)

/Applications/STM32CubeIDE.app/Contents/Eclipse/plugins/com.st.stm32cube.ide.mcu.externaltools.gnu-tools-for-stm32.10.3-2021.10.macos64_1.0.200.202301161003/tools/bin/../lib/gcc/arm-none-eabi/10.3.1/../../../../arm-none-eabi/lib/thumb/v7e-m+fp/hard/libc_nano.a(lib_a-errno.o)
                              ./Core/Src/syscalls.o (__errno)
/Applications/STM32CubeIDE.app/Contents/Eclipse/plugins/com.st.stm32cube.ide.mcu.externaltools.gnu-tools-for-stm32.10.3-2021.10.macos64_1.0.200.202301161003/tools/bin/../lib/gcc/arm-none-eabi/10.3.1/../../../../arm-none-eabi/lib/thumb/v7e-m+fp/hard/libc_nano.a(lib_a-exit.o)
                              /Applications/STM32CubeIDE.app/Contents/Eclipse/plugins/com.st.stm32cube.ide.mcu.externaltools.gnu-tools-for-stm32.10.3-2021.10.macos64_1.0.200.202301161003/tools/bin/../lib/gcc/arm-none-eabi/10.3.1/../../../../arm-none-eabi/lib/thumb/v7e-m+fp/hard/crt0.o (exit)
/Applications/STM32CubeIDE.app/Contents/Eclipse/plugins/com.st.stm32cube.ide.mcu.externaltools.gnu-tools-for-stm32.10.3-2021.10.macos64_1.0.200.202301161003/tools/bin/../lib/gcc/arm-none-eabi/10.3.1/../../../../arm-none-eabi/lib/thumb/v7e-m+fp/hard/libc_nano.a(lib_a-impure.o)
                              /Applications/STM32CubeIDE.app/Contents/Eclipse/plugins/com.st.stm32cube.ide.mcu.externaltools.gnu-tools-for-stm32.10.3-2021.10.macos64_1.0.200.202301161003/tools/bin/../lib/gcc/arm-none-eabi/10.3.1/../../../../arm-none-eabi/lib/thumb/v7e-m+fp/hard/libc_nano.a(lib_a-exit.o) (_global_impure_ptr)
/Applications/STM32CubeIDE.app/Contents/Eclipse/plugins/com.st.stm32cube.ide.mcu.externaltools.gnu-tools-for-stm32.10.3-2021.10.macos64_1.0.200.202301161003/tools/bin/../lib/gcc/arm-none-eabi/10.3.1/../../../../arm-none-eabi/lib/thumb/v7e-m+fp/hard/libc_nano.a(lib_a-init.o)
                              /Applications/STM32CubeIDE.app/Contents/Eclipse/plugins/com.st.stm32cube.ide.mcu.externaltools.gnu-tools-for-stm32.10.3-2021.10.macos64_1.0.200.202301161003/tools/bin/../lib/gcc/arm-none-eabi/10.3.1/../../../../arm-none-eabi/lib/thumb/v7e-m+fp/hard/crt0.o (__libc_init_array)
/Applications/STM32CubeIDE.app/Contents/Eclipse/plugins/com.st.stm32cube.ide.mcu.externaltools.gnu-tools-for-stm32.10.3-2021.10.macos64_1.0.200.202301161003/tools/bin/../lib/gcc/arm-none-eabi/10.3.1/../../../../arm-none-eabi/lib/thumb/v7e-m+fp/hard/libc_nano.a(lib_a-memset.o)
                              /Applications/STM32CubeIDE.app/Contents/Eclipse/plugins/com.st.stm32cube.ide.mcu.externaltools.gnu-tools-for-stm32.10.3-2021.10.macos64_1.0.200.202301161003/tools/bin/../lib/gcc/arm-none-eabi/10.3.1/../../../../arm-none-eabi/lib/thumb/v7e-m+fp/hard/crt0.o (memset)
/Applications/STM32CubeIDE.app/Contents/Eclipse/plugins/com.st.stm32cube.ide.mcu.externaltools.gnu-tools-for-stm32.10.3-2021.10.macos64_1.0.200.202301161003/tools/bin/../lib/gcc/arm-none-eabi/10.3.1/../../../../arm-none-eabi/lib/thumb/v7e-m+fp/hard/libc_nano.a(lib_a-sprintf.o)
                              ./Core/Src/main.o (sprintf)
/Applications/STM32CubeIDE.app/Contents/Eclipse/plugins/com.st.stm32cube.ide.mcu.externaltools.gnu-tools-for-stm32.10.3-2021.10.macos64_1.0.200.202301161003/tools/bin/../lib/gcc/arm-none-eabi/10.3.1/../../../../arm-none-eabi/lib/thumb/v7e-m+fp/hard/libc_nano.a(lib_a-nano-svfprintf.o)
                              /Applications/STM32CubeIDE.app/Contents/Eclipse/plugins/com.st.stm32cube.ide.mcu.externaltools.gnu-tools-for-stm32.10.3-2021.10.macos64_1.0.200.202301161003/tools/bin/../lib/gcc/arm-none-eabi/10.3.1/../../../../arm-none-eabi/lib/thumb/v7e-m+fp/hard/libc_nano.a(lib_a-sprintf.o) (_svfprintf_r)
/Applications/STM32CubeIDE.app/Contents/Eclipse/plugins/com.st.stm32cube.ide.mcu.externaltools.gnu-tools-for-stm32.10.3-2021.10.macos64_1.0.200.202301161003/tools/bin/../lib/gcc/arm-none-eabi/10.3.1/../../../../arm-none-eabi/lib/thumb/v7e-m+fp/hard/libc_nano.a(lib_a-nano-vfprintf_i.o)
                              /Applications/STM32CubeIDE.app/Contents/Eclipse/plugins/com.st.stm32cube.ide.mcu.externaltools.gnu-tools-for-stm32.10.3-2021.10.macos64_1.0.200.202301161003/tools/bin/../lib/gcc/arm-none-eabi/10.3.1/../../../../arm-none-eabi/lib/thumb/v7e-m+fp/hard/libc_nano.a(lib_a-nano-svfprintf.o) (_printf_i)
/Applications/STM32CubeIDE.app/Contents/Eclipse/plugins/com.st.stm32cube.ide.mcu.externaltools.gnu-tools-for-stm32.10.3-2021.10.macos64_1.0.200.202301161003/tools/bin/../lib/gcc/arm-none-eabi/10.3.1/../../../../arm-none-eabi/lib/thumb/v7e-m+fp/hard/libc_nano.a(lib_a-memchr.o)
                              /Applications/STM32CubeIDE.app/Contents/Eclipse/plugins/com.st.stm32cube.ide.mcu.externaltools.gnu-tools-for-stm32.10.3-2021.10.macos64_1.0.200.202301161003/tools/bin/../lib/gcc/arm-none-eabi/10.3.1/../../../../arm-none-eabi/lib/thumb/v7e-m+fp/hard/libc_nano.a(lib_a-nano-svfprintf.o) (memchr)
[...]
Memory Configuration

Name             Origin             Length             Attributes
CCMRAM           0x0000000010000000 0x0000000000002000 xrw
RAM              0x0000000020000000 0x000000000000a000 xrw
FLASH            0x0000000008000000 0x0000000000040000 xr
*default*        0x0000000000000000 0xffffffffffffffff

Linker script and memory map

LOAD /Applications/STM32CubeIDE.app/Contents/Eclipse/plugins/com.st.stm32cube.ide.mcu.externaltools.gnu-tools-for-stm32.10.3-2021.10.macos64_1.0.200.202301161003/tools/bin/../lib/gcc/arm-none-eabi/10.3.1/thumb/v7e-m+fp/hard/crti.o
LOAD /Applications/STM32CubeIDE.app/Contents/Eclipse/plugins/com.st.stm32cube.ide.mcu.externaltools.gnu-tools-for-stm32.10.3-2021.10.macos64_1.0.200.202301161003/tools/bin/../lib/gcc/arm-none-eabi/10.3.1/thumb/v7e-m+fp/hard/crtbegin.o
LOAD /Applications/STM32CubeIDE.app/Contents/Eclipse/plugins/com.st.stm32cube.ide.mcu.externaltools.gnu-tools-for-stm32.10.3-2021.10.macos64_1.0.200.202301161003/tools/bin/../lib/gcc/arm-none-eabi/10.3.1/../../../../arm-none-eabi/lib/thumb/v7e-m+fp/hard/crt0.o
LOAD ./Core/Src/main.o
LOAD ./Core/Src/ptu_i2c.o
LOAD ./Core/Src/serial.o
LOAD ./Core/Src/stm32f3xx_hal_msp.o
LOAD ./Core/Src/stm32f3xx_it.o
LOAD ./Core/Src/syscalls.o
LOAD ./Core/Src/sysmem.o
LOAD ./Core/Src/system_stm32f3xx.o
LOAD ./Core/Startup/startup_stm32f303vctx.o
LOAD ./Drivers/STM32F3xx_HAL_Driver/Src/stm32f3xx_hal.o
LOAD ./Drivers/STM32F3xx_HAL_Driver/Src/stm32f3xx_hal_cortex.o
LOAD ./Drivers/STM32F3xx_HAL_Driver/Src/stm32f3xx_hal_dma.o
LOAD ./Drivers/STM32F3xx_HAL_Driver/Src/stm32f3xx_hal_exti.o
LOAD ./Drivers/STM32F3xx_HAL_Driver/Src/stm32f3xx_hal_flash.o
LOAD ./Drivers/STM32F3xx_HAL_Driver/Src/stm32f3xx_hal_flash_ex.o
LOAD ./Drivers/STM32F3xx_HAL_Driver/Src/stm32f3xx_hal_gpio.o
LOAD ./Drivers/STM32F3xx_HAL_Driver/Src/stm32f3xx_hal_i2c.o
LOAD ./Drivers/STM32F3xx_HAL_Driver/Src/stm32f3xx_hal_i2c_ex.o
LOAD ./Drivers/STM32F3xx_HAL_Driver/Src/stm32f3xx_hal_pcd.o
LOAD ./Drivers/STM32F3xx_HAL_Driver/Src/stm32f3xx_hal_pcd_ex.o
LOAD ./Drivers/STM32F3xx_HAL_Driver/Src/stm32f3xx_hal_pwr.o
LOAD ./Drivers/STM32F3xx_HAL_Driver/Src/stm32f3xx_hal_pwr_ex.o
LOAD ./Drivers/STM32F3xx_HAL_Driver/Src/stm32f3xx_hal_rcc.o
LOAD ./Drivers/STM32F3xx_HAL_Driver/Src/stm32f3xx_hal_rcc_ex.o
LOAD ./Drivers/STM32F3xx_HAL_Driver/Src/stm32f3xx_hal_spi.o
LOAD ./Drivers/STM32F3xx_HAL_Driver/Src/stm32f3xx_hal_spi_ex.o
LOAD ./Drivers/STM32F3xx_HAL_Driver/Src/stm32f3xx_hal_tim.o
LOAD ./Drivers/STM32F3xx_HAL_Driver/Src/stm32f3xx_hal_tim_ex.o
LOAD ./Drivers/STM32F3xx_HAL_Driver/Src/stm32f3xx_ll_usb.o
START GROUP
LOAD /Applications/STM32CubeIDE.app/Contents/Eclipse/plugins/com.st.stm32cube.ide.mcu.externaltools.gnu-tools-for-stm32.10.3-2021.10.macos64_1.0.200.202301161003/tools/bin/../lib/gcc/arm-none-eabi/10.3.1/../../../../arm-none-eabi/lib/thumb/v7e-m+fp/hard/libc_nano.a
LOAD /Applications/STM32CubeIDE.app/Contents/Eclipse/plugins/com.st.stm32cube.ide.mcu.externaltools.gnu-tools-for-stm32.10.3-2021.10.macos64_1.0.200.202301161003/tools/bin/../lib/gcc/arm-none-eabi/10.3.1/../../../../arm-none-eabi/lib/thumb/v7e-m+fp/hard/libm.a
END GROUP
START GROUP
LOAD /Applications/STM32CubeIDE.app/Contents/Eclipse/plugins/com.st.stm32cube.ide.mcu.externaltools.gnu-tools-for-stm32.10.3-2021.10.macos64_1.0.200.202301161003/tools/bin/../lib/gcc/arm-none-eabi/10.3.1/thumb/v7e-m+fp/hard/libgcc.a
LOAD /Applications/STM32CubeIDE.app/Contents/Eclipse/plugins/com.st.stm32cube.ide.mcu.externaltools.gnu-tools-for-stm32.10.3-2021.10.macos64_1.0.200.202301161003/tools/bin/../lib/gcc/arm-none-eabi/10.3.1/../../../../arm-none-eabi/lib/thumb/v7e-m+fp/hard/libc_nano.a
END GROUP
START GROUP
LOAD /Applications/STM32CubeIDE.app/Contents/Eclipse/plugins/com.st.stm32cube.ide.mcu.externaltools.gnu-tools-for-stm32.10.3-2021.10.macos64_1.0.200.202301161003/tools/bin/../lib/gcc/arm-none-eabi/10.3.1/thumb/v7e-m+fp/hard/libgcc.a
LOAD /Applications/STM32CubeIDE.app/Contents/Eclipse/plugins/com.st.stm32cube.ide.mcu.externaltools.gnu-tools-for-stm32.10.3-2021.10.macos64_1.0.200.202301161003/tools/bin/../lib/gcc/arm-none-eabi/10.3.1/../../../../arm-none-eabi/lib/thumb/v7e-m+fp/hard/libc_nano.a
LOAD /Applications/STM32CubeIDE.app/Contents/Eclipse/plugins/com.st.stm32cube.ide.mcu.externaltools.gnu-tools-for-stm32.10.3-2021.10.macos64_1.0.200.202301161003/tools/bin/../lib/gcc/arm-none-eabi/10.3.1/../../../../arm-none-eabi/lib/thumb/v7e-m+fp/hard/libnosys.a
END GROUP
START GROUP
LOAD /Applications/STM32CubeIDE.app/Contents/Eclipse/plugins/com.st.stm32cube.ide.mcu.externaltools.gnu-tools-for-stm32.10.3-2021.10.macos64_1.0.200.202301161003/tools/bin/../lib/gcc/arm-none-eabi/10.3.1/thumb/v7e-m+fp/hard/libgcc.a
LOAD /Applications/STM32CubeIDE.app/Contents/Eclipse/plugins/com.st.stm32cube.ide.mcu.externaltools.gnu-tools-for-stm32.10.3-2021.10.macos64_1.0.200.202301161003/tools/bin/../lib/gcc/arm-none-eabi/10.3.1/../../../../arm-none-eabi/lib/thumb/v7e-m+fp/hard/libc_nano.a
LOAD /Applications/STM32CubeIDE.app/Contents/Eclipse/plugins/com.st.stm32cube.ide.mcu.externaltools.gnu-tools-for-stm32.10.3-2021.10.macos64_1.0.200.202301161003/tools/bin/../lib/gcc/arm-none-eabi/10.3.1/../../../../arm-none-eabi/lib/thumb/v7e-m+fp/hard/libnosys.a
END GROUP
LOAD /Applications/STM32CubeIDE.app/Contents/Eclipse/plugins/com.st.stm32cube.ide.mcu.externaltools.gnu-tools-for-stm32.10.3-2021.10.macos64_1.0.200.202301161003/tools/bin/../lib/gcc/arm-none-eabi/10.3.1/thumb/v7e-m+fp/hard/crtend.o
LOAD /Applications/STM32CubeIDE.app/Contents/Eclipse/plugins/com.st.stm32cube.ide.mcu.externaltools.gnu-tools-for-stm32.10.3-2021.10.macos64_1.0.200.202301161003/tools/bin/../lib/gcc/arm-none-eabi/10.3.1/thumb/v7e-m+fp/hard/crtn.o
                0x000000002000a000                _estack = (ORIGIN (RAM) + LENGTH (RAM))
                0x0000000000000200                _Min_Heap_Size = 0x200
                0x0000000000000400                _Min_Stack_Size = 0x400

.isr_vector     0x0000000008000000      0x188
                0x0000000008000000                . = ALIGN (0x4)
 *(.isr_vector)
 .isr_vector    0x0000000008000000      0x188 ./Core/Startup/startup_stm32f303vctx.o
                0x0000000008000000                g_pfnVectors
                0x0000000008000188                . = ALIGN (0x4)

.text           0x0000000008000190     0x8054
                0x0000000008000190                . = ALIGN (0x4)
 *(.text)
 .text          0x0000000008000190       0x40 /Applications/STM32CubeIDE.app/Contents/Eclipse/plugins/com.st.stm32cube.ide.mcu.externaltools.gnu-tools-for-stm32.10.3-2021.10.macos64_1.0.200.202301161003/tools/bin/../lib/gcc/arm-none-eabi/10.3.1/thumb/v7e-m+fp/hard/crtbegin.o
 .text          0x00000000080001d0       0xa0 /Applications/STM32CubeIDE.app/Contents/Eclipse/plugins/com.st.stm32cube.ide.mcu.externaltools.gnu-tools-for-stm32.10.3-2021.10.macos64_1.0.200.202301161003/tools/bin/../lib/gcc/arm-none-eabi/10.3.1/../../../../arm-none-eabi/lib/thumb/v7e-m+fp/hard/libc_nano.a(lib_a-memchr.o)
                0x00000000080001d0                memchr
 .text          0x0000000008000270      0x378 /Applications/STM32CubeIDE.app/Contents/Eclipse/plugins/com.st.stm32cube.ide.mcu.externaltools.gnu-tools-for-stm32.10.3-2021.10.macos64_1.0.200.202301161003/tools/bin/../lib/gcc/arm-none-eabi/10.3.1/thumb/v7e-m+fp/hard/libgcc.a(_arm_addsubdf3.o)
                0x0000000008000270                __aeabi_drsub
                0x0000000008000278                __subdf3
                0x0000000008000278                __aeabi_dsub
                0x000000000800027c                __aeabi_dadd
                0x000000000800027c                __adddf3
                0x00000000080004f4                __aeabi_ui2d
                0x00000000080004f4                __floatunsidf
                0x0000000008000514                __floatsidf
                0x0000000008000514                __aeabi_i2d
                0x0000000008000538                __extendsfdf2
                0x0000000008000538                __aeabi_f2d
                0x000000000800057c                __aeabi_ul2d
                0x000000000800057c                __floatundidf
                0x000000000800058c                __aeabi_l2d
                0x000000000800058c                __floatdidf
 .text          0x00000000080005e8      0x424 /Applications/STM32CubeIDE.app/Contents/Eclipse/plugins/com.st.stm32cube.ide.mcu.externaltools.gnu-tools-for-stm32.10.3-2021.10.macos64_1.0.200.202301161003/tools/bin/../lib/gcc/arm-none-eabi/10.3.1/thumb/v7e-m+fp/hard/libgcc.a(_arm_muldivdf3.o)
                0x00000000080005e8                __aeabi_dmul
                0x00000000080005e8                __muldf3
                0x000000000800083c                __aeabi_ddiv
                0x000000000800083c                __divdf3
 .text          0x0000000008000a0c      0x110 /Applications/STM32CubeIDE.app/Contents/Eclipse/plugins/com.st.stm32cube.ide.mcu.externaltools.gnu-tools-for-stm32.10.3-2021.10.macos64_1.0.200.202301161003/tools/bin/../lib/gcc/arm-none-eabi/10.3.1/thumb/v7e-m+fp/hard/libgcc.a(_arm_cmpdf2.o)
                0x0000000008000a0c                __gedf2
                0x0000000008000a0c                __gtdf2
                0x0000000008000a14                __ledf2
                0x0000000008000a14                __ltdf2
                0x0000000008000a1c                __cmpdf2
                0x0000000008000a1c                __eqdf2
                0x0000000008000a1c                __nedf2
                0x0000000008000a98                __aeabi_cdrcmple
                0x0000000008000aa8                __aeabi_cdcmple
                0x0000000008000aa8                __aeabi_cdcmpeq
                0x0000000008000ab8                __aeabi_dcmpeq
                0x0000000008000acc                __aeabi_dcmplt
                0x0000000008000ae0                __aeabi_dcmple
                0x0000000008000af4                __aeabi_dcmpge
                0x0000000008000b08                __aeabi_dcmpgt
 .text          0x0000000008000b1c       0x2c /Applications/STM32CubeIDE.app/Contents/Eclipse/plugins/com.st.stm32cube.ide.mcu.externaltools.gnu-tools-for-stm32.10.3-2021.10.macos64_1.0.200.202301161003/tools/bin/../lib/gcc/arm-none-eabi/10.3.1/thumb/v7e-m+fp/hard/libgcc.a(_arm_unorddf2.o)
                0x0000000008000b1c                __aeabi_dcmpun
                0x0000000008000b1c                __unorddf2
 .text          0x0000000008000b48       0x40 /Applications/STM32CubeIDE.app/Contents/Eclipse/plugins/com.st.stm32cube.ide.mcu.externaltools.gnu-tools-for-stm32.10.3-2021.10.macos64_1.0.200.202301161003/tools/bin/../lib/gcc/arm-none-eabi/10.3.1/thumb/v7e-m+fp/hard/libgcc.a(_arm_fixunsdfsi.o)
                0x0000000008000b48                __fixunsdfsi
                0x0000000008000b48                __aeabi_d2uiz
 *(.text*)
 .text.enable_clocks
                0x0000000008000b88       0x20 ./Core/Src/main.o
                0x0000000008000b88                enable_clocks
 .text.initialise_board
                0x0000000008000ba8       0x24 ./Core/Src/main.o
                0x0000000008000ba8                initialise_board
 .text.HAL_TIM_IC_CaptureCallback
                0x0000000008000bcc       0x80 ./Core/Src/main.o
                0x0000000008000bcc                HAL_TIM_IC_CaptureCallback
 .text.movement
                0x0000000008000c4c       0xa4 ./Core/Src/main.o
                0x0000000008000c4c                movement
 .text.HAL_TIM_OC_DelayElapsedCallback
                0x0000000008000cf0       0x34 ./Core/Src/main.o
                0x0000000008000cf0                HAL_TIM_OC_DelayElapsedCallback
 *fill*         0x0000000008000d24        0x4 
 .text.main     0x0000000008000d28      0x40c ./Core/Src/main.o
                0x0000000008000d28                main
 .text.SystemClock_Config
                0x0000000008001134       0xc8 ./Core/Src/main.o
                0x0000000008001134                SystemClock_Config
 .text.MX_I2C1_Init
                0x00000000080011fc       0x80 ./Core/Src/main.o
 .text.MX_SPI1_Init
                0x000000000800127c       0x7c ./Core/Src/main.o
 .text.MX_TIM1_Init
                0x00000000080012f8       0xec ./Core/Src/main.o
 .text.MX_TIM2_Init
                0x00000000080013e4       0xcc ./Core/Src/main.o
 .text.MX_TIM3_Init
                0x00000000080014b0       0xf0 ./Core/Src/main.o
 .text.MX_USB_PCD_Init
                0x00000000080015a0       0x44 ./Core/Src/main.o
 .text.MX_GPIO_Init
                0x00000000080015e4       0xfc ./Core/Src/main.o
 .text.Error_Handler
                0x00000000080016e0        0xa ./Core/Src/main.o
                0x00000000080016e0                Error_Handler
 .text.initialise_ptu_i2c
                0x00000000080016ea       0x98 ./Core/Src/ptu_i2c.o
                0x00000000080016ea                initialise_ptu_i2c
 *fill*         0x0000000008001782        0x2 
 .text.SerialInitialise
                0x0000000008001784       0xe8 ./Core/Src/serial.o
                0x0000000008001784                SerialInitialise
 .text.SerialOutputChar
                0x000000000800186c       0x32 ./Core/Src/serial.o
                0x000000000800186c                SerialOutputChar
 .text.SerialOutputString
                0x000000000800189e       0x48 ./Core/Src/serial.o
                0x000000000800189e                SerialOutputString
 *fill*         0x00000000080018e6        0x2 
 .text.HAL_MspInit
                0x00000000080018e8       0x48 ./Core/Src/stm32f3xx_hal_msp.o
                0x00000000080018e8                HAL_MspInit
 .text.HAL_I2C_MspInit
                0x0000000008001930       0x88 ./Core/Src/stm32f3xx_hal_msp.o
                0x0000000008001930                HAL_I2C_MspInit
 .text.HAL_SPI_MspInit
                0x00000000080019b8       0x84 ./Core/Src/stm32f3xx_hal_msp.o
                0x00000000080019b8                HAL_SPI_MspInit
 .text.HAL_TIM_Base_MspInit
                0x0000000008001a3c       0xc0 ./Core/Src/stm32f3xx_hal_msp.o
                0x0000000008001a3c                HAL_TIM_Base_MspInit
 .text.HAL_TIM_PWM_MspInit
                0x0000000008001afc       0x48 ./Core/Src/stm32f3xx_hal_msp.o
                0x0000000008001afc                HAL_TIM_PWM_MspInit
 .text.HAL_TIM_MspPostInit
                0x0000000008001b44       0xb8 ./Core/Src/stm32f3xx_hal_msp.o
                0x0000000008001b44                HAL_TIM_MspPostInit
 .text.HAL_PCD_MspInit
                0x0000000008001bfc       0x88 ./Core/Src/stm32f3xx_hal_msp.o
                0x0000000008001bfc                HAL_PCD_MspInit
 .text.NMI_Handler
                0x0000000008001c84        0x6 ./Core/Src/stm32f3xx_it.o
                0x0000000008001c84                NMI_Handler
 .text.HardFault_Handler
                0x0000000008001c8a        0x6 ./Core/Src/stm32f3xx_it.o
                0x0000000008001c8a                HardFault_Handler
 .text.MemManage_Handler
                0x0000000008001c90        0x6 ./Core/Src/stm32f3xx_it.o
                0x0000000008001c90                MemManage_Handler
 .text.BusFault_Handler
                0x0000000008001c96        0x6 ./Core/Src/stm32f3xx_it.o
                0x0000000008001c96                BusFault_Handler
 .text.UsageFault_Handler
                0x0000000008001c9c        0x6 ./Core/Src/stm32f3xx_it.o
                0x0000000008001c9c                UsageFault_Handler
 .text.SVC_Handler
                0x0000000008001ca2        0xe ./Core/Src/stm32f3xx_it.o
                0x0000000008001ca2                SVC_Handler
 .text.DebugMon_Handler
                0x0000000008001cb0        0xe ./Core/Src/stm32f3xx_it.o
                0x0000000008001cb0                DebugMon_Handler
 .text.PendSV_Handler
                0x0000000008001cbe        0xe ./Core/Src/stm32f3xx_it.o
                0x0000000008001cbe                PendSV_Handler
 .text.SysTick_Handler
                0x0000000008001ccc        0xc ./Core/Src/stm32f3xx_it.o
                0x0000000008001ccc                SysTick_Handler
 .text.TIM1_CC_IRQHandler
                0x0000000008001cd8       0x14 ./Core/Src/stm32f3xx_it.o
                0x0000000008001cd8                TIM1_CC_IRQHandler
 .text.TIM2_IRQHandler
                0x0000000008001cec       0x14 ./Core/Src/stm32f3xx_it.o
                0x0000000008001cec                TIM2_IRQHandler
 .text._sbrk    0x0000000008001d00       0x6c ./Core/Src/sysmem.o
                0x0000000008001d00                _sbrk
 .text.SystemInit
                0x0000000008001d6c       0x24 ./Core/Src/system_stm32f3xx.o
                0x0000000008001d6c                SystemInit
 .text.Reset_Handler
                0x0000000008001d90       0x50 ./Core/Startup/startup_stm32f303vctx.o
                0x0000000008001d90                Reset_Handler
 .text.Default_Handler
                0x0000000008001de0        0x2 ./Core/Startup/startup_stm32f303vctx.o
                0x0000000008001de0                TIM1_BRK_TIM15_IRQHandler
                0x0000000008001de0                TIM8_TRG_COM_IRQHandler
                0x0000000008001de0                TIM8_CC_IRQHandler
                0x0000000008001de0                USB_HP_IRQHandler
                0x0000000008001de0                PVD_IRQHandler
                0x0000000008001de0                TAMP_STAMP_IRQHandler
                0x0000000008001de0                EXTI3_IRQHandler
                0x0000000008001de0                USB_HP_CAN_TX_IRQHandler
                0x0000000008001de0                EXTI0_IRQHandler
                0x0000000008001de0                I2C2_EV_IRQHandler
                0x0000000008001de0                FPU_IRQHandler
                0x0000000008001de0                TIM1_UP_TIM16_IRQHandler
                0x0000000008001de0                ADC1_2_IRQHandler
                0x0000000008001de0                SPI1_IRQHandler
                0x0000000008001de0                CAN_SCE_IRQHandler
                0x0000000008001de0                TIM6_DAC_IRQHandler
                0x0000000008001de0                TIM8_UP_IRQHandler
                0x0000000008001de0                DMA2_Channel2_IRQHandler
                0x0000000008001de0                DMA1_Channel4_IRQHandler
                0x0000000008001de0                USART3_IRQHandler
                0x0000000008001de0                DMA1_Channel7_IRQHandler
                0x0000000008001de0                UART5_IRQHandler
                0x0000000008001de0                ADC3_IRQHandler
                0x0000000008001de0                TIM4_IRQHandler
                0x0000000008001de0                CAN_RX1_IRQHandler
                0x0000000008001de0                DMA2_Channel1_IRQHandler
                0x0000000008001de0                I2C1_EV_IRQHandler
                0x0000000008001de0                DMA1_Channel6_IRQHandler
                0x0000000008001de0                UART4_IRQHandler
                0x0000000008001de0                DMA2_Channel4_IRQHandler
                0x0000000008001de0                TIM3_IRQHandler
                0x0000000008001de0                RCC_IRQHandler
                0x0000000008001de0                DMA1_Channel1_IRQHandler
                0x0000000008001de0                Default_Handler
                0x0000000008001de0                USBWakeUp_RMP_IRQHandler
                0x0000000008001de0                EXTI15_10_IRQHandler
                0x0000000008001de0                TIM7_IRQHandler
                0x0000000008001de0                EXTI9_5_IRQHandler
                0x0000000008001de0                RTC_WKUP_IRQHandler
                0x0000000008001de0                SPI2_IRQHandler
                0x0000000008001de0                USB_LP_CAN_RX0_IRQHandler
                0x0000000008001de0                DMA2_Channel5_IRQHandler
                0x0000000008001de0                DMA1_Channel5_IRQHandler
                0x0000000008001de0                USB_LP_IRQHandler
                0x0000000008001de0                EXTI4_IRQHandler
                0x0000000008001de0                TIM1_TRG_COM_TIM17_IRQHandler
                0x0000000008001de0                DMA1_Channel3_IRQHandler
                0x0000000008001de0                ADC4_IRQHandler
                0x0000000008001de0                WWDG_IRQHandler
                0x0000000008001de0                COMP7_IRQHandler
                0x0000000008001de0                COMP1_2_3_IRQHandler
                0x0000000008001de0                EXTI1_IRQHandler
                0x0000000008001de0                USART2_IRQHandler
                0x0000000008001de0                COMP4_5_6_IRQHandler
                0x0000000008001de0                I2C2_ER_IRQHandler
                0x0000000008001de0                DMA1_Channel2_IRQHandler
                0x0000000008001de0                TIM8_BRK_IRQHandler
                0x0000000008001de0                FLASH_IRQHandler
                0x0000000008001de0                USART1_IRQHandler
                0x0000000008001de0                SPI3_IRQHandler
                0x0000000008001de0                I2C1_ER_IRQHandler
                0x0000000008001de0                USBWakeUp_IRQHandler
                0x0000000008001de0                DMA2_Channel3_IRQHandler
                0x0000000008001de0                EXTI2_TSC_IRQHandler
                0x0000000008001de0                RTC_Alarm_IRQHandler
 *fill*         0x0000000008001de2        0x2 
 .text.HAL_Init
                0x0000000008001de4       0x2c ./Drivers/STM32F3xx_HAL_Driver/Src/stm32f3xx_hal.o
                0x0000000008001de4                HAL_Init
 .text.HAL_InitTick
                0x0000000008001e10       0x60 ./Drivers/STM32F3xx_HAL_Driver/Src/stm32f3xx_hal.o
                0x0000000008001e10                HAL_InitTick
 .text.HAL_IncTick
                0x0000000008001e70       0x28 ./Drivers/STM32F3xx_HAL_Driver/Src/stm32f3xx_hal.o
                0x0000000008001e70                HAL_IncTick
 .text.HAL_GetTick
                0x0000000008001e98       0x18 ./Drivers/STM32F3xx_HAL_Driver/Src/stm32f3xx_hal.o
                0x0000000008001e98                HAL_GetTick
 .text.HAL_Delay
                0x0000000008001eb0       0x48 ./Drivers/STM32F3xx_HAL_Driver/Src/stm32f3xx_hal.o
                0x0000000008001eb0                HAL_Delay
 .text.__NVIC_SetPriorityGrouping
                0x0000000008001ef8       0x48 ./Drivers/STM32F3xx_HAL_Driver/Src/stm32f3xx_hal_cortex.o
 .text.__NVIC_GetPriorityGrouping
                0x0000000008001f40       0x1c ./Drivers/STM32F3xx_HAL_Driver/Src/stm32f3xx_hal_cortex.o
 .text.__NVIC_EnableIRQ
                0x0000000008001f5c       0x3c ./Drivers/STM32F3xx_HAL_Driver/Src/stm32f3xx_hal_cortex.o
 .text.__NVIC_SetPriority
                0x0000000008001f98       0x54 ./Drivers/STM32F3xx_HAL_Driver/Src/stm32f3xx_hal_cortex.o
 .text.NVIC_EncodePriority
                0x0000000008001fec       0x66 ./Drivers/STM32F3xx_HAL_Driver/Src/stm32f3xx_hal_cortex.o
 *fill*         0x0000000008002052        0x2 
 .text.SysTick_Config
                0x0000000008002054       0x44 ./Drivers/STM32F3xx_HAL_Driver/Src/stm32f3xx_hal_cortex.o
 .text.HAL_NVIC_SetPriorityGrouping
                0x0000000008002098       0x16 ./Drivers/STM32F3xx_HAL_Driver/Src/stm32f3xx_hal_cortex.o
                0x0000000008002098                HAL_NVIC_SetPriorityGrouping
 .text.HAL_NVIC_SetPriority
                0x00000000080020ae       0x38 ./Drivers/STM32F3xx_HAL_Driver/Src/stm32f3xx_hal_cortex.o
                0x00000000080020ae                HAL_NVIC_SetPriority
 .text.HAL_NVIC_EnableIRQ
                0x00000000080020e6       0x1c ./Drivers/STM32F3xx_HAL_Driver/Src/stm32f3xx_hal_cortex.o
                0x00000000080020e6                HAL_NVIC_EnableIRQ
 .text.HAL_SYSTICK_Config
                0x0000000008002102       0x18 ./Drivers/STM32F3xx_HAL_Driver/Src/stm32f3xx_hal_cortex.o
                0x0000000008002102                HAL_SYSTICK_Config
 *fill*         0x000000000800211a        0x2 
 .text.HAL_GPIO_Init
                0x000000000800211c      0x2f4 ./Drivers/STM32F3xx_HAL_Driver/Src/stm32f3xx_hal_gpio.o
                0x000000000800211c                HAL_GPIO_Init
 .text.HAL_GPIO_ReadPin
                0x0000000008002410       0x30 ./Drivers/STM32F3xx_HAL_Driver/Src/stm32f3xx_hal_gpio.o
                0x0000000008002410                HAL_GPIO_ReadPin
 .text.HAL_GPIO_WritePin
                0x0000000008002440       0x30 ./Drivers/STM32F3xx_HAL_Driver/Src/stm32f3xx_hal_gpio.o
                0x0000000008002440                HAL_GPIO_WritePin
 .text.HAL_I2C_Init
                0x0000000008002470      0x11e ./Drivers/STM32F3xx_HAL_Driver/Src/stm32f3xx_hal_i2c.o
                0x0000000008002470                HAL_I2C_Init
 *fill*         0x000000000800258e        0x2 
 .text.HAL_I2C_Mem_Write
                0x0000000008002590      0x228 ./Drivers/STM32F3xx_HAL_Driver/Src/stm32f3xx_hal_i2c.o
                0x0000000008002590                HAL_I2C_Mem_Write
 .text.HAL_I2C_Mem_Read
                0x00000000080027b8      0x234 ./Drivers/STM32F3xx_HAL_Driver/Src/stm32f3xx_hal_i2c.o
                0x00000000080027b8                HAL_I2C_Mem_Read
 .text.I2C_RequestMemoryWrite
                0x00000000080029ec       0xa8 ./Drivers/STM32F3xx_HAL_Driver/Src/stm32f3xx_hal_i2c.o
 .text.I2C_RequestMemoryRead
                0x0000000008002a94       0xa8 ./Drivers/STM32F3xx_HAL_Driver/Src/stm32f3xx_hal_i2c.o
 .text.I2C_Flush_TXDR
                0x0000000008002b3c       0x48 ./Drivers/STM32F3xx_HAL_Driver/Src/stm32f3xx_hal_i2c.o
 .text.I2C_WaitOnFlagUntilTimeout
                0x0000000008002b84       0x9e ./Drivers/STM32F3xx_HAL_Driver/Src/stm32f3xx_hal_i2c.o
 .text.I2C_WaitOnTXISFlagUntilTimeout
                0x0000000008002c22       0x8e ./Drivers/STM32F3xx_HAL_Driver/Src/stm32f3xx_hal_i2c.o
 .text.I2C_WaitOnSTOPFlagUntilTimeout
                0x0000000008002cb0       0x86 ./Drivers/STM32F3xx_HAL_Driver/Src/stm32f3xx_hal_i2c.o
 *fill*         0x0000000008002d36        0x2 
 .text.I2C_IsErrorOccurred
                0x0000000008002d38      0x1c0 ./Drivers/STM32F3xx_HAL_Driver/Src/stm32f3xx_hal_i2c.o
 .text.I2C_TransferConfig
                0x0000000008002ef8       0x64 ./Drivers/STM32F3xx_HAL_Driver/Src/stm32f3xx_hal_i2c.o
 .text.HAL_I2CEx_ConfigAnalogFilter
                0x0000000008002f5c       0x96 ./Drivers/STM32F3xx_HAL_Driver/Src/stm32f3xx_hal_i2c_ex.o
                0x0000000008002f5c                HAL_I2CEx_ConfigAnalogFilter
 .text.HAL_I2CEx_ConfigDigitalFilter
                0x0000000008002ff2       0x98 ./Drivers/STM32F3xx_HAL_Driver/Src/stm32f3xx_hal_i2c_ex.o
                0x0000000008002ff2                HAL_I2CEx_ConfigDigitalFilter
 .text.HAL_PCD_Init
                0x000000000800308a      0x1a4 ./Drivers/STM32F3xx_HAL_Driver/Src/stm32f3xx_hal_pcd.o
                0x000000000800308a                HAL_PCD_Init
 *fill*         0x000000000800322e        0x2 
 .text.HAL_RCC_OscConfig
                0x0000000008003230     0x107c ./Drivers/STM32F3xx_HAL_Driver/Src/stm32f3xx_hal_rcc.o
                0x0000000008003230                HAL_RCC_OscConfig
 .text.HAL_RCC_ClockConfig
                0x00000000080042ac      0x2f8 ./Drivers/STM32F3xx_HAL_Driver/Src/stm32f3xx_hal_rcc.o
                0x00000000080042ac                HAL_RCC_ClockConfig
 .text.HAL_RCC_GetSysClockFreq
                0x00000000080045a4       0xd4 ./Drivers/STM32F3xx_HAL_Driver/Src/stm32f3xx_hal_rcc.o
                0x00000000080045a4                HAL_RCC_GetSysClockFreq
 .text.HAL_RCCEx_PeriphCLKConfig
                0x0000000008004678      0x360 ./Drivers/STM32F3xx_HAL_Driver/Src/stm32f3xx_hal_rcc_ex.o
                0x0000000008004678                HAL_RCCEx_PeriphCLKConfig
 .text.HAL_SPI_Init
                0x00000000080049d8      0x156 ./Drivers/STM32F3xx_HAL_Driver/Src/stm32f3xx_hal_spi.o
                0x00000000080049d8                HAL_SPI_Init
 .text.HAL_TIM_Base_Init
                0x0000000008004b2e       0xae ./Drivers/STM32F3xx_HAL_Driver/Src/stm32f3xx_hal_tim.o
                0x0000000008004b2e                HAL_TIM_Base_Init
 .text.HAL_TIM_OC_Init
                0x0000000008004bdc       0xae ./Drivers/STM32F3xx_HAL_Driver/Src/stm32f3xx_hal_tim.o
                0x0000000008004bdc                HAL_TIM_OC_Init
 .text.HAL_TIM_OC_MspInit
                0x0000000008004c8a       0x14 ./Drivers/STM32F3xx_HAL_Driver/Src/stm32f3xx_hal_tim.o
                0x0000000008004c8a                HAL_TIM_OC_MspInit
 *fill*         0x0000000008004c9e        0x2 
 .text.HAL_TIM_OC_Start_IT
                0x0000000008004ca0      0x298 ./Drivers/STM32F3xx_HAL_Driver/Src/stm32f3xx_hal_tim.o
                0x0000000008004ca0                HAL_TIM_OC_Start_IT
 .text.HAL_TIM_PWM_Init
                0x0000000008004f38       0xae ./Drivers/STM32F3xx_HAL_Driver/Src/stm32f3xx_hal_tim.o
                0x0000000008004f38                HAL_TIM_PWM_Init
 *fill*         0x0000000008004fe6        0x2 
 .text.HAL_TIM_PWM_Start
                0x0000000008004fe8      0x200 ./Drivers/STM32F3xx_HAL_Driver/Src/stm32f3xx_hal_tim.o
                0x0000000008004fe8                HAL_TIM_PWM_Start
 .text.HAL_TIM_IC_Init
                0x00000000080051e8       0xae ./Drivers/STM32F3xx_HAL_Driver/Src/stm32f3xx_hal_tim.o
                0x00000000080051e8                HAL_TIM_IC_Init
 .text.HAL_TIM_IC_MspInit
                0x0000000008005296       0x14 ./Drivers/STM32F3xx_HAL_Driver/Src/stm32f3xx_hal_tim.o
                0x0000000008005296                HAL_TIM_IC_MspInit
 *fill*         0x00000000080052aa        0x2 
 .text.HAL_TIM_IC_Start_IT
                0x00000000080052ac      0x284 ./Drivers/STM32F3xx_HAL_Driver/Src/stm32f3xx_hal_tim.o
                0x00000000080052ac                HAL_TIM_IC_Start_IT
 .text.HAL_TIM_IRQHandler
                0x0000000008005530      0x23e ./Drivers/STM32F3xx_HAL_Driver/Src/stm32f3xx_hal_tim.o
                0x0000000008005530                HAL_TIM_IRQHandler
 *fill*         0x000000000800576e        0x2 
 .text.HAL_TIM_OC_ConfigChannel
                0x0000000008005770       0xf4 ./Drivers/STM32F3xx_HAL_Driver/Src/stm32f3xx_hal_tim.o
                0x0000000008005770                HAL_TIM_OC_ConfigChannel
 .text.HAL_TIM_IC_ConfigChannel
                0x0000000008005864      0x138 ./Drivers/STM32F3xx_HAL_Driver/Src/stm32f3xx_hal_tim.o
                0x0000000008005864                HAL_TIM_IC_ConfigChannel
 .text.HAL_TIM_PWM_ConfigChannel
                0x000000000800599c      0x228 ./Drivers/STM32F3xx_HAL_Driver/Src/stm32f3xx_hal_tim.o
                0x000000000800599c                HAL_TIM_PWM_ConfigChannel
 .text.HAL_TIM_ConfigClockSource
                0x0000000008005bc4      0x192 ./Drivers/STM32F3xx_HAL_Driver/Src/stm32f3xx_hal_tim.o
                0x0000000008005bc4                HAL_TIM_ConfigClockSource
 *fill*         0x0000000008005d56        0x2 
 .text.HAL_TIM_ReadCapturedValue
                0x0000000008005d58       0x88 ./Drivers/STM32F3xx_HAL_Driver/Src/stm32f3xx_hal_tim.o
                0x0000000008005d58                HAL_TIM_ReadCapturedValue
 .text.HAL_TIM_PeriodElapsedCallback
                0x0000000008005de0       0x14 ./Drivers/STM32F3xx_HAL_Driver/Src/stm32f3xx_hal_tim.o
                0x0000000008005de0                HAL_TIM_PeriodElapsedCallback
 .text.HAL_TIM_PWM_PulseFinishedCallback
                0x0000000008005df4       0x14 ./Drivers/STM32F3xx_HAL_Driver/Src/stm32f3xx_hal_tim.o
                0x0000000008005df4                HAL_TIM_PWM_PulseFinishedCallback
 .text.HAL_TIM_TriggerCallback
                0x0000000008005e08       0x14 ./Drivers/STM32F3xx_HAL_Driver/Src/stm32f3xx_hal_tim.o
                0x0000000008005e08                HAL_TIM_TriggerCallback
 .text.TIM_Base_SetConfig
                0x0000000008005e1c      0x120 ./Drivers/STM32F3xx_HAL_Driver/Src/stm32f3xx_hal_tim.o
                0x0000000008005e1c                TIM_Base_SetConfig
 .text.TIM_OC1_SetConfig
                0x0000000008005f3c      0x120 ./Drivers/STM32F3xx_HAL_Driver/Src/stm32f3xx_hal_tim.o
 .text.TIM_OC2_SetConfig
                0x000000000800605c      0x114 ./Drivers/STM32F3xx_HAL_Driver/Src/stm32f3xx_hal_tim.o
                0x000000000800605c                TIM_OC2_SetConfig
 .text.TIM_OC3_SetConfig
                0x0000000008006170      0x110 ./Drivers/STM32F3xx_HAL_Driver/Src/stm32f3xx_hal_tim.o
 .text.TIM_OC4_SetConfig
                0x0000000008006280       0xd4 ./Drivers/STM32F3xx_HAL_Driver/Src/stm32f3xx_hal_tim.o
 .text.TIM_OC5_SetConfig
                0x0000000008006354       0xc8 ./Drivers/STM32F3xx_HAL_Driver/Src/stm32f3xx_hal_tim.o
 .text.TIM_OC6_SetConfig
                0x000000000800641c       0xcc ./Drivers/STM32F3xx_HAL_Driver/Src/stm32f3xx_hal_tim.o
 .text.TIM_TI1_SetConfig
                0x00000000080064e8       0xd0 ./Drivers/STM32F3xx_HAL_Driver/Src/stm32f3xx_hal_tim.o
                0x00000000080064e8                TIM_TI1_SetConfig
 .text.TIM_TI1_ConfigInputStage
                0x00000000080065b8       0x5e ./Drivers/STM32F3xx_HAL_Driver/Src/stm32f3xx_hal_tim.o
 .text.TIM_TI2_SetConfig
                0x0000000008006616       0x7a ./Drivers/STM32F3xx_HAL_Driver/Src/stm32f3xx_hal_tim.o
 .text.TIM_TI2_ConfigInputStage
                0x0000000008006690       0x60 ./Drivers/STM32F3xx_HAL_Driver/Src/stm32f3xx_hal_tim.o
 .text.TIM_TI3_SetConfig
                0x00000000080066f0       0x78 ./Drivers/STM32F3xx_HAL_Driver/Src/stm32f3xx_hal_tim.o
 .text.TIM_TI4_SetConfig
                0x0000000008006768       0x7a ./Drivers/STM32F3xx_HAL_Driver/Src/stm32f3xx_hal_tim.o
 .text.TIM_ITRx_SetConfig
                0x00000000080067e2       0x36 ./Drivers/STM32F3xx_HAL_Driver/Src/stm32f3xx_hal_tim.o
 .text.TIM_ETR_SetConfig
                0x0000000008006818       0x40 ./Drivers/STM32F3xx_HAL_Driver/Src/stm32f3xx_hal_tim.o
                0x0000000008006818                TIM_ETR_SetConfig
 .text.TIM_CCxChannelCmd
                0x0000000008006858       0x4a ./Drivers/STM32F3xx_HAL_Driver/Src/stm32f3xx_hal_tim.o
                0x0000000008006858                TIM_CCxChannelCmd
 *fill*         0x00000000080068a2        0x2 
 .text.HAL_TIMEx_MasterConfigSynchronization
                0x00000000080068a4      0x100 ./Drivers/STM32F3xx_HAL_Driver/Src/stm32f3xx_hal_tim_ex.o
                0x00000000080068a4                HAL_TIMEx_MasterConfigSynchronization
 .text.HAL_TIMEx_CommutCallback
                0x00000000080069a4       0x14 ./Drivers/STM32F3xx_HAL_Driver/Src/stm32f3xx_hal_tim_ex.o
                0x00000000080069a4                HAL_TIMEx_CommutCallback
 .text.HAL_TIMEx_BreakCallback
                0x00000000080069b8       0x14 ./Drivers/STM32F3xx_HAL_Driver/Src/stm32f3xx_hal_tim_ex.o
                0x00000000080069b8                HAL_TIMEx_BreakCallback
 .text.HAL_TIMEx_Break2Callback
                0x00000000080069cc       0x14 ./Drivers/STM32F3xx_HAL_Driver/Src/stm32f3xx_hal_tim_ex.o
                0x00000000080069cc                HAL_TIMEx_Break2Callback
 .text.USB_DisableGlobalInt
                0x00000000080069e0       0x36 ./Drivers/STM32F3xx_HAL_Driver/Src/stm32f3xx_ll_usb.o
                0x00000000080069e0                USB_DisableGlobalInt
 .text.USB_DevInit
                0x0000000008006a16       0x42 ./Drivers/STM32F3xx_HAL_Driver/Src/stm32f3xx_ll_usb.o
                0x0000000008006a16                USB_DevInit
 .text.__errno  0x0000000008006a58        0xc /Applications/STM32CubeIDE.app/Contents/Eclipse/plugins/com.st.stm32cube.ide.mcu.externaltools.gnu-tools-for-stm32.10.3-2021.10.macos64_1.0.200.202301161003/tools/bin/../lib/gcc/arm-none-eabi/10.3.1/../../../../arm-none-eabi/lib/thumb/v7e-m+fp/hard/libc_nano.a(lib_a-errno.o)
                0x0000000008006a58                __errno
 .text.__libc_init_array
                0x0000000008006a64       0x48 /Applications/STM32CubeIDE.app/Contents/Eclipse/plugins/com.st.stm32cube.ide.mcu.externaltools.gnu-tools-for-stm32.10.3-2021.10.macos64_1.0.200.202301161003/tools/bin/../lib/gcc/arm-none-eabi/10.3.1/../../../../arm-none-eabi/lib/thumb/v7e-m+fp/hard/libc_nano.a(lib_a-init.o)
                0x0000000008006a64                __libc_init_array
 .text.memset   0x0000000008006aac       0x10 /Applications/STM32CubeIDE.app/Contents/Eclipse/plugins/com.st.stm32cube.ide.mcu.externaltools.gnu-tools-for-stm32.10.3-2021.10.macos64_1.0.200.202301161003/tools/bin/../lib/gcc/arm-none-eabi/10.3.1/../../../../arm-none-eabi/lib/thumb/v7e-m+fp/hard/libc_nano.a(lib_a-memset.o)
                0x0000000008006aac                memset
 .text.sprintf  0x0000000008006abc       0x40 /Applications/STM32CubeIDE.app/Contents/Eclipse/plugins/com.st.stm32cube.ide.mcu.externaltools.gnu-tools-for-stm32.10.3-2021.10.macos64_1.0.200.202301161003/tools/bin/../lib/gcc/arm-none-eabi/10.3.1/../../../../arm-none-eabi/lib/thumb/v7e-m+fp/hard/libc_nano.a(lib_a-sprintf.o)
                0x0000000008006abc                sprintf
                0x0000000008006abc                siprintf
 .text.__ssputs_r
                0x0000000008006afc       0xb6 /Applications/STM32CubeIDE.app/Contents/Eclipse/plugins/com.st.stm32cube.ide.mcu.externaltools.gnu-tools-for-stm32.10.3-2021.10.macos64_1.0.200.202301161003/tools/bin/../lib/gcc/arm-none-eabi/10.3.1/../../../../arm-none-eabi/lib/thumb/v7e-m+fp/hard/libc_nano.a(lib_a-nano-svfprintf.o)
                0x0000000008006afc                __ssputs_r
 *fill*         0x0000000008006bb2        0x2 
 .text._svfprintf_r
                0x0000000008006bb4      0x200 /Applications/STM32CubeIDE.app/Contents/Eclipse/plugins/com.st.stm32cube.ide.mcu.externaltools.gnu-tools-for-stm32.10.3-2021.10.macos64_1.0.200.202301161003/tools/bin/../lib/gcc/arm-none-eabi/10.3.1/../../../../arm-none-eabi/lib/thumb/v7e-m+fp/hard/libc_nano.a(lib_a-nano-svfprintf.o)
                0x0000000008006bb4                _svfprintf_r
                0x0000000008006bb4                _svfiprintf_r
 .text._printf_common
                0x0000000008006db4       0xda /Applications/STM32CubeIDE.app/Contents/Eclipse/plugins/com.st.stm32cube.ide.mcu.externaltools.gnu-tools-for-stm32.10.3-2021.10.macos64_1.0.200.202301161003/tools/bin/../lib/gcc/arm-none-eabi/10.3.1/../../../../arm-none-eabi/lib/thumb/v7e-m+fp/hard/libc_nano.a(lib_a-nano-vfprintf_i.o)
                0x0000000008006db4                _printf_common
 *fill*         0x0000000008006e8e        0x2 
 .text._printf_i
                0x0000000008006e90      0x24c /Applications/STM32CubeIDE.app/Contents/Eclipse/plugins/com.st.stm32cube.ide.mcu.externaltools.gnu-tools-for-stm32.10.3-2021.10.macos64_1.0.200.202301161003/tools/bin/../lib/gcc/arm-none-eabi/10.3.1/../../../../arm-none-eabi/lib/thumb/v7e-m+fp/hard/libc_nano.a(lib_a-nano-vfprintf_i.o)
                0x0000000008006e90                _printf_i
 .text.memcpy   0x00000000080070dc       0x1c /Applications/STM32CubeIDE.app/Contents/Eclipse/plugins/com.st.stm32cube.ide.mcu.externaltools.gnu-tools-for-stm32.10.3-2021.10.macos64_1.0.200.202301161003/tools/bin/../lib/gcc/arm-none-eabi/10.3.1/../../../../arm-none-eabi/lib/thumb/v7e-m+fp/hard/libc_nano.a(lib_a-memcpy-stub.o)
                0x00000000080070dc                memcpy
 .text.memmove  0x00000000080070f8       0x34 /Applications/STM32CubeIDE.app/Contents/Eclipse/plugins/com.st.stm32cube.ide.mcu.externaltools.gnu-tools-for-stm32.10.3-2021.10.macos64_1.0.200.202301161003/tools/bin/../lib/gcc/arm-none-eabi/10.3.1/../../../../arm-none-eabi/lib/thumb/v7e-m+fp/hard/libc_nano.a(lib_a-memmove.o)
                0x00000000080070f8                memmove
 .text._free_r  0x000000000800712c       0x98 /Applications/STM32CubeIDE.app/Contents/Eclipse/plugins/com.st.stm32cube.ide.mcu.externaltools.gnu-tools-for-stm32.10.3-2021.10.macos64_1.0.200.202301161003/tools/bin/../lib/gcc/arm-none-eabi/10.3.1/../../../../arm-none-eabi/lib/thumb/v7e-m+fp/hard/libc_nano.a(lib_a-nano-freer.o)
                0x000000000800712c                _free_r
 .text.sbrk_aligned
                0x00000000080071c4       0x40 /Applications/STM32CubeIDE.app/Contents/Eclipse/plugins/com.st.stm32cube.ide.mcu.externaltools.gnu-tools-for-stm32.10.3-2021.10.macos64_1.0.200.202301161003/tools/bin/../lib/gcc/arm-none-eabi/10.3.1/../../../../arm-none-eabi/lib/thumb/v7e-m+fp/hard/libc_nano.a(lib_a-nano-mallocr.o)
 .text._malloc_r
                0x0000000008007204       0xe8 /Applications/STM32CubeIDE.app/Contents/Eclipse/plugins/com.st.stm32cube.ide.mcu.externaltools.gnu-tools-for-stm32.10.3-2021.10.macos64_1.0.200.202301161003/tools/bin/../lib/gcc/arm-none-eabi/10.3.1/../../../../arm-none-eabi/lib/thumb/v7e-m+fp/hard/libc_nano.a(lib_a-nano-mallocr.o)
                0x0000000008007204                _malloc_r
 .text._realloc_r
                0x00000000080072ec       0x5e /Applications/STM32CubeIDE.app/Contents/Eclipse/plugins/com.st.stm32cube.ide.mcu.externaltools.gnu-tools-for-stm32.10.3-2021.10.macos64_1.0.200.202301161003/tools/bin/../lib/gcc/arm-none-eabi/10.3.1/../../../../arm-none-eabi/lib/thumb/v7e-m+fp/hard/libc_nano.a(lib_a-nano-reallocr.o)
                0x00000000080072ec                _realloc_r
 *fill*         0x000000000800734a        0x2 
 .text._sbrk_r  0x000000000800734c       0x20 /Applications/STM32CubeIDE.app/Contents/Eclipse/plugins/com.st.stm32cube.ide.mcu.externaltools.gnu-tools-for-stm32.10.3-2021.10.macos64_1.0.200.202301161003/tools/bin/../lib/gcc/arm-none-eabi/10.3.1/../../../../arm-none-eabi/lib/thumb/v7e-m+fp/hard/libc_nano.a(lib_a-sbrkr.o)
                0x000000000800734c                _sbrk_r
 .text.__malloc_lock
                0x000000000800736c        0xc /Applications/STM32CubeIDE.app/Contents/Eclipse/plugins/com.st.stm32cube.ide.mcu.externaltools.gnu-tools-for-stm32.10.3-2021.10.macos64_1.0.200.202301161003/tools/bin/../lib/gcc/arm-none-eabi/10.3.1/../../../../arm-none-eabi/lib/thumb/v7e-m+fp/hard/libc_nano.a(lib_a-mlock.o)
                0x000000000800736c                __malloc_lock
 .text.__malloc_unlock
                0x0000000008007378        0xc /Applications/STM32CubeIDE.app/Contents/Eclipse/plugins/com.st.stm32cube.ide.mcu.externaltools.gnu-tools-for-stm32.10.3-2021.10.macos64_1.0.200.202301161003/tools/bin/../lib/gcc/arm-none-eabi/10.3.1/../../../../arm-none-eabi/lib/thumb/v7e-m+fp/hard/libc_nano.a(lib_a-mlock.o)
                0x0000000008007378                __malloc_unlock
 .text._malloc_usable_size_r
                0x0000000008007384       0x10 /Applications/STM32CubeIDE.app/Contents/Eclipse/plugins/com.st.stm32cube.ide.mcu.externaltools.gnu-tools-for-stm32.10.3-2021.10.macos64_1.0.200.202301161003/tools/bin/../lib/gcc/arm-none-eabi/10.3.1/../../../../arm-none-eabi/lib/thumb/v7e-m+fp/hard/libc_nano.a(lib_a-nano-msizer.o)
                0x0000000008007384                _malloc_usable_size_r
 .text.__retarget_lock_acquire_recursive
                0x0000000008007394        0x2 /Applications/STM32CubeIDE.app/Contents/Eclipse/plugins/com.st.stm32cube.ide.mcu.externaltools.gnu-tools-for-stm32.10.3-2021.10.macos64_1.0.200.202301161003/tools/bin/../lib/gcc/arm-none-eabi/10.3.1/../../../../arm-none-eabi/lib/thumb/v7e-m+fp/hard/libc_nano.a(lib_a-lock.o)
                0x0000000008007394                __retarget_lock_acquire_recursive
 .text.__retarget_lock_release_recursive
                0x0000000008007396        0x2 /Applications/STM32CubeIDE.app/Contents/Eclipse/plugins/com.st.stm32cube.ide.mcu.externaltools.gnu-tools-for-stm32.10.3-2021.10.macos64_1.0.200.202301161003/tools/bin/../lib/gcc/arm-none-eabi/10.3.1/../../../../arm-none-eabi/lib/thumb/v7e-m+fp/hard/libc_nano.a(lib_a-lock.o)
                0x0000000008007396                __retarget_lock_release_recursive
 .text.pow      0x0000000008007398       0xe0 /Applications/STM32CubeIDE.app/Contents/Eclipse/plugins/com.st.stm32cube.ide.mcu.externaltools.gnu-tools-for-stm32.10.3-2021.10.macos64_1.0.200.202301161003/tools/bin/../lib/gcc/arm-none-eabi/10.3.1/../../../../arm-none-eabi/lib/thumb/v7e-m+fp/hard/libm.a(lib_a-w_pow.o)
                0x0000000008007398                pow
 .text.__ieee754_pow
                0x0000000008007478      0xa5c /Applications/STM32CubeIDE.app/Contents/Eclipse/plugins/com.st.stm32cube.ide.mcu.externaltools.gnu-tools-for-stm32.10.3-2021.10.macos64_1.0.200.202301161003/tools/bin/../lib/gcc/arm-none-eabi/10.3.1/../../../../arm-none-eabi/lib/thumb/v7e-m+fp/hard/libm.a(lib_a-e_pow.o)
                0x0000000008007478                __ieee754_pow
 .text.__ieee754_sqrt
                0x0000000008007ed4      0x164 /Applications/STM32CubeIDE.app/Contents/Eclipse/plugins/com.st.stm32cube.ide.mcu.externaltools.gnu-tools-for-stm32.10.3-2021.10.macos64_1.0.200.202301161003/tools/bin/../lib/gcc/arm-none-eabi/10.3.1/../../../../arm-none-eabi/lib/thumb/v7e-m+fp/hard/libm.a(lib_a-e_sqrt.o)
                0x0000000008007ed4                __ieee754_sqrt
 .text.with_errno
                0x0000000008008038       0x14 /Applications/STM32CubeIDE.app/Contents/Eclipse/plugins/com.st.stm32cube.ide.mcu.externaltools.gnu-tools-for-stm32.10.3-2021.10.macos64_1.0.200.202301161003/tools/bin/../lib/gcc/arm-none-eabi/10.3.1/../../../../arm-none-eabi/lib/thumb/v7e-m+fp/hard/libm.a(lib_a-math_err.o)
 .text.xflow    0x000000000800804c       0x28 /Applications/STM32CubeIDE.app/Contents/Eclipse/plugins/com.st.stm32cube.ide.mcu.externaltools.gnu-tools-for-stm32.10.3-2021.10.macos64_1.0.200.202301161003/tools/bin/../lib/gcc/arm-none-eabi/10.3.1/../../../../arm-none-eabi/lib/thumb/v7e-m+fp/hard/libm.a(lib_a-math_err.o)
 .text.__math_uflow
                0x0000000008008074       0x12 /Applications/STM32CubeIDE.app/Contents/Eclipse/plugins/com.st.stm32cube.ide.mcu.externaltools.gnu-tools-for-stm32.10.3-2021.10.macos64_1.0.200.202301161003/tools/bin/../lib/gcc/arm-none-eabi/10.3.1/../../../../arm-none-eabi/lib/thumb/v7e-m+fp/hard/libm.a(lib_a-math_err.o)
                0x0000000008008074                __math_uflow
 .text.__math_oflow
                0x0000000008008086       0x12 /Applications/STM32CubeIDE.app/Contents/Eclipse/plugins/com.st.stm32cube.ide.mcu.externaltools.gnu-tools-for-stm32.10.3-2021.10.macos64_1.0.200.202301161003/tools/bin/../lib/gcc/arm-none-eabi/10.3.1/../../../../arm-none-eabi/lib/thumb/v7e-m+fp/hard/libm.a(lib_a-math_err.o)
                0x0000000008008086                __math_oflow
 .text.fabs     0x0000000008008098       0x12 /Applications/STM32CubeIDE.app/Contents/Eclipse/plugins/com.st.stm32cube.ide.mcu.externaltools.gnu-tools-for-stm32.10.3-2021.10.macos64_1.0.200.202301161003/tools/bin/../lib/gcc/arm-none-eabi/10.3.1/../../../../arm-none-eabi/lib/thumb/v7e-m+fp/hard/libm.a(lib_a-s_fabs.o)
                0x0000000008008098                fabs
 .text.finite   0x00000000080080aa       0x16 /Applications/STM32CubeIDE.app/Contents/Eclipse/plugins/com.st.stm32cube.ide.mcu.externaltools.gnu-tools-for-stm32.10.3-2021.10.macos64_1.0.200.202301161003/tools/bin/../lib/gcc/arm-none-eabi/10.3.1/../../../../arm-none-eabi/lib/thumb/v7e-m+fp/hard/libm.a(lib_a-s_finite.o)
                0x00000000080080aa                finite
 .text.scalbn   0x00000000080080c0      0x10c /Applications/STM32CubeIDE.app/Contents/Eclipse/plugins/com.st.stm32cube.ide.mcu.externaltools.gnu-tools-for-stm32.10.3-2021.10.macos64_1.0.200.202301161003/tools/bin/../lib/gcc/arm-none-eabi/10.3.1/../../../../arm-none-eabi/lib/thumb/v7e-m+fp/hard/libm.a(lib_a-s_scalbn.o)
                0x00000000080080c0                scalbn
 *(.glue_7)
 .glue_7        0x00000000080081cc        0x0 linker stubs
 *(.glue_7t)
 .glue_7t       0x00000000080081cc        0x0 linker stubs
 *(.eh_frame)
 .eh_frame      0x00000000080081cc        0x0 /Applications/STM32CubeIDE.app/Contents/Eclipse/plugins/com.st.stm32cube.ide.mcu.externaltools.gnu-tools-for-stm32.10.3-2021.10.macos64_1.0.200.202301161003/tools/bin/../lib/gcc/arm-none-eabi/10.3.1/thumb/v7e-m+fp/hard/crtbegin.o
 *(.init)
 .init          0x00000000080081cc        0x4 /Applications/STM32CubeIDE.app/Contents/Eclipse/plugins/com.st.stm32cube.ide.mcu.externaltools.gnu-tools-for-stm32.10.3-2021.10.macos64_1.0.200.202301161003/tools/bin/../lib/gcc/arm-none-eabi/10.3.1/thumb/v7e-m+fp/hard/crti.o
                0x00000000080081cc                _init
 .init          0x00000000080081d0        0x8 /Applications/STM32CubeIDE.app/Contents/Eclipse/plugins/com.st.stm32cube.ide.mcu.externaltools.gnu-tools-for-stm32.10.3-2021.10.macos64_1.0.200.202301161003/tools/bin/../lib/gcc/arm-none-eabi/10.3.1/thumb/v7e-m+fp/hard/crtn.o
 *(.fini)
 .fini          0x00000000080081d8        0x4 /Applications/STM32CubeIDE.app/Contents/Eclipse/plugins/com.st.stm32cube.ide.mcu.externaltools.gnu-tools-for-stm32.10.3-2021.10.macos64_1.0.200.202301161003/tools/bin/../lib/gcc/arm-none-eabi/10.3.1/thumb/v7e-m+fp/hard/crti.o
                0x00000000080081d8                _fini
 .fini          0x00000000080081dc        0x8 /Applications/STM32CubeIDE.app/Contents/Eclipse/plugins/com.st.stm32cube.ide.mcu.externaltools.gnu-tools-for-stm32.10.3-2021.10.macos64_1.0.200.202301161003/tools/bin/../lib/gcc/arm-none-eabi/10.3.1/thumb/v7e-m+fp/hard/crtn.o
                0x00000000080081e4                . = ALIGN (0x4)
                0x00000000080081e4                _etext = .

.vfp11_veneer   0x00000000080081e4        0x0
 .vfp11_veneer  0x00000000080081e4        0x0 linker stubs

.v4_bx          0x00000000080081e4        0x0
 .v4_bx         0x00000000080081e4        0x0 linker stubs

.iplt           0x00000000080081e4        0x0
 .iplt          0x00000000080081e4        0x0 /Applications/STM32CubeIDE.app/Contents/Eclipse/plugins/com.st.stm32cube.ide.mcu.externaltools.gnu-tools-for-stm32.10.3-2021.10.macos64_1.0.200.202301161003/tools/bin/../lib/gcc/arm-none-eabi/10.3.1/thumb/v7e-m+fp/hard/crtbegin.o

.rodata         0x00000000080081e8      0x118
                0x00000000080081e8                . = ALIGN (0x4)
 *(.rodata)
 .rodata        0x00000000080081e8       0x84 ./Core/Src/main.o
 *(.rodata*)
 .rodata.AHBPrescTable
                0x000000000800826c       0x10 ./Core/Src/system_stm32f3xx.o
                0x000000000800826c                AHBPrescTable
 .rodata.aPLLMULFactorTable
                0x000000000800827c       0x10 ./Drivers/STM32F3xx_HAL_Driver/Src/stm32f3xx_hal_rcc.o
 .rodata.aPredivFactorTable
                0x000000000800828c       0x10 ./Drivers/STM32F3xx_HAL_Driver/Src/stm32f3xx_hal_rcc.o
 .rodata._svfprintf_r.str1.1
                0x000000000800829c       0x11 /Applications/STM32CubeIDE.app/Contents/Eclipse/plugins/com.st.stm32cube.ide.mcu.externaltools.gnu-tools-for-stm32.10.3-2021.10.macos64_1.0.200.202301161003/tools/bin/../lib/gcc/arm-none-eabi/10.3.1/../../../../arm-none-eabi/lib/thumb/v7e-m+fp/hard/libc_nano.a(lib_a-nano-svfprintf.o)
 .rodata._printf_i.str1.1
                0x00000000080082ad       0x22 /Applications/STM32CubeIDE.app/Contents/Eclipse/plugins/com.st.stm32cube.ide.mcu.externaltools.gnu-tools-for-stm32.10.3-2021.10.macos64_1.0.200.202301161003/tools/bin/../lib/gcc/arm-none-eabi/10.3.1/../../../../arm-none-eabi/lib/thumb/v7e-m+fp/hard/libc_nano.a(lib_a-nano-vfprintf_i.o)
 *fill*         0x00000000080082cf        0x1 
 .rodata.bp     0x00000000080082d0       0x10 /Applications/STM32CubeIDE.app/Contents/Eclipse/plugins/com.st.stm32cube.ide.mcu.externaltools.gnu-tools-for-stm32.10.3-2021.10.macos64_1.0.200.202301161003/tools/bin/../lib/gcc/arm-none-eabi/10.3.1/../../../../arm-none-eabi/lib/thumb/v7e-m+fp/hard/libm.a(lib_a-e_pow.o)
 .rodata.dp_h   0x00000000080082e0       0x10 /Applications/STM32CubeIDE.app/Contents/Eclipse/plugins/com.st.stm32cube.ide.mcu.externaltools.gnu-tools-for-stm32.10.3-2021.10.macos64_1.0.200.202301161003/tools/bin/../lib/gcc/arm-none-eabi/10.3.1/../../../../arm-none-eabi/lib/thumb/v7e-m+fp/hard/libm.a(lib_a-e_pow.o)
 .rodata.dp_l   0x00000000080082f0       0x10 /Applications/STM32CubeIDE.app/Contents/Eclipse/plugins/com.st.stm32cube.ide.mcu.externaltools.gnu-tools-for-stm32.10.3-2021.10.macos64_1.0.200.202301161003/tools/bin/../lib/gcc/arm-none-eabi/10.3.1/../../../../arm-none-eabi/lib/thumb/v7e-m+fp/hard/libm.a(lib_a-e_pow.o)
                0x0000000008008300                . = ALIGN (0x4)

.rel.dyn        0x0000000008008300        0x0
 .rel.iplt      0x0000000008008300        0x0 /Applications/STM32CubeIDE.app/Contents/Eclipse/plugins/com.st.stm32cube.ide.mcu.externaltools.gnu-tools-for-stm32.10.3-2021.10.macos64_1.0.200.202301161003/tools/bin/../lib/gcc/arm-none-eabi/10.3.1/thumb/v7e-m+fp/hard/crtbegin.o

.ARM.extab      0x0000000008008300        0x0
                0x0000000008008300                . = ALIGN (0x4)
 *(.ARM.extab* .gnu.linkonce.armextab.*)
                0x0000000008008300                . = ALIGN (0x4)

.ARM            0x0000000008008300        0x0
                0x0000000008008300                . = ALIGN (0x4)
                0x0000000008008300                __exidx_start = .
 *(.ARM.exidx*)
                0x0000000008008300                __exidx_end = .
                0x0000000008008300                . = ALIGN (0x4)

.preinit_array  0x0000000008008300        0x0
                0x0000000008008300                . = ALIGN (0x4)
                0x0000000008008300                PROVIDE (__preinit_array_start = .)
 *(.preinit_array*)
                0x0000000008008300                PROVIDE (__preinit_array_end = .)
                0x0000000008008300                . = ALIGN (0x4)

.init_array     0x0000000008008300        0x4
                0x0000000008008300                . = ALIGN (0x4)
                0x0000000008008300                PROVIDE (__init_array_start = .)
 *(SORT_BY_NAME(.init_array.*))
 *(.init_array*)
 .init_array    0x0000000008008300        0x4 /Applications/STM32CubeIDE.app/Contents/Eclipse/plugins/com.st.stm32cube.ide.mcu.externaltools.gnu-tools-for-stm32.10.3-2021.10.macos64_1.0.200.202301161003/tools/bin/../lib/gcc/arm-none-eabi/10.3.1/thumb/v7e-m+fp/hard/crtbegin.o
                0x0000000008008304                PROVIDE (__init_array_end = .)
                0x0000000008008304                . = ALIGN (0x4)

.fini_array     0x0000000008008304        0x4
                0x0000000008008304                . = ALIGN (0x4)
                [!provide]                        PROVIDE (__fini_array_start = .)
 *(SORT_BY_NAME(.fini_array.*))
 *(.fini_array*)
 .fini_array    0x0000000008008304        0x4 /Applications/STM32CubeIDE.app/Contents/Eclipse/plugins/com.st.stm32cube.ide.mcu.externaltools.gnu-tools-for-stm32.10.3-2021.10.macos64_1.0.200.202301161003/tools/bin/../lib/gcc/arm-none-eabi/10.3.1/thumb/v7e-m+fp/hard/crtbegin.o
                [!provide]                        PROVIDE (__fini_array_end = .)
                0x0000000008008308                . = ALIGN (0x4)
                0x0000000008008308                _sidata = LOADADDR (.data)

.data           0x0000000020000000       0xa8 load address 0x0000000008008308
                0x0000000020000000                . = ALIGN (0x4)
                0x0000000020000000                _sdata = .
 *(.data)
 *(.data*)
 .data.USART1_PORT
                0x0000000020000000       0x38 ./Core/Src/serial.o
                0x0000000020000000                USART1_PORT
 .data.SystemCoreClock
                0x0000000020000038        0x4 ./Core/Src/system_stm32f3xx.o
                0x0000000020000038                SystemCoreClock
 .data.uwTickPrio
                0x000000002000003c        0x4 ./Drivers/STM32F3xx_HAL_Driver/Src/stm32f3xx_hal.o
                0x000000002000003c                uwTickPrio
 .data.uwTickFreq
                0x0000000020000040        0x1 ./Drivers/STM32F3xx_HAL_Driver/Src/stm32f3xx_hal.o
                0x0000000020000040                uwTickFreq
 *fill*         0x0000000020000041        0x3 
 .data._impure_ptr
                0x0000000020000044        0x4 /Applications/STM32CubeIDE.app/Contents/Eclipse/plugins/com.st.stm32cube.ide.mcu.externaltools.gnu-tools-for-stm32.10.3-2021.10.macos64_1.0.200.202301161003/tools/bin/../lib/gcc/arm-none-eabi/10.3.1/../../../../arm-none-eabi/lib/thumb/v7e-m+fp/hard/libc_nano.a(lib_a-impure.o)
                0x0000000020000044                _impure_ptr
 .data.impure_data
                0x0000000020000048       0x60 /Applications/STM32CubeIDE.app/Contents/Eclipse/plugins/com.st.stm32cube.ide.mcu.externaltools.gnu-tools-for-stm32.10.3-2021.10.macos64_1.0.200.202301161003/tools/bin/../lib/gcc/arm-none-eabi/10.3.1/../../../../arm-none-eabi/lib/thumb/v7e-m+fp/hard/libc_nano.a(lib_a-impure.o)
 *(.RamFunc)
 *(.RamFunc*)
                0x00000000200000a8                . = ALIGN (0x4)
                0x00000000200000a8                _edata = .
                0x00000000080083b0                _siccmram = LOADADDR (.ccmram)

.igot.plt       0x00000000200000a8        0x0 load address 0x00000000080083b0
 .igot.plt      0x00000000200000a8        0x0 /Applications/STM32CubeIDE.app/Contents/Eclipse/plugins/com.st.stm32cube.ide.mcu.externaltools.gnu-tools-for-stm32.10.3-2021.10.macos64_1.0.200.202301161003/tools/bin/../lib/gcc/arm-none-eabi/10.3.1/thumb/v7e-m+fp/hard/crtbegin.o

.ccmram         0x0000000010000000        0x0 load address 0x00000000080083b0
                0x0000000010000000                . = ALIGN (0x4)
                0x0000000010000000                _sccmram = .
 *(.ccmram)
 *(.ccmram*)
                0x0000000010000000                . = ALIGN (0x4)
                0x0000000010000000                _eccmram = .
                0x0000000010000000                . = ALIGN (0x4)

.bss            0x00000000200000a8      0x4d0
                0x00000000200000a8                _sbss = .
                0x00000000200000a8                __bss_start__ = _sbss
 *(.bss)
 .bss           0x00000000200000a8       0x1c /Applications/STM32CubeIDE.app/Contents/Eclipse/plugins/com.st.stm32cube.ide.mcu.externaltools.gnu-tools-for-stm32.10.3-2021.10.macos64_1.0.200.202301161003/tools/bin/../lib/gcc/arm-none-eabi/10.3.1/thumb/v7e-m+fp/hard/crtbegin.o
 *(.bss*)
 .bss.hi2c1     0x00000000200000c4       0x54 ./Core/Src/main.o
                0x00000000200000c4                hi2c1
 .bss.hspi1     0x0000000020000118       0x64 ./Core/Src/main.o
                0x0000000020000118                hspi1
 .bss.htim1     0x000000002000017c       0x4c ./Core/Src/main.o
                0x000000002000017c                htim1
 .bss.htim2     0x00000000200001c8       0x4c ./Core/Src/main.o
                0x00000000200001c8                htim2
 .bss.htim3     0x0000000020000214       0x4c ./Core/Src/main.o
                0x0000000020000214                htim3
 .bss.hpcd_USB_FS
                0x0000000020000260      0x2ec ./Core/Src/main.o
                0x0000000020000260                hpcd_USB_FS
 .bss.last_capture
                0x000000002000054c        0x2 ./Core/Src/main.o
                0x000000002000054c                last_capture
 .bss.diff      0x000000002000054e        0x2 ./Core/Src/main.o
                0x000000002000054e                diff
 .bss.rise_time
                0x0000000020000550        0x2 ./Core/Src/main.o
                0x0000000020000550                rise_time
 .bss.last_period
                0x0000000020000552        0x2 ./Core/Src/main.o
                0x0000000020000552                last_period
 .bss.v         0x0000000020000554        0x8 ./Core/Src/main.o
                0x0000000020000554                v
 .bss.delayComplete
                0x000000002000055c        0x1 ./Core/Src/main.o
                0x000000002000055c                delayComplete
 *fill*         0x000000002000055d        0x3 
 .bss.__sbrk_heap_end
                0x0000000020000560        0x4 ./Core/Src/sysmem.o
 .bss.uwTick    0x0000000020000564        0x4 ./Drivers/STM32F3xx_HAL_Driver/Src/stm32f3xx_hal.o
                0x0000000020000564                uwTick
 .bss.__malloc_free_list
                0x0000000020000568        0x4 /Applications/STM32CubeIDE.app/Contents/Eclipse/plugins/com.st.stm32cube.ide.mcu.externaltools.gnu-tools-for-stm32.10.3-2021.10.macos64_1.0.200.202301161003/tools/bin/../lib/gcc/arm-none-eabi/10.3.1/../../../../arm-none-eabi/lib/thumb/v7e-m+fp/hard/libc_nano.a(lib_a-nano-mallocr.o)
                0x0000000020000568                __malloc_free_list
 .bss.__malloc_sbrk_start
                0x000000002000056c        0x4 /Applications/STM32CubeIDE.app/Contents/Eclipse/plugins/com.st.stm32cube.ide.mcu.externaltools.gnu-tools-for-stm32.10.3-2021.10.macos64_1.0.200.202301161003/tools/bin/../lib/gcc/arm-none-eabi/10.3.1/../../../../arm-none-eabi/lib/thumb/v7e-m+fp/hard/libc_nano.a(lib_a-nano-mallocr.o)
                0x000000002000056c                __malloc_sbrk_start
 .bss.errno     0x0000000020000570        0x4 /Applications/STM32CubeIDE.app/Contents/Eclipse/plugins/com.st.stm32cube.ide.mcu.externaltools.gnu-tools-for-stm32.10.3-2021.10.macos64_1.0.200.202301161003/tools/bin/../lib/gcc/arm-none-eabi/10.3.1/../../../../arm-none-eabi/lib/thumb/v7e-m+fp/hard/libc_nano.a(lib_a-reent.o)
                0x0000000020000570                errno
 .bss.__lock___malloc_recursive_mutex
                0x0000000020000574        0x1 /Applications/STM32CubeIDE.app/Contents/Eclipse/plugins/com.st.stm32cube.ide.mcu.externaltools.gnu-tools-for-stm32.10.3-2021.10.macos64_1.0.200.202301161003/tools/bin/../lib/gcc/arm-none-eabi/10.3.1/../../../../arm-none-eabi/lib/thumb/v7e-m+fp/hard/libc_nano.a(lib_a-lock.o)
                0x0000000020000574                __lock___malloc_recursive_mutex
 *(COMMON)
                0x0000000020000578                . = ALIGN (0x4)
 *fill*         0x0000000020000575        0x3 
                0x0000000020000578                _ebss = .
                0x0000000020000578                __bss_end__ = _ebss

._user_heap_stack
                0x0000000020000578      0x600
                0x0000000020000578                . = ALIGN (0x8)
                [!provide]                        PROVIDE (end = .)
                0x0000000020000578                PROVIDE (_end = .)
                0x0000000020000778                . = (. + _Min_Heap_Size)
 *fill*         0x0000000020000578      0x200 
                0x0000000020000b78                . = (. + _Min_Stack_Size)
 *fill*         0x0000000020000778      0x400 
                0x0000000020000b78                . = ALIGN (0x8)

/DISCARD/
 libc.a(*)
 libm.a(*)
 libgcc.a(*)

.ARM.attributes
                0x0000000000000000       0x30
 *(.ARM.attributes)
 .ARM.attributes
                0x0000000000000000       0x1e /Applications/STM32CubeIDE.app/Contents/Eclipse/plugins/com.st.stm32cube.ide.mcu.externaltools.gnu-tools-for-stm32.10.3-2021.10.macos64_1.0.200.202301161003/tools/bin/../lib/gcc/arm-none-eabi/10.3.1/thumb/v7e-m+fp/hard/crti.o
 .ARM.attributes
                0x000000000000001e       0x34 /Applications/STM32CubeIDE.app/Contents/Eclipse/plugins/com.st.stm32cube.ide.mcu.externaltools.gnu-tools-for-stm32.10.3-2021.10.macos64_1.0.200.202301161003/tools/bin/../lib/gcc/arm-none-eabi/10.3.1/thumb/v7e-m+fp/hard/crtbegin.o
 .ARM.attributes
                0x0000000000000052       0x34 ./Core/Src/main.o
 .ARM.attributes
                0x0000000000000086       0x34 ./Core/Src/ptu_i2c.o
 .ARM.attributes
                0x00000000000000ba       0x34 ./Core/Src/serial.o
 .ARM.attributes
                0x00000000000000ee       0x34 ./Core/Src/stm32f3xx_hal_msp.o
 .ARM.attributes
                0x0000000000000122       0x34 ./Core/Src/stm32f3xx_it.o
 .ARM.attributes
                0x0000000000000156       0x34 ./Core/Src/sysmem.o
 .ARM.attributes
                0x000000000000018a       0x34 ./Core/Src/system_stm32f3xx.o
 .ARM.attributes
                0x00000000000001be       0x21 ./Core/Startup/startup_stm32f303vctx.o
 .ARM.attributes
                0x00000000000001df       0x34 ./Drivers/STM32F3xx_HAL_Driver/Src/stm32f3xx_hal.o
 .ARM.attributes
                0x0000000000000213       0x34 ./Drivers/STM32F3xx_HAL_Driver/Src/stm32f3xx_hal_cortex.o
 .ARM.attributes
                0x0000000000000247       0x34 ./Drivers/STM32F3xx_HAL_Driver/Src/stm32f3xx_hal_gpio.o
 .ARM.attributes
                0x000000000000027b       0x34 ./Drivers/STM32F3xx_HAL_Driver/Src/stm32f3xx_hal_i2c.o
 .ARM.attributes
                0x00000000000002af       0x34 ./Drivers/STM32F3xx_HAL_Driver/Src/stm32f3xx_hal_i2c_ex.o
 .ARM.attributes
                0x00000000000002e3       0x34 ./Drivers/STM32F3xx_HAL_Driver/Src/stm32f3xx_hal_pcd.o
 .ARM.attributes
                0x0000000000000317       0x34 ./Drivers/STM32F3xx_HAL_Driver/Src/stm32f3xx_hal_rcc.o
 .ARM.attributes
                0x000000000000034b       0x34 ./Drivers/STM32F3xx_HAL_Driver/Src/stm32f3xx_hal_rcc_ex.o
 .ARM.attributes
                0x000000000000037f       0x34 ./Drivers/STM32F3xx_HAL_Driver/Src/stm32f3xx_hal_spi.o
 .ARM.attributes
                0x00000000000003b3       0x34 ./Drivers/STM32F3xx_HAL_Driver/Src/stm32f3xx_hal_tim.o
 .ARM.attributes
                0x00000000000003e7       0x34 ./Drivers/STM32F3xx_HAL_Driver/Src/stm32f3xx_hal_tim_ex.o
 .ARM.attributes
                0x000000000000041b       0x34 ./Drivers/STM32F3xx_HAL_Driver/Src/stm32f3xx_ll_usb.o
 .ARM.attributes
                0x000000000000044f       0x34 /Applications/STM32CubeIDE.app/Contents/Eclipse/plugins/com.st.stm32cube.ide.mcu.externaltools.gnu-tools-for-stm32.10.3-2021.10.macos64_1.0.200.202301161003/tools/bin/../lib/gcc/arm-none-eabi/10.3.1/../../../../arm-none-eabi/lib/thumb/v7e-m+fp/hard/libc_nano.a(lib_a-errno.o)
 .ARM.attributes
                0x0000000000000483       0x34 /Applications/STM32CubeIDE.app/Contents/Eclipse/plugins/com.st.stm32cube.ide.mcu.externaltools.gnu-tools-for-stm32.10.3-2021.10.macos64_1.0.200.202301161003/tools/bin/../lib/gcc/arm-none-eabi/10.3.1/../../../../arm-none-eabi/lib/thumb/v7e-m+fp/hard/libc_nano.a(lib_a-impure.o)
 .ARM.attributes
                0x00000000000004b7       0x34 /Applications/STM32CubeIDE.app/Contents/Eclipse/plugins/com.st.stm32cube.ide.mcu.externaltools.gnu-tools-for-stm32.10.3-2021.10.macos64_1.0.200.202301161003/tools/bin/../lib/gcc/arm-none-eabi/10.3.1/../../../../arm-none-eabi/lib/thumb/v7e-m+fp/hard/libc_nano.a(lib_a-init.o)
 .ARM.attributes
                0x00000000000004eb       0x34 /Applications/STM32CubeIDE.app/Contents/Eclipse/plugins/com.st.stm32cube.ide.mcu.externaltools.gnu-tools-for-stm32.10.3-2021.10.macos64_1.0.200.202301161003/tools/bin/../lib/gcc/arm-none-eabi/10.3.1/../../../../arm-none-eabi/lib/thumb/v7e-m+fp/hard/libc_nano.a(lib_a-memset.o)
 .ARM.attributes
                0x000000000000051f       0x34 /Applications/STM32CubeIDE.app/Contents/Eclipse/plugins/com.st.stm32cube.ide.mcu.externaltools.gnu-tools-for-stm32.10.3-2021.10.macos64_1.0.200.202301161003/tools/bin/../lib/gcc/arm-none-eabi/10.3.1/../../../../arm-none-eabi/lib/thumb/v7e-m+fp/hard/libc_nano.a(lib_a-sprintf.o)
 .ARM.attributes
                0x0000000000000553       0x34 /Applications/STM32CubeIDE.app/Contents/Eclipse/plugins/com.st.stm32cube.ide.mcu.externaltools.gnu-tools-for-stm32.10.3-2021.10.macos64_1.0.200.202301161003/tools/bin/../lib/gcc/arm-none-eabi/10.3.1/../../../../arm-none-eabi/lib/thumb/v7e-m+fp/hard/libc_nano.a(lib_a-nano-svfprintf.o)
 .ARM.attributes
                0x0000000000000587       0x34 /Applications/STM32CubeIDE.app/Contents/Eclipse/plugins/com.st.stm32cube.ide.mcu.externaltools.gnu-tools-for-stm32.10.3-2021.10.macos64_1.0.200.202301161003/tools/bin/../lib/gcc/arm-none-eabi/10.3.1/../../../../arm-none-eabi/lib/thumb/v7e-m+fp/hard/libc_nano.a(lib_a-nano-vfprintf_i.o)
 .ARM.attributes
                0x00000000000005bb       0x1c /Applications/STM32CubeIDE.app/Contents/Eclipse/plugins/com.st.stm32cube.ide.mcu.externaltools.gnu-tools-for-stm32.10.3-2021.10.macos64_1.0.200.202301161003/tools/bin/../lib/gcc/arm-none-eabi/10.3.1/../../../../arm-none-eabi/lib/thumb/v7e-m+fp/hard/libc_nano.a(lib_a-memchr.o)
 .ARM.attributes
                0x00000000000005d7       0x34 /Applications/STM32CubeIDE.app/Contents/Eclipse/plugins/com.st.stm32cube.ide.mcu.externaltools.gnu-tools-for-stm32.10.3-2021.10.macos64_1.0.200.202301161003/tools/bin/../lib/gcc/arm-none-eabi/10.3.1/../../../../arm-none-eabi/lib/thumb/v7e-m+fp/hard/libc_nano.a(lib_a-memcpy-stub.o)
 .ARM.attributes
                0x000000000000060b       0x34 /Applications/STM32CubeIDE.app/Contents/Eclipse/plugins/com.st.stm32cube.ide.mcu.externaltools.gnu-tools-for-stm32.10.3-2021.10.macos64_1.0.200.202301161003/tools/bin/../lib/gcc/arm-none-eabi/10.3.1/../../../../arm-none-eabi/lib/thumb/v7e-m+fp/hard/libc_nano.a(lib_a-memmove.o)
 .ARM.attributes
                0x000000000000063f       0x34 /Applications/STM32CubeIDE.app/Contents/Eclipse/plugins/com.st.stm32cube.ide.mcu.externaltools.gnu-tools-for-stm32.10.3-2021.10.macos64_1.0.200.202301161003/tools/bin/../lib/gcc/arm-none-eabi/10.3.1/../../../../arm-none-eabi/lib/thumb/v7e-m+fp/hard/libc_nano.a(lib_a-nano-freer.o)
 .ARM.attributes
                0x0000000000000673       0x34 /Applications/STM32CubeIDE.app/Contents/Eclipse/plugins/com.st.stm32cube.ide.mcu.externaltools.gnu-tools-for-stm32.10.3-2021.10.macos64_1.0.200.202301161003/tools/bin/../lib/gcc/arm-none-eabi/10.3.1/../../../../arm-none-eabi/lib/thumb/v7e-m+fp/hard/libc_nano.a(lib_a-nano-mallocr.o)
 .ARM.attributes
                0x00000000000006a7       0x34 /Applications/STM32CubeIDE.app/Contents/Eclipse/plugins/com.st.stm32cube.ide.mcu.externaltools.gnu-tools-for-stm32.10.3-2021.10.macos64_1.0.200.202301161003/tools/bin/../lib/gcc/arm-none-eabi/10.3.1/../../../../arm-none-eabi/lib/thumb/v7e-m+fp/hard/libc_nano.a(lib_a-nano-reallocr.o)
 .ARM.attributes
                0x00000000000006db       0x34 /Applications/STM32CubeIDE.app/Contents/Eclipse/plugins/com.st.stm32cube.ide.mcu.externaltools.gnu-tools-for-stm32.10.3-2021.10.macos64_1.0.200.202301161003/tools/bin/../lib/gcc/arm-none-eabi/10.3.1/../../../../arm-none-eabi/lib/thumb/v7e-m+fp/hard/libc_nano.a(lib_a-sbrkr.o)
 .ARM.attributes
                0x000000000000070f       0x34 /Applications/STM32CubeIDE.app/Contents/Eclipse/plugins/com.st.stm32cube.ide.mcu.externaltools.gnu-tools-for-stm32.10.3-2021.10.macos64_1.0.200.202301161003/tools/bin/../lib/gcc/arm-none-eabi/10.3.1/../../../../arm-none-eabi/lib/thumb/v7e-m+fp/hard/libc_nano.a(lib_a-mlock.o)
 .ARM.attributes
                0x0000000000000743       0x34 /Applications/STM32CubeIDE.app/Contents/Eclipse/plugins/com.st.stm32cube.ide.mcu.externaltools.gnu-tools-for-stm32.10.3-2021.10.macos64_1.0.200.202301161003/tools/bin/../lib/gcc/arm-none-eabi/10.3.1/../../../../arm-none-eabi/lib/thumb/v7e-m+fp/hard/libc_nano.a(lib_a-nano-msizer.o)
 .ARM.attributes
                0x0000000000000777       0x34 /Applications/STM32CubeIDE.app/Contents/Eclipse/plugins/com.st.stm32cube.ide.mcu.externaltools.gnu-tools-for-stm32.10.3-2021.10.macos64_1.0.200.202301161003/tools/bin/../lib/gcc/arm-none-eabi/10.3.1/../../../../arm-none-eabi/lib/thumb/v7e-m+fp/hard/libc_nano.a(lib_a-reent.o)
 .ARM.attributes
                0x00000000000007ab       0x34 /Applications/STM32CubeIDE.app/Contents/Eclipse/plugins/com.st.stm32cube.ide.mcu.externaltools.gnu-tools-for-stm32.10.3-2021.10.macos64_1.0.200.202301161003/tools/bin/../lib/gcc/arm-none-eabi/10.3.1/../../../../arm-none-eabi/lib/thumb/v7e-m+fp/hard/libc_nano.a(lib_a-lock.o)
 .ARM.attributes
                0x00000000000007df       0x34 /Applications/STM32CubeIDE.app/Contents/Eclipse/plugins/com.st.stm32cube.ide.mcu.externaltools.gnu-tools-for-stm32.10.3-2021.10.macos64_1.0.200.202301161003/tools/bin/../lib/gcc/arm-none-eabi/10.3.1/../../../../arm-none-eabi/lib/thumb/v7e-m+fp/hard/libm.a(lib_a-w_pow.o)
 .ARM.attributes
                0x0000000000000813       0x34 /Applications/STM32CubeIDE.app/Contents/Eclipse/plugins/com.st.stm32cube.ide.mcu.externaltools.gnu-tools-for-stm32.10.3-2021.10.macos64_1.0.200.202301161003/tools/bin/../lib/gcc/arm-none-eabi/10.3.1/../../../../arm-none-eabi/lib/thumb/v7e-m+fp/hard/libm.a(lib_a-e_pow.o)
 .ARM.attributes
                0x0000000000000847       0x34 /Applications/STM32CubeIDE.app/Contents/Eclipse/plugins/com.st.stm32cube.ide.mcu.externaltools.gnu-tools-for-stm32.10.3-2021.10.macos64_1.0.200.202301161003/tools/bin/../lib/gcc/arm-none-eabi/10.3.1/../../../../arm-none-eabi/lib/thumb/v7e-m+fp/hard/libm.a(lib_a-e_sqrt.o)
 .ARM.attributes
                0x000000000000087b       0x34 /Applications/STM32CubeIDE.app/Contents/Eclipse/plugins/com.st.stm32cube.ide.mcu.externaltools.gnu-tools-for-stm32.10.3-2021.10.macos64_1.0.200.202301161003/tools/bin/../lib/gcc/arm-none-eabi/10.3.1/../../../../arm-none-eabi/lib/thumb/v7e-m+fp/hard/libm.a(lib_a-math_err.o)
 .ARM.attributes
                0x00000000000008af       0x34 /Applications/STM32CubeIDE.app/Contents/Eclipse/plugins/com.st.stm32cube.ide.mcu.externaltools.gnu-tools-for-stm32.10.3-2021.10.macos64_1.0.200.202301161003/tools/bin/../lib/gcc/arm-none-eabi/10.3.1/../../../../arm-none-eabi/lib/thumb/v7e-m+fp/hard/libm.a(lib_a-s_fabs.o)
 .ARM.attributes
                0x00000000000008e3       0x34 /Applications/STM32CubeIDE.app/Contents/Eclipse/plugins/com.st.stm32cube.ide.mcu.externaltools.gnu-tools-for-stm32.10.3-2021.10.macos64_1.0.200.202301161003/tools/bin/../lib/gcc/arm-none-eabi/10.3.1/../../../../arm-none-eabi/lib/thumb/v7e-m+fp/hard/libm.a(lib_a-s_finite.o)
 .ARM.attributes
                0x0000000000000917       0x34 /Applications/STM32CubeIDE.app/Contents/Eclipse/plugins/com.st.stm32cube.ide.mcu.externaltools.gnu-tools-for-stm32.10.3-2021.10.macos64_1.0.200.202301161003/tools/bin/../lib/gcc/arm-none-eabi/10.3.1/../../../../arm-none-eabi/lib/thumb/v7e-m+fp/hard/libm.a(lib_a-s_scalbn.o)
 .ARM.attributes
                0x000000000000094b       0x1e /Applications/STM32CubeIDE.app/Contents/Eclipse/plugins/com.st.stm32cube.ide.mcu.externaltools.gnu-tools-for-stm32.10.3-2021.10.macos64_1.0.200.202301161003/tools/bin/../lib/gcc/arm-none-eabi/10.3.1/thumb/v7e-m+fp/hard/libgcc.a(_arm_addsubdf3.o)
 .ARM.attributes
                0x0000000000000969       0x1e /Applications/STM32CubeIDE.app/Contents/Eclipse/plugins/com.st.stm32cube.ide.mcu.externaltools.gnu-tools-for-stm32.10.3-2021.10.macos64_1.0.200.202301161003/tools/bin/../lib/gcc/arm-none-eabi/10.3.1/thumb/v7e-m+fp/hard/libgcc.a(_arm_muldivdf3.o)
 .ARM.attributes
                0x0000000000000987       0x1e /Applications/STM32CubeIDE.app/Contents/Eclipse/plugins/com.st.stm32cube.ide.mcu.externaltools.gnu-tools-for-stm32.10.3-2021.10.macos64_1.0.200.202301161003/tools/bin/../lib/gcc/arm-none-eabi/10.3.1/thumb/v7e-m+fp/hard/libgcc.a(_arm_cmpdf2.o)
 .ARM.attributes
                0x00000000000009a5       0x1e /Applications/STM32CubeIDE.app/Contents/Eclipse/plugins/com.st.stm32cube.ide.mcu.externaltools.gnu-tools-for-stm32.10.3-2021.10.macos64_1.0.200.202301161003/tools/bin/../lib/gcc/arm-none-eabi/10.3.1/thumb/v7e-m+fp/hard/libgcc.a(_arm_unorddf2.o)
 .ARM.attributes
                0x00000000000009c3       0x1e /Applications/STM32CubeIDE.app/Contents/Eclipse/plugins/com.st.stm32cube.ide.mcu.externaltools.gnu-tools-for-stm32.10.3-2021.10.macos64_1.0.200.202301161003/tools/bin/../lib/gcc/arm-none-eabi/10.3.1/thumb/v7e-m+fp/hard/libgcc.a(_arm_fixunsdfsi.o)
 .ARM.attributes
                0x00000000000009e1       0x1e /Applications/STM32CubeIDE.app/Contents/Eclipse/plugins/com.st.stm32cube.ide.mcu.externaltools.gnu-tools-for-stm32.10.3-2021.10.macos64_1.0.200.202301161003/tools/bin/../lib/gcc/arm-none-eabi/10.3.1/thumb/v7e-m+fp/hard/crtn.o
OUTPUT(High_five.elf elf32-littlearm)
LOAD linker stubs
LOAD /Applications/STM32CubeIDE.app/Contents/Eclipse/plugins/com.st.stm32cube.ide.mcu.externaltools.gnu-tools-for-stm32.10.3-2021.10.macos64_1.0.200.202301161003/tools/bin/../lib/gcc/arm-none-eabi/10.3.1/../../../../arm-none-eabi/lib/thumb/v7e-m+fp/hard/libc.a
LOAD /Applications/STM32CubeIDE.app/Contents/Eclipse/plugins/com.st.stm32cube.ide.mcu.externaltools.gnu-tools-for-stm32.10.3-2021.10.macos64_1.0.200.202301161003/tools/bin/../lib/gcc/arm-none-eabi/10.3.1/../../../../arm-none-eabi/lib/thumb/v7e-m+fp/hard/libm.a
LOAD /Applications/STM32CubeIDE.app/Contents/Eclipse/plugins/com.st.stm32cube.ide.mcu.externaltools.gnu-tools-for-stm32.10.3-2021.10.macos64_1.0.200.202301161003/tools/bin/../lib/gcc/arm-none-eabi/10.3.1/thumb/v7e-m+fp/hard/libgcc.a

.debug_info     0x0000000000000000    0x14068
 .debug_info    0x0000000000000000     0x21e5 ./Core/Src/main.o
 .debug_info    0x00000000000021e5      0x717 ./Core/Src/ptu_i2c.o
 .debug_info    0x00000000000028fc      0x55f ./Core/Src/serial.o
 .debug_info    0x0000000000002e5b     0x18b4 ./Core/Src/stm32f3xx_hal_msp.o
 .debug_info    0x000000000000470f      0x753 ./Core/Src/stm32f3xx_it.o
 .debug_info    0x0000000000004e62      0x171 ./Core/Src/sysmem.o
 .debug_info    0x0000000000004fd3      0x416 ./Core/Src/system_stm32f3xx.o
 .debug_info    0x00000000000053e9       0x22 ./Core/Startup/startup_stm32f303vctx.o
 .debug_info    0x000000000000540b      0x807 ./Drivers/STM32F3xx_HAL_Driver/Src/stm32f3xx_hal.o
 .debug_info    0x0000000000005c12      0xd85 ./Drivers/STM32F3xx_HAL_Driver/Src/stm32f3xx_hal_cortex.o
 .debug_info    0x0000000000006997      0x68a ./Drivers/STM32F3xx_HAL_Driver/Src/stm32f3xx_hal_gpio.o
 .debug_info    0x0000000000007021     0x226b ./Drivers/STM32F3xx_HAL_Driver/Src/stm32f3xx_hal_i2c.o
 .debug_info    0x000000000000928c      0x8ab ./Drivers/STM32F3xx_HAL_Driver/Src/stm32f3xx_hal_i2c_ex.o
 .debug_info    0x0000000000009b37     0x1784 ./Drivers/STM32F3xx_HAL_Driver/Src/stm32f3xx_hal_pcd.o
 .debug_info    0x000000000000b2bb     0x1585 ./Drivers/STM32F3xx_HAL_Driver/Src/stm32f3xx_hal_rcc.o
 .debug_info    0x000000000000c840      0x628 ./Drivers/STM32F3xx_HAL_Driver/Src/stm32f3xx_hal_rcc_ex.o
 .debug_info    0x000000000000ce68     0x178c ./Drivers/STM32F3xx_HAL_Driver/Src/stm32f3xx_hal_spi.o
 .debug_info    0x000000000000e5f4     0x2cdb ./Drivers/STM32F3xx_HAL_Driver/Src/stm32f3xx_hal_tim.o
 .debug_info    0x00000000000112cf     0x16a8 ./Drivers/STM32F3xx_HAL_Driver/Src/stm32f3xx_hal_tim_ex.o
 .debug_info    0x0000000000012977     0x16f1 ./Drivers/STM32F3xx_HAL_Driver/Src/stm32f3xx_ll_usb.o

.debug_abbrev   0x0000000000000000     0x28a3
 .debug_abbrev  0x0000000000000000      0x424 ./Core/Src/main.o
 .debug_abbrev  0x0000000000000424      0x161 ./Core/Src/ptu_i2c.o
 .debug_abbrev  0x0000000000000585      0x179 ./Core/Src/serial.o
 .debug_abbrev  0x00000000000006fe      0x219 ./Core/Src/stm32f3xx_hal_msp.o
 .debug_abbrev  0x0000000000000917      0x184 ./Core/Src/stm32f3xx_it.o
 .debug_abbrev  0x0000000000000a9b       0xbb ./Core/Src/sysmem.o
 .debug_abbrev  0x0000000000000b56      0x116 ./Core/Src/system_stm32f3xx.o
 .debug_abbrev  0x0000000000000c6c       0x12 ./Core/Startup/startup_stm32f303vctx.o
 .debug_abbrev  0x0000000000000c7e      0x20e ./Drivers/STM32F3xx_HAL_Driver/Src/stm32f3xx_hal.o
 .debug_abbrev  0x0000000000000e8c      0x316 ./Drivers/STM32F3xx_HAL_Driver/Src/stm32f3xx_hal_cortex.o
 .debug_abbrev  0x00000000000011a2      0x1bb ./Drivers/STM32F3xx_HAL_Driver/Src/stm32f3xx_hal_gpio.o
 .debug_abbrev  0x000000000000135d      0x24a ./Drivers/STM32F3xx_HAL_Driver/Src/stm32f3xx_hal_i2c.o
 .debug_abbrev  0x00000000000015a7      0x1b0 ./Drivers/STM32F3xx_HAL_Driver/Src/stm32f3xx_hal_i2c_ex.o
 .debug_abbrev  0x0000000000001757      0x2c0 ./Drivers/STM32F3xx_HAL_Driver/Src/stm32f3xx_hal_pcd.o
 .debug_abbrev  0x0000000000001a17      0x2f9 ./Drivers/STM32F3xx_HAL_Driver/Src/stm32f3xx_hal_rcc.o
 .debug_abbrev  0x0000000000001d10      0x240 ./Drivers/STM32F3xx_HAL_Driver/Src/stm32f3xx_hal_rcc_ex.o
 .debug_abbrev  0x0000000000001f50      0x254 ./Drivers/STM32F3xx_HAL_Driver/Src/stm32f3xx_hal_spi.o
 .debug_abbrev  0x00000000000021a4      0x264 ./Drivers/STM32F3xx_HAL_Driver/Src/stm32f3xx_hal_tim.o
 .debug_abbrev  0x0000000000002408      0x26c ./Drivers/STM32F3xx_HAL_Driver/Src/stm32f3xx_hal_tim_ex.o
 .debug_abbrev  0x0000000000002674      0x22f ./Drivers/STM32F3xx_HAL_Driver/Src/stm32f3xx_ll_usb.o

.debug_aranges  0x0000000000000000     0x1160
 .debug_aranges
                0x0000000000000000       0x98 ./Core/Src/main.o
 .debug_aranges
                0x0000000000000098       0x20 ./Core/Src/ptu_i2c.o
 .debug_aranges
                0x00000000000000b8       0x30 ./Core/Src/serial.o
 .debug_aranges
                0x00000000000000e8       0x78 ./Core/Src/stm32f3xx_hal_msp.o
 .debug_aranges
                0x0000000000000160       0x70 ./Core/Src/stm32f3xx_it.o
 .debug_aranges
                0x00000000000001d0       0x20 ./Core/Src/sysmem.o
 .debug_aranges
                0x00000000000001f0       0x28 ./Core/Src/system_stm32f3xx.o
 .debug_aranges
                0x0000000000000218       0x28 ./Core/Startup/startup_stm32f303vctx.o
 .debug_aranges
                0x0000000000000240       0xe0 ./Drivers/STM32F3xx_HAL_Driver/Src/stm32f3xx_hal.o
 .debug_aranges
                0x0000000000000320      0x118 ./Drivers/STM32F3xx_HAL_Driver/Src/stm32f3xx_hal_cortex.o
 .debug_aranges
                0x0000000000000438       0x58 ./Drivers/STM32F3xx_HAL_Driver/Src/stm32f3xx_hal_gpio.o
 .debug_aranges
                0x0000000000000490      0x2a0 ./Drivers/STM32F3xx_HAL_Driver/Src/stm32f3xx_hal_i2c.o
 .debug_aranges
                0x0000000000000730       0x48 ./Drivers/STM32F3xx_HAL_Driver/Src/stm32f3xx_hal_i2c_ex.o
 .debug_aranges
                0x0000000000000778      0x140 ./Drivers/STM32F3xx_HAL_Driver/Src/stm32f3xx_hal_pcd.o
 .debug_aranges
                0x00000000000008b8       0x88 ./Drivers/STM32F3xx_HAL_Driver/Src/stm32f3xx_hal_rcc.o
 .debug_aranges
                0x0000000000000940       0x38 ./Drivers/STM32F3xx_HAL_Driver/Src/stm32f3xx_hal_rcc_ex.o
 .debug_aranges
                0x0000000000000978      0x1d8 ./Drivers/STM32F3xx_HAL_Driver/Src/stm32f3xx_hal_spi.o
 .debug_aranges
                0x0000000000000b50      0x3e0 ./Drivers/STM32F3xx_HAL_Driver/Src/stm32f3xx_hal_tim.o
 .debug_aranges
                0x0000000000000f30      0x178 ./Drivers/STM32F3xx_HAL_Driver/Src/stm32f3xx_hal_tim_ex.o
 .debug_aranges
                0x00000000000010a8       0xb8 ./Drivers/STM32F3xx_HAL_Driver/Src/stm32f3xx_ll_usb.o

.debug_ranges   0x0000000000000000     0x1028
 .debug_ranges  0x0000000000000000       0x88 ./Core/Src/main.o
 .debug_ranges  0x0000000000000088       0x10 ./Core/Src/ptu_i2c.o
 .debug_ranges  0x0000000000000098       0x20 ./Core/Src/serial.o
 .debug_ranges  0x00000000000000b8       0x68 ./Core/Src/stm32f3xx_hal_msp.o
 .debug_ranges  0x0000000000000120       0x60 ./Core/Src/stm32f3xx_it.o
 .debug_ranges  0x0000000000000180       0x10 ./Core/Src/sysmem.o
 .debug_ranges  0x0000000000000190       0x18 ./Core/Src/system_stm32f3xx.o
 .debug_ranges  0x00000000000001a8       0x20 ./Core/Startup/startup_stm32f303vctx.o
 .debug_ranges  0x00000000000001c8       0xd0 ./Drivers/STM32F3xx_HAL_Driver/Src/stm32f3xx_hal.o
 .debug_ranges  0x0000000000000298      0x108 ./Drivers/STM32F3xx_HAL_Driver/Src/stm32f3xx_hal_cortex.o
 .debug_ranges  0x00000000000003a0       0x48 ./Drivers/STM32F3xx_HAL_Driver/Src/stm32f3xx_hal_gpio.o
 .debug_ranges  0x00000000000003e8      0x290 ./Drivers/STM32F3xx_HAL_Driver/Src/stm32f3xx_hal_i2c.o
 .debug_ranges  0x0000000000000678       0x38 ./Drivers/STM32F3xx_HAL_Driver/Src/stm32f3xx_hal_i2c_ex.o
 .debug_ranges  0x00000000000006b0      0x130 ./Drivers/STM32F3xx_HAL_Driver/Src/stm32f3xx_hal_pcd.o
 .debug_ranges  0x00000000000007e0       0x78 ./Drivers/STM32F3xx_HAL_Driver/Src/stm32f3xx_hal_rcc.o
 .debug_ranges  0x0000000000000858       0x28 ./Drivers/STM32F3xx_HAL_Driver/Src/stm32f3xx_hal_rcc_ex.o
 .debug_ranges  0x0000000000000880      0x1c8 ./Drivers/STM32F3xx_HAL_Driver/Src/stm32f3xx_hal_spi.o
 .debug_ranges  0x0000000000000a48      0x3d0 ./Drivers/STM32F3xx_HAL_Driver/Src/stm32f3xx_hal_tim.o
 .debug_ranges  0x0000000000000e18      0x168 ./Drivers/STM32F3xx_HAL_Driver/Src/stm32f3xx_hal_tim_ex.o
 .debug_ranges  0x0000000000000f80       0xa8 ./Drivers/STM32F3xx_HAL_Driver/Src/stm32f3xx_ll_usb.o

.debug_macro    0x0000000000000000    0x1eb62
 .debug_macro   0x0000000000000000      0x2d3 ./Core/Src/main.o
 .debug_macro   0x00000000000002d3      0xa78 ./Core/Src/main.o
 .debug_macro   0x0000000000000d4b      0x15d ./Core/Src/main.o
 .debug_macro   0x0000000000000ea8       0x2e ./Core/Src/main.o
 .debug_macro   0x0000000000000ed6       0x28 ./Core/Src/main.o
 .debug_macro   0x0000000000000efe       0x22 ./Core/Src/main.o
 .debug_macro   0x0000000000000f20       0x8e ./Core/Src/main.o
 .debug_macro   0x0000000000000fae       0x51 ./Core/Src/main.o
 .debug_macro   0x0000000000000fff      0x103 ./Core/Src/main.o
 .debug_macro   0x0000000000001102       0x6a ./Core/Src/main.o
 .debug_macro   0x000000000000116c      0x1df ./Core/Src/main.o
 .debug_macro   0x000000000000134b       0x1c ./Core/Src/main.o
 .debug_macro   0x0000000000001367       0x22 ./Core/Src/main.o
 .debug_macro   0x0000000000001389       0xd9 ./Core/Src/main.o
 .debug_macro   0x0000000000001462     0x102d ./Core/Src/main.o
 .debug_macro   0x000000000000248f      0x11f ./Core/Src/main.o
 .debug_macro   0x00000000000025ae    0x12a3a ./Core/Src/main.o
 .debug_macro   0x0000000000014fe8       0x6d ./Core/Src/main.o
 .debug_macro   0x0000000000015055     0x3558 ./Core/Src/main.o
 .debug_macro   0x00000000000185ad      0x174 ./Core/Src/main.o
 .debug_macro   0x0000000000018721       0x55 ./Core/Src/main.o
 .debug_macro   0x0000000000018776      0x961 ./Core/Src/main.o
 .debug_macro   0x00000000000190d7      0x5fe ./Core/Src/main.o
 .debug_macro   0x00000000000196d5      0x1b5 ./Core/Src/main.o
 .debug_macro   0x000000000001988a      0x1fb ./Core/Src/main.o
 .debug_macro   0x0000000000019a85      0x1dc ./Core/Src/main.o
 .debug_macro   0x0000000000019c61      0x1bc ./Core/Src/main.o
 .debug_macro   0x0000000000019e1d       0x30 ./Core/Src/main.o
 .debug_macro   0x0000000000019e4d       0x3c ./Core/Src/main.o
 .debug_macro   0x0000000000019e89      0x235 ./Core/Src/main.o
 .debug_macro   0x000000000001a0be       0xc5 ./Core/Src/main.o
 .debug_macro   0x000000000001a183      0x21d ./Core/Src/main.o
 .debug_macro   0x000000000001a3a0      0x22c ./Core/Src/main.o
 .debug_macro   0x000000000001a5cc       0x5b ./Core/Src/main.o
 .debug_macro   0x000000000001a627       0xa5 ./Core/Src/main.o
 .debug_macro   0x000000000001a6cc       0x73 ./Core/Src/main.o
 .debug_macro   0x000000000001a73f      0x242 ./Core/Src/main.o
 .debug_macro   0x000000000001a981       0x81 ./Core/Src/main.o
 .debug_macro   0x000000000001aa02       0xd3 ./Core/Src/main.o
 .debug_macro   0x000000000001aad5      0x2fe ./Core/Src/main.o
 .debug_macro   0x000000000001add3      0xa59 ./Core/Src/main.o
 .debug_macro   0x000000000001b82c       0x89 ./Core/Src/main.o
 .debug_macro   0x000000000001b8b5      0x275 ./Core/Src/main.o
 .debug_macro   0x000000000001bb2a      0x160 ./Core/Src/main.o
 .debug_macro   0x000000000001bc8a      0x142 ./Core/Src/main.o
 .debug_macro   0x000000000001bdcc       0x52 ./Core/Src/main.o
 .debug_macro   0x000000000001be1e       0x1e ./Core/Src/main.o
 .debug_macro   0x000000000001be3c       0x3c ./Core/Src/main.o
 .debug_macro   0x000000000001be78       0x34 ./Core/Src/main.o
 .debug_macro   0x000000000001beac       0x16 ./Core/Src/main.o
 .debug_macro   0x000000000001bec2       0x43 ./Core/Src/main.o
 .debug_macro   0x000000000001bf05       0x34 ./Core/Src/main.o
 .debug_macro   0x000000000001bf39       0x10 ./Core/Src/main.o
 .debug_macro   0x000000000001bf49       0x58 ./Core/Src/main.o
 .debug_macro   0x000000000001bfa1       0x71 ./Core/Src/main.o
 .debug_macro   0x000000000001c012       0x1c ./Core/Src/main.o
 .debug_macro   0x000000000001c02e      0x12a ./Core/Src/main.o
 .debug_macro   0x000000000001c158      0x341 ./Core/Src/main.o
 .debug_macro   0x000000000001c499      0x19b ./Core/Src/main.o
 .debug_macro   0x000000000001c634      0x20f ./Core/Src/ptu_i2c.o
 .debug_macro   0x000000000001c843       0xc9 ./Core/Src/serial.o
 .debug_macro   0x000000000001c90c      0x20b ./Core/Src/stm32f3xx_hal_msp.o
 .debug_macro   0x000000000001cb17      0x215 ./Core/Src/stm32f3xx_it.o
 .debug_macro   0x000000000001cd2c       0xff ./Core/Src/sysmem.o
 .debug_macro   0x000000000001ce2b      0x23b ./Core/Src/sysmem.o
 .debug_macro   0x000000000001d066      0x1fc ./Core/Src/system_stm32f3xx.o
 .debug_macro   0x000000000001d262      0x220 ./Drivers/STM32F3xx_HAL_Driver/Src/stm32f3xx_hal.o
 .debug_macro   0x000000000001d482      0x1fc ./Drivers/STM32F3xx_HAL_Driver/Src/stm32f3xx_hal_cortex.o
 .debug_macro   0x000000000001d67e      0x203 ./Drivers/STM32F3xx_HAL_Driver/Src/stm32f3xx_hal_gpio.o
 .debug_macro   0x000000000001d881      0x2c8 ./Drivers/STM32F3xx_HAL_Driver/Src/stm32f3xx_hal_i2c.o
 .debug_macro   0x000000000001db49      0x1fc ./Drivers/STM32F3xx_HAL_Driver/Src/stm32f3xx_hal_i2c_ex.o
 .debug_macro   0x000000000001dd45      0x208 ./Drivers/STM32F3xx_HAL_Driver/Src/stm32f3xx_hal_pcd.o
 .debug_macro   0x000000000001df4d      0x220 ./Drivers/STM32F3xx_HAL_Driver/Src/stm32f3xx_hal_rcc.o
 .debug_macro   0x000000000001e16d      0x1fc ./Drivers/STM32F3xx_HAL_Driver/Src/stm32f3xx_hal_rcc_ex.o
 .debug_macro   0x000000000001e369      0x204 ./Drivers/STM32F3xx_HAL_Driver/Src/stm32f3xx_hal_spi.o
 .debug_macro   0x000000000001e56d      0x1fd ./Drivers/STM32F3xx_HAL_Driver/Src/stm32f3xx_hal_tim.o
 .debug_macro   0x000000000001e76a      0x1fc ./Drivers/STM32F3xx_HAL_Driver/Src/stm32f3xx_hal_tim_ex.o
 .debug_macro   0x000000000001e966      0x1fc ./Drivers/STM32F3xx_HAL_Driver/Src/stm32f3xx_ll_usb.o

.debug_line     0x0000000000000000    0x15a45
 .debug_line    0x0000000000000000      0xdcc ./Core/Src/main.o
 .debug_line    0x0000000000000dcc      0x77f ./Core/Src/ptu_i2c.o
 .debug_line    0x000000000000154b      0x567 ./Core/Src/serial.o
 .debug_line    0x0000000000001ab2      0x943 ./Core/Src/stm32f3xx_hal_msp.o
 .debug_line    0x00000000000023f5      0x852 ./Core/Src/stm32f3xx_it.o
 .debug_line    0x0000000000002c47      0x52b ./Core/Src/sysmem.o
 .debug_line    0x0000000000003172      0x7d6 ./Core/Src/system_stm32f3xx.o
 .debug_line    0x0000000000003948       0x88 ./Core/Startup/startup_stm32f303vctx.o
 .debug_line    0x00000000000039d0      0xa0b ./Drivers/STM32F3xx_HAL_Driver/Src/stm32f3xx_hal.o
 .debug_line    0x00000000000043db      0xcd0 ./Drivers/STM32F3xx_HAL_Driver/Src/stm32f3xx_hal_cortex.o
 .debug_line    0x00000000000050ab      0xb6a ./Drivers/STM32F3xx_HAL_Driver/Src/stm32f3xx_hal_gpio.o
 .debug_line    0x0000000000005c15     0x37da ./Drivers/STM32F3xx_HAL_Driver/Src/stm32f3xx_hal_i2c.o
 .debug_line    0x00000000000093ef      0x97d ./Drivers/STM32F3xx_HAL_Driver/Src/stm32f3xx_hal_i2c_ex.o
 .debug_line    0x0000000000009d6c     0x1352 ./Drivers/STM32F3xx_HAL_Driver/Src/stm32f3xx_hal_pcd.o
 .debug_line    0x000000000000b0be     0x13e8 ./Drivers/STM32F3xx_HAL_Driver/Src/stm32f3xx_hal_rcc.o
 .debug_line    0x000000000000c4a6      0xd74 ./Drivers/STM32F3xx_HAL_Driver/Src/stm32f3xx_hal_rcc_ex.o
 .debug_line    0x000000000000d21a     0x1fc6 ./Drivers/STM32F3xx_HAL_Driver/Src/stm32f3xx_hal_spi.o
 .debug_line    0x000000000000f1e0     0x3d6f ./Drivers/STM32F3xx_HAL_Driver/Src/stm32f3xx_hal_tim.o
 .debug_line    0x0000000000012f4f     0x1af2 ./Drivers/STM32F3xx_HAL_Driver/Src/stm32f3xx_hal_tim_ex.o
 .debug_line    0x0000000000014a41     0x1004 ./Drivers/STM32F3xx_HAL_Driver/Src/stm32f3xx_ll_usb.o

.debug_str      0x0000000000000000    0xb93a4
 .debug_str     0x0000000000000000    0xb4ed2 ./Core/Src/main.o
                                      0xb5774 (size before relaxing)
 .debug_str     0x00000000000b4ed2       0x97 ./Core/Src/ptu_i2c.o
                                      0xb0a74 (size before relaxing)
 .debug_str     0x00000000000b4f69      0x1c7 ./Core/Src/serial.o
                                      0x7243c (size before relaxing)
 .debug_str     0x00000000000b5130      0x4a1 ./Core/Src/stm32f3xx_hal_msp.o
                                      0xb18f4 (size before relaxing)
 .debug_str     0x00000000000b55d1       0xec ./Core/Src/stm32f3xx_it.o
                                      0xb0b7b (size before relaxing)
 .debug_str     0x00000000000b56bd      0x521 ./Core/Src/sysmem.o
                                       0x5dd3 (size before relaxing)
 .debug_str     0x00000000000b5bde       0xdf ./Core/Src/system_stm32f3xx.o
                                      0xb01a5 (size before relaxing)
 .debug_str     0x00000000000b5cbd       0x36 ./Core/Startup/startup_stm32f303vctx.o
                                         0x7d (size before relaxing)
 .debug_str     0x00000000000b5cf3      0x370 ./Drivers/STM32F3xx_HAL_Driver/Src/stm32f3xx_hal.o
                                      0xb09e3 (size before relaxing)
 .debug_str     0x00000000000b6063      0x327 ./Drivers/STM32F3xx_HAL_Driver/Src/stm32f3xx_hal_cortex.o
                                      0xb0a35 (size before relaxing)
 .debug_str     0x00000000000b638a      0x11f ./Drivers/STM32F3xx_HAL_Driver/Src/stm32f3xx_hal_gpio.o
                                      0xb0312 (size before relaxing)
 .debug_str     0x00000000000b64a9      0xe27 ./Drivers/STM32F3xx_HAL_Driver/Src/stm32f3xx_hal_i2c.o
                                      0xb14a8 (size before relaxing)
 .debug_str     0x00000000000b72d0       0xb8 ./Drivers/STM32F3xx_HAL_Driver/Src/stm32f3xx_hal_i2c_ex.o
                                      0xb06c6 (size before relaxing)
 .debug_str     0x00000000000b7388      0x507 ./Drivers/STM32F3xx_HAL_Driver/Src/stm32f3xx_hal_pcd.o
                                      0xb09ba (size before relaxing)
 .debug_str     0x00000000000b788f      0x2c6 ./Drivers/STM32F3xx_HAL_Driver/Src/stm32f3xx_hal_rcc.o
                                      0xb0645 (size before relaxing)
 .debug_str     0x00000000000b7b55       0xbe ./Drivers/STM32F3xx_HAL_Driver/Src/stm32f3xx_hal_rcc_ex.o
                                      0xb0409 (size before relaxing)
 .debug_str     0x00000000000b7c13      0x574 ./Drivers/STM32F3xx_HAL_Driver/Src/stm32f3xx_hal_spi.o
                                      0xb0acb (size before relaxing)
 .debug_str     0x00000000000b8187      0xc69 ./Drivers/STM32F3xx_HAL_Driver/Src/stm32f3xx_hal_tim.o
                                      0xb15cc (size before relaxing)
 .debug_str     0x00000000000b8df0      0x4dc ./Drivers/STM32F3xx_HAL_Driver/Src/stm32f3xx_hal_tim_ex.o
                                      0xb0e22 (size before relaxing)
 .debug_str     0x00000000000b92cc       0xd8 ./Drivers/STM32F3xx_HAL_Driver/Src/stm32f3xx_ll_usb.o
                                      0xb050f (size before relaxing)

.comment        0x0000000000000000       0x50