../Core/Src/main.c:73:6:movement	32	static
../Core/Src/main.c:85:5:main	8	static
../Core/Src/main.c:125:6:SystemClock_Config	128	static
../Core/Src/main.c:176:13:MX_I2C1_Init	8	static
../Core/Src/main.c:224:13:MX_SPI1_Init	8	static
../Core/Src/main.c:264:13:MX_TIM2_Init	64	static
../Core/Src/main.c:327:13:MX_TIM3_Init	72	static
../Core/Src/main.c:400:13:MX_USART1_UART_Init	8	static
../Core/Src/main.c:437:13:MX_USB_PCD_Init	8	static
../Core/Src/main.c:466:13:MX_DMA_Init	16	static
../Core/Src/main.c:484:13:MX_GPIO_Init	48	static
../Core/Src/main.c:539:6:Error_Handler	4	static,ignoring_inline_asm
