../Core/Src/main.c:79:6:enable_clocks	4	static
../Core/Src/main.c:85:6:initialise_board	16	static
../Core/Src/main.c:103:6:HAL_TIM_IC_CaptureCallback	56	static
../Core/Src/main.c:123:6:movement	32	static
../Core/Src/main.c:143:6:HAL_TIM_OC_DelayElapsedCallback	16	static
../Core/Src/main.c:156:6:readPWMInputCapture	8	static
../Core/Src/main.c:169:5:main	200	static
../Core/Src/main.c:423:6:SystemClock_Config	128	static
../Core/Src/main.c:474:13:MX_I2C1_Init	8	static
../Core/Src/main.c:522:13:MX_SPI1_Init	8	static
../Core/Src/main.c:562:13:MX_TIM1_Init	56	static
../Core/Src/main.c:622:13:MX_TIM2_Init	48	static
../Core/Src/main.c:675:13:MX_TIM3_Init	64	static
../Core/Src/main.c:734:13:MX_USB_PCD_Init	8	static
../Core/Src/main.c:765:13:MX_GPIO_Init	48	static
../Core/Src/main.c:816:6:Error_Handler	4	static,ignoring_inline_asm
