../Core/Src/main.c:81:6:enable_clocks	4	static
../Core/Src/main.c:109:6:HAL_TIM_OC_DelayElapsedCallback	16	static
../Core/Src/main.c:122:6:readPWMInputCapture	8	static
../Core/Src/main.c:135:5:main	168	static
../Core/Src/main.c:284:6:SystemClock_Config	128	static
../Core/Src/main.c:335:13:MX_I2C1_Init	8	static
../Core/Src/main.c:383:13:MX_SPI1_Init	8	static
../Core/Src/main.c:423:13:MX_TIM1_Init	56	static
../Core/Src/main.c:483:13:MX_TIM2_Init	48	static
../Core/Src/main.c:536:13:MX_TIM3_Init	64	static
../Core/Src/main.c:595:13:MX_USB_PCD_Init	8	static
../Core/Src/main.c:626:13:MX_GPIO_Init	48	static
../Core/Src/main.c:677:6:Error_Handler	4	static,ignoring_inline_asm
