../Core/Src/main.c:93:5:main	120	static
../Core/Src/main.c:239:6:SystemClock_Config	128	static
../Core/Src/main.c:290:13:MX_I2C1_Init	8	static
../Core/Src/main.c:338:13:MX_SPI1_Init	8	static
../Core/Src/main.c:378:13:MX_TIM1_Init	40	static
../Core/Src/main.c:425:13:MX_TIM2_Init	64	static
../Core/Src/main.c:483:13:MX_USB_PCD_Init	8	static
../Core/Src/main.c:514:13:MX_GPIO_Init	48	static
../Core/Src/main.c:585:6:HAL_GPIO_EXTI_Callback	16	static
../Core/Src/main.c:718:5:compare	24	static
../Core/Src/main.c:730:6:initialise_board	16	static
../Core/Src/main.c:742:6:Error_Handler	4	static,ignoring_inline_asm
