../Core/Src/main.c:98:5:main	104	static
../Core/Src/main.c:320:6:SystemClock_Config	128	static
../Core/Src/main.c:371:13:MX_I2C1_Init	8	static
../Core/Src/main.c:419:13:MX_SPI1_Init	8	static
../Core/Src/main.c:459:13:MX_TIM1_Init	40	static
../Core/Src/main.c:506:13:MX_TIM2_Init	64	static
../Core/Src/main.c:564:13:MX_USB_PCD_Init	8	static
../Core/Src/main.c:595:13:MX_GPIO_Init	56	static
../Core/Src/main.c:677:6:HAL_GPIO_EXTI_Callback	16	static
../Core/Src/main.c:810:5:compare	24	static
../Core/Src/main.c:822:6:initialise_board	16	static
../Core/Src/main.c:836:6:Error_Handler	4	static,ignoring_inline_asm
