2023-05-21 19:47:45,730 [INFO] Activator:176 - 


2023-05-21 19:47:45,736 [INFO] Activator:177 - !SESSION log4j initialized
2023-05-21 19:47:51,024 [ERROR] LogOutputStream:75 - [STDERR_REDIRECT] 
2023-05-21 19:47:51,635 [INFO] LogOutputStream:77 - [STDOUT_REDIRECT] 
2023-05-21 19:47:53,803 [INFO] LogOutputStream:77 - [STDOUT_REDIRECT] 
2023-05-21 19:48:15,791 [ERROR] LogOutputStream:75 - [STDERR_REDIRECT] SLF4J: Failed to load class "org.slf4j.impl.StaticLoggerBinder".
2023-05-21 19:48:15,792 [ERROR] LogOutputStream:75 - [STDERR_REDIRECT] SLF4J: Defaulting to no-operation (NOP) logger implementation
2023-05-21 19:48:15,792 [ERROR] LogOutputStream:75 - [STDERR_REDIRECT] SLF4J: See http://www.slf4j.org/codes.html#StaticLoggerBinder for further details.
2023-05-21 21:21:57,601 [INFO] McuFinderGlobals:53 - Set McuFinder mode to 2 (CubeIDE integrated)
2023-05-21 21:21:58,031 [INFO] ApplicationProperties:184 - Using Application install path: /Applications/STM32CubeIDE.app/Contents/Eclipse/plugins/com.st.stm32cube.common.mx_6.8.0.202302231600
2023-05-21 21:21:58,046 [INFO] DbMcusXml:78 - Set database path to: /Applications/STM32CubeIDE.app/Contents/Eclipse/plugins/com.st.stm32cube.common.mx_6.8.0.202302231600//db//mcu/
2023-05-21 21:21:58,046 [INFO] ApiDb:274 - Set plugin database path to: /Applications/STM32CubeIDE.app/Contents/Eclipse/plugins/com.st.stm32cube.common.mx_6.8.0.202302231600//db//plugins/boardmanager/
2023-05-21 21:21:58,052 [WARN] ApiDb:259 - Overriding images path with different value:  => /Applications/STM32CubeIDE.app/Contents/Eclipse/plugins/com.st.stm32cube.common.mx_6.8.0.202302231600//db//plugins/mcufinder/images/
2023-05-21 21:21:58,076 [INFO] ApiDb:250 - Set database path to: /Users/neelbagayatkar/.stmcufinder/plugins/mcufinder//mcu/
2023-05-21 21:21:58,079 [INFO] DbMcusAds:125 - Set database path to: /Users/neelbagayatkar/.stmcufinder/plugins/mcufinder//mcu/
2023-05-21 21:21:58,202 [INFO] CrossReferenceDbSqlite:203 - Set database path to: /Users/neelbagayatkar/.stmcufinder/plugins/mcufinder//mcu/cs/
2023-05-21 21:21:58,338 [INFO] RulesReader:64 - Compatibility file has been processed (293 Rules)
2023-05-21 21:21:58,392 [INFO] DbMcusXml:78 - Set database path to: /Applications/STM32CubeIDE.app/Contents/Eclipse/plugins/com.st.stm32cube.common.mx_6.8.0.202302231600//db//mcu/
2023-05-21 21:21:58,392 [INFO] ApiDb:274 - Set plugin database path to: /Applications/STM32CubeIDE.app/Contents/Eclipse/plugins/com.st.stm32cube.common.mx_6.8.0.202302231600//db//plugins/boardmanager/
2023-05-21 21:21:58,393 [INFO] ApiDb:261 - Set plugin images path to: /Applications/STM32CubeIDE.app/Contents/Eclipse/plugins/com.st.stm32cube.common.mx_6.8.0.202302231600//db//plugins/mcufinder/images/
2023-05-21 21:21:58,393 [WARN] DbFile:41 - Overriding database path with different value: /Users/neelbagayatkar/.stmcufinder/plugins/mcufinder/ => /Users/neelbagayatkar/.stmcufinder/plugins/mcufinder
2023-05-21 21:21:58,393 [INFO] ApiDb:250 - Set database path to: /Users/neelbagayatkar/.stmcufinder/plugins/mcufinder//mcu/
2023-05-21 21:21:58,393 [WARN] DbFile:41 - Overriding database path with different value: /Users/neelbagayatkar/.stmcufinder/plugins/mcufinder/ => /Users/neelbagayatkar/.stmcufinder/plugins/mcufinder
2023-05-21 21:21:58,393 [INFO] DbMcusAds:125 - Set database path to: /Users/neelbagayatkar/.stmcufinder/plugins/mcufinder//mcu/
2023-05-21 21:21:58,393 [WARN] DbFile:41 - Overriding database path with different value: /Users/neelbagayatkar/.stmcufinder/plugins/mcufinder/ => /Users/neelbagayatkar/.stmcufinder/plugins/mcufinder
2023-05-21 21:21:58,393 [WARN] DbFile:41 - Overriding database path with different value: /Users/neelbagayatkar/.stmcufinder/plugins/mcufinder/ => /Users/neelbagayatkar/.stmcufinder/plugins/mcufinder
2023-05-21 21:21:58,393 [INFO] CrossReferenceDbSqlite:203 - Set database path to: /Users/neelbagayatkar/.stmcufinder/plugins/mcufinder//mcu/cs/
2023-05-21 21:21:58,456 [INFO] MainPanel:253 - HeapMemory: 443547648
2023-05-21 21:21:58,534 [INFO] DbMcusXml:78 - Set database path to: /Applications/STM32CubeIDE.app/Contents/Eclipse/plugins/com.st.stm32cube.common.mx_6.8.0.202302231600//db//mcu/
2023-05-21 21:21:58,534 [INFO] ApiDb:274 - Set plugin database path to: /Applications/STM32CubeIDE.app/Contents/Eclipse/plugins/com.st.stm32cube.common.mx_6.8.0.202302231600//db//plugins/boardmanager/
2023-05-21 21:21:58,534 [INFO] ApiDb:261 - Set plugin images path to: /Applications/STM32CubeIDE.app/Contents/Eclipse/plugins/com.st.stm32cube.common.mx_6.8.0.202302231600//db//plugins/mcufinder/images/
2023-05-21 21:21:58,535 [WARN] DbFile:41 - Overriding database path with different value: /Users/neelbagayatkar/.stmcufinder/plugins/mcufinder/ => /Users/neelbagayatkar/.stmcufinder/plugins/mcufinder
2023-05-21 21:21:58,535 [INFO] ApiDb:250 - Set database path to: /Users/neelbagayatkar/.stmcufinder/plugins/mcufinder//mcu/
2023-05-21 21:21:58,535 [WARN] DbFile:41 - Overriding database path with different value: /Users/neelbagayatkar/.stmcufinder/plugins/mcufinder/ => /Users/neelbagayatkar/.stmcufinder/plugins/mcufinder
2023-05-21 21:21:58,535 [INFO] DbMcusAds:125 - Set database path to: /Users/neelbagayatkar/.stmcufinder/plugins/mcufinder//mcu/
2023-05-21 21:21:58,535 [WARN] DbFile:41 - Overriding database path with different value: /Users/neelbagayatkar/.stmcufinder/plugins/mcufinder/ => /Users/neelbagayatkar/.stmcufinder/plugins/mcufinder
2023-05-21 21:21:58,535 [WARN] DbFile:41 - Overriding database path with different value: /Users/neelbagayatkar/.stmcufinder/plugins/mcufinder/ => /Users/neelbagayatkar/.stmcufinder/plugins/mcufinder
2023-05-21 21:21:58,535 [INFO] CrossReferenceDbSqlite:203 - Set database path to: /Users/neelbagayatkar/.stmcufinder/plugins/mcufinder//mcu/cs/
2023-05-21 21:21:58,553 [INFO] ApplicationProperties:184 - Using Application install path: /Applications/STM32CubeIDE.app/Contents/Eclipse/plugins/com.st.stm32cube.common.mx_6.8.0.202302231600
2023-05-21 21:21:58,555 [INFO] PluginManage:196 - Search for loadable plugins [exclusion list=, ]
2023-05-21 21:21:58,557 [INFO] PluginManage:310 - Check plugin analytics
2023-05-21 21:21:58,787 [INFO] AnalyticsPlugin:253 - Accepted Software Licenses: 
2023-05-21 21:21:58,789 [INFO] AnalyticsPlugin:255 - Accepted CMSIS Pack Licenses: 
2023-05-21 21:21:58,790 [INFO] AnalyticsPlugin:257 - Accepted Firmware Licenses: 
2023-05-21 21:21:58,817 [INFO] PluginManage:359 - Loaded plugin analytics (category:tool,tabindex:-1)
2023-05-21 21:21:58,818 [INFO] PluginManage:310 - Check plugin cadmodel
2023-05-21 21:21:59,433 [INFO] CADModel:105 - Init CAD model plugin
2023-05-21 21:21:59,435 [INFO] PluginManage:359 - Loaded plugin cadmodel (category:power,tabindex:5)
2023-05-21 21:21:59,436 [INFO] PluginManage:310 - Check plugin clock
2023-05-21 21:21:59,460 [INFO] PluginManage:359 - Loaded plugin clock (category:base,tabindex:2)
2023-05-21 21:21:59,460 [INFO] PluginManage:310 - Check plugin ddr
2023-05-21 21:21:59,462 [INFO] PluginManage:359 - Loaded plugin ddr (category:tool,tabindex:6)
2023-05-21 21:21:59,462 [INFO] PluginManage:310 - Check plugin filemanager
2023-05-21 21:21:59,618 [INFO] PluginManage:359 - Loaded plugin filemanager (category:base,tabindex:10)
2023-05-21 21:21:59,618 [INFO] PluginManage:310 - Check plugin ipmanager
2023-05-21 21:21:59,627 [INFO] PluginManage:359 - Loaded plugin ipmanager (category:base,tabindex:5)
2023-05-21 21:21:59,628 [INFO] PluginManage:310 - Check plugin lpbam
2023-05-21 21:21:59,635 [INFO] PluginManage:359 - Loaded plugin lpbam (category:base,tabindex:0)
2023-05-21 21:21:59,635 [INFO] PluginManage:310 - Check plugin pinoutandconfiguration
2023-05-21 21:21:59,640 [INFO] PluginManage:359 - Loaded plugin pinoutandconfiguration (category:base,tabindex:1)
2023-05-21 21:21:59,640 [INFO] PluginManage:310 - Check plugin pinoutconfig
2023-05-21 21:21:59,716 [WARN] SupportedApi:132 - Cannot load RTOS API schema: s4s-elt-must-match.1: The content of 'definitions' must match (annotation?, (simpleType | complexType)?, (unique | key | keyref)*)). A problem was found starting at: attribute.
2023-05-21 21:21:59,864 [INFO] PluginManage:359 - Loaded plugin pinoutconfig (category:base,tabindex:0)
2023-05-21 21:21:59,865 [INFO] PluginManage:310 - Check plugin power
2023-05-21 21:21:59,878 [INFO] PluginManage:359 - Loaded plugin power (category:power,tabindex:4)
2023-05-21 21:21:59,878 [INFO] PluginManage:310 - Check plugin projectmanager
2023-05-21 21:21:59,904 [INFO] PluginManage:359 - Loaded plugin projectmanager (category:projectmanager,tabindex:3)
2023-05-21 21:21:59,904 [INFO] PluginManage:310 - Check plugin thirdparty
2023-05-21 21:22:00,085 [INFO] PluginManage:359 - Loaded plugin thirdparty (category:base,tabindex:-1)
2023-05-21 21:22:00,087 [INFO] PluginManage:310 - Check plugin tools
2023-05-21 21:22:00,085 [WARN] IntegrityCheckThread:84 - waiting for thirdparty lock release [integrity check]
2023-05-21 21:22:00,089 [INFO] IntegrityCheckThread:86 - entering critical section [integrity check]
2023-05-21 21:22:00,091 [INFO] PluginManage:359 - Loaded plugin tools (category:base,tabindex:7)
2023-05-21 21:22:00,092 [INFO] PluginManage:310 - Check plugin tutovideos
2023-05-21 21:22:00,095 [INFO] ThirdPartyUpdaterWithRetryManager:70 - Updater plugin not ready yet. [1/15]
2023-05-21 21:22:00,295 [INFO] PluginManage:359 - Loaded plugin tutovideos (category:base,tabindex:-1)
2023-05-21 21:22:00,297 [INFO] PluginManage:310 - Check plugin updater
2023-05-21 21:22:00,333 [INFO] PluginManage:359 - Loaded plugin updater (category:base,tabindex:12)
2023-05-21 21:22:00,337 [INFO] PluginManage:283 - PluginManage : Loaded plugins [15]
2023-05-21 21:22:00,630 [INFO] PinOutPanel:1499 - setPackage(No Configuration,No Configuration)
2023-05-21 21:22:00,682 [INFO] CADModel:165 - CPN selected for project level
2023-05-21 21:22:00,682 [INFO] CADModel:114 - Register for checkConnection events
2023-05-21 21:22:00,696 [INFO] IPUIPlugin:80 - create IPUIPlugin
2023-05-21 21:22:00,697 [INFO] PluginManager:220 - loadIPPluginJar : add mdma
2023-05-21 21:22:00,702 [INFO] IPUIPlugin:80 - create IPUIPlugin
2023-05-21 21:22:00,702 [INFO] PluginManager:220 - loadIPPluginJar : add freertos
2023-05-21 21:22:00,704 [INFO] IPUIPlugin:80 - create IPUIPlugin
2023-05-21 21:22:00,705 [INFO] PluginManager:220 - loadIPPluginJar : add gic
2023-05-21 21:22:00,711 [INFO] IPUIPlugin:80 - create IPUIPlugin
2023-05-21 21:22:00,711 [INFO] PluginManager:220 - loadIPPluginJar : add adc
2023-05-21 21:22:00,712 [INFO] IPUIPlugin:80 - create IPUIPlugin
2023-05-21 21:22:00,712 [INFO] PluginManager:220 - loadIPPluginJar : add gtzc
2023-05-21 21:22:00,713 [INFO] IPUIPlugin:80 - create IPUIPlugin
2023-05-21 21:22:00,713 [INFO] PluginManager:220 - loadIPPluginJar : add quadspi
2023-05-21 21:22:00,715 [INFO] IPUIPlugin:80 - create IPUIPlugin
2023-05-21 21:22:00,715 [INFO] PluginManager:220 - loadIPPluginJar : add aes
2023-05-21 21:22:00,716 [INFO] IPUIPlugin:80 - create IPUIPlugin
2023-05-21 21:22:00,716 [INFO] PluginManager:220 - loadIPPluginJar : add pdm2pcm
2023-05-21 21:22:00,717 [INFO] IPUIPlugin:80 - create IPUIPlugin
2023-05-21 21:22:00,717 [INFO] PluginManager:220 - loadIPPluginJar : add hash
2023-05-21 21:22:00,718 [INFO] IPUIPlugin:80 - create IPUIPlugin
2023-05-21 21:22:00,718 [INFO] PluginManager:220 - loadIPPluginJar : add tim
2023-05-21 21:22:00,719 [INFO] IPUIPlugin:80 - create IPUIPlugin
2023-05-21 21:22:00,719 [INFO] PluginManager:220 - loadIPPluginJar : add tsc
2023-05-21 21:22:00,720 [INFO] IPUIPlugin:80 - create IPUIPlugin
2023-05-21 21:22:00,720 [INFO] PluginManager:220 - loadIPPluginJar : add ts
2023-05-21 21:22:00,722 [INFO] IPUIPlugin:80 - create IPUIPlugin
2023-05-21 21:22:00,722 [INFO] PluginManager:220 - loadIPPluginJar : add can
2023-05-21 21:22:00,723 [INFO] IPUIPlugin:80 - create IPUIPlugin
2023-05-21 21:22:00,723 [INFO] PluginManager:220 - loadIPPluginJar : add dma3
2023-05-21 21:22:00,724 [INFO] IPUIPlugin:80 - create IPUIPlugin
2023-05-21 21:22:00,724 [INFO] PluginManager:220 - loadIPPluginJar : add dfsdm
2023-05-21 21:22:00,725 [INFO] IPUIPlugin:80 - create IPUIPlugin
2023-05-21 21:22:00,725 [INFO] PluginManager:220 - loadIPPluginJar : add spi
2023-05-21 21:22:00,726 [INFO] IPUIPlugin:80 - create IPUIPlugin
2023-05-21 21:22:00,726 [INFO] PluginManager:220 - loadIPPluginJar : add gfxmmu
2023-05-21 21:22:00,727 [INFO] IPUIPlugin:80 - create IPUIPlugin
2023-05-21 21:22:00,727 [INFO] PluginManager:220 - loadIPPluginJar : add genericplugin
2023-05-21 21:22:00,728 [INFO] IPUIPlugin:80 - create IPUIPlugin
2023-05-21 21:22:00,729 [INFO] PluginManager:220 - loadIPPluginJar : add cryp
2023-05-21 21:22:00,731 [INFO] IPUIPlugin:80 - create IPUIPlugin
2023-05-21 21:22:00,731 [INFO] PluginManager:220 - loadIPPluginJar : add gpio
2023-05-21 21:22:00,731 [INFO] IPUIPlugin:80 - create IPUIPlugin
2023-05-21 21:22:00,731 [INFO] PluginManager:220 - loadIPPluginJar : add comp
2023-05-21 21:22:00,732 [INFO] IPUIPlugin:80 - create IPUIPlugin
2023-05-21 21:22:00,733 [INFO] PluginManager:220 - loadIPPluginJar : add tracer_emb
2023-05-21 21:22:00,734 [INFO] IPUIPlugin:80 - create IPUIPlugin
2023-05-21 21:22:00,734 [INFO] PluginManager:220 - loadIPPluginJar : add openamp
2023-05-21 21:22:00,737 [INFO] IPUIPlugin:80 - create IPUIPlugin
2023-05-21 21:22:00,737 [INFO] PluginManager:220 - loadIPPluginJar : add stm32_wpan
2023-05-21 21:22:00,740 [INFO] IPUIPlugin:80 - create IPUIPlugin
2023-05-21 21:22:00,744 [INFO] PluginManager:220 - loadIPPluginJar : add plateformsettings
2023-05-21 21:22:00,746 [INFO] IPUIPlugin:80 - create IPUIPlugin
2023-05-21 21:22:00,746 [INFO] PluginManager:220 - loadIPPluginJar : add ipddr
2023-05-21 21:22:00,748 [INFO] IPUIPlugin:80 - create IPUIPlugin
2023-05-21 21:22:00,748 [INFO] PluginManager:220 - loadIPPluginJar : add usart
2023-05-21 21:22:00,749 [INFO] IPUIPlugin:80 - create IPUIPlugin
2023-05-21 21:22:00,749 [INFO] PluginManager:220 - loadIPPluginJar : add ltdc
2023-05-21 21:22:00,751 [INFO] IPUIPlugin:80 - create IPUIPlugin
2023-05-21 21:22:00,751 [INFO] PluginManager:220 - loadIPPluginJar : add nvic
2023-05-21 21:22:00,752 [INFO] IPUIPlugin:80 - create IPUIPlugin
2023-05-21 21:22:00,752 [INFO] PluginManager:220 - loadIPPluginJar : add fatfs
2023-05-21 21:22:00,756 [INFO] IPUIPlugin:80 - create IPUIPlugin
2023-05-21 21:22:00,756 [INFO] PluginManager:220 - loadIPPluginJar : add linkedlist
2023-05-21 21:22:00,759 [INFO] IPUIPlugin:80 - create IPUIPlugin
2023-05-21 21:22:00,759 [INFO] PluginManager:220 - loadIPPluginJar : add dma
2023-05-21 21:22:00,764 [INFO] IPUIPlugin:80 - create IPUIPlugin
2023-05-21 21:22:00,764 [INFO] PluginManager:220 - loadIPPluginJar : add fmc
2023-05-21 21:22:00,766 [INFO] IPUIPlugin:80 - create IPUIPlugin
2023-05-21 21:22:00,766 [INFO] PluginManager:220 - loadIPPluginJar : add i2s
2023-05-21 21:22:00,767 [INFO] IPUIPlugin:80 - create IPUIPlugin
2023-05-21 21:22:00,767 [INFO] PluginManager:220 - loadIPPluginJar : add ucpd
2023-05-21 21:22:00,768 [INFO] IPUIPlugin:80 - create IPUIPlugin
2023-05-21 21:22:00,768 [INFO] PluginManager:220 - loadIPPluginJar : add lorawan
2023-05-21 21:22:00,769 [INFO] IPUIPlugin:80 - create IPUIPlugin
2023-05-21 21:22:00,769 [INFO] PluginManager:220 - loadIPPluginJar : add opamp
2023-05-21 21:22:00,771 [INFO] IPUIPlugin:80 - create IPUIPlugin
2023-05-21 21:22:00,772 [INFO] PluginManager:220 - loadIPPluginJar : add i3c
2023-05-21 21:22:00,774 [INFO] IPUIPlugin:80 - create IPUIPlugin
2023-05-21 21:22:00,774 [INFO] PluginManager:220 - loadIPPluginJar : add touchsensing
2023-05-21 21:22:00,777 [INFO] IPUIPlugin:80 - create IPUIPlugin
2023-05-21 21:22:00,777 [INFO] PluginManager:220 - loadIPPluginJar : add i2c
2023-05-21 21:22:00,779 [INFO] IPUIPlugin:80 - create IPUIPlugin
2023-05-21 21:22:00,779 [INFO] PluginManager:220 - loadIPPluginJar : add resmgrutility
2023-05-21 21:22:00,780 [INFO] IPUIPlugin:80 - create IPUIPlugin
2023-05-21 21:22:00,780 [INFO] PluginManager:220 - loadIPPluginJar : add sai
2023-05-21 21:22:00,783 [INFO] IPUIPlugin:80 - create IPUIPlugin
2023-05-21 21:22:00,783 [INFO] PluginManager:220 - loadIPPluginJar : add usbx
2023-05-21 21:22:00,913 [INFO] CADModel:165 - CPN selected for project level
2023-05-21 21:22:00,913 [INFO] CADModel:114 - Register for checkConnection events
2023-05-21 21:22:00,914 [FATAL] Updater:308 - Updater called before beeing initialized
2023-05-21 21:22:00,914 [ERROR] CADModel:125 - Updater not yet initialized, retry later 
2023-05-21 21:22:01,076 [INFO] CADModel:165 - CPN selected for project level
2023-05-21 21:22:01,076 [INFO] CADModel:114 - Register for checkConnection events
2023-05-21 21:22:01,076 [FATAL] Updater:308 - Updater called before beeing initialized
2023-05-21 21:22:01,076 [ERROR] CADModel:125 - Updater not yet initialized, retry later 
2023-05-21 21:22:01,079 [FATAL] Updater:308 - Updater called before beeing initialized
2023-05-21 21:22:01,221 [FATAL] Updater:308 - Updater called before beeing initialized
2023-05-21 21:22:01,240 [INFO] DbMcusAds:53 - JSON generation date=Tue Mar 07 19:50:54 AEDT 2023 (1678179054945)
2023-05-21 21:22:01,240 [FATAL] Updater:308 - Updater called before beeing initialized
2023-05-21 21:22:01,357 [WARN] DetailPanel:346 - Failed to get advertising image, set to default
2023-05-21 21:22:01,544 [FATAL] Updater:308 - Updater called before beeing initialized
2023-05-21 21:22:01,554 [FATAL] Updater:308 - Updater called before beeing initialized
2023-05-21 21:22:01,554 [FATAL] Updater:308 - Updater called before beeing initialized
2023-05-21 21:22:01,554 [WARN] DetailPanel:346 - Failed to get advertising image, set to default
2023-05-21 21:22:01,560 [FATAL] Updater:308 - Updater called before beeing initialized
2023-05-21 21:22:01,716 [ERROR] Updater:1120 - MainUpdater not yet initialized. External WinMGr cannot be set.
2023-05-21 21:22:01,799 [INFO] Updater:1056 - Updater Version found : 6.8.0
2023-05-21 21:22:01,865 [INFO] ApplicationProperties:184 - Using Application install path: /Applications/STM32CubeIDE.app/Contents/Eclipse/plugins/com.st.stm32cube.common.mx_6.8.0.202302231600
2023-05-21 21:22:03,103 [INFO] ThirdPartyUpdaterWithRetryManager:70 - Updater plugin not ready yet. [2/15]
2023-05-21 21:22:03,296 [INFO] MainUpdater:2854 - connection check result : 10
2023-05-21 21:22:03,297 [INFO] MainUpdater:3548 - Updater definition file requires update
2023-05-21 21:22:03,300 [INFO] MainUpdater:283 - Updater Check For Update Now.
2023-05-21 21:22:03,306 [INFO] MicroXplorer:498 - Change Database Version : DB.6.0.80
2023-05-21 21:22:05,679 [INFO] ServerAccessManage:473 - Download File updaters.zip
2023-05-21 21:22:05,905 [INFO] FileExtend:240 - Unzip File : updaters.zip
2023-05-21 21:22:05,905 [INFO] FileExtend:255 - Standard Zip Deflate
2023-05-21 21:22:06,106 [WARN] MainUpdater:1187 - Updater busy. Cannot search thirdparties
2023-05-21 21:22:06,107 [INFO] ThirdPartyUpdaterWithRetryManager:96 - Updater plugin is busy. [1/15]
2023-05-21 21:22:07,158 [INFO] ServerAccessManage:473 - Download File PacksControlFlags.xml
2023-05-21 21:22:08,506 [INFO] ServerAccessManage:473 - Download File cubemx.pidx
2023-05-21 21:22:08,686 [INFO] LoadServerUpdatesThread:373 - End of LoadServerUpdate Thread
2023-05-21 21:22:08,879 [INFO] CheckServerUpdateThread:120 - End of CheckServer Thread
2023-05-21 21:22:08,958 [INFO] MainUpdater:2854 - connection check result : 10
2023-05-21 21:22:08,961 [INFO] MainUpdater:2854 - connection check result : 10
2023-05-21 21:22:09,290 [WARN] PackLoader:240 - Cannot read IP mode file for STMicroelectronics.X-CUBE-GNSS1.6.0.0
2023-05-21 21:22:09,377 [WARN] PackLoader:240 - Cannot read IP mode file for STMicroelectronics.X-CUBE-AZRTOS-F4.1.1.0
2023-05-21 21:22:09,461 [WARN] PackLoader:240 - Cannot read IP mode file for STMicroelectronics.X-CUBE-SMBUS.2.1.0
2023-05-21 21:22:09,564 [WARN] PackLoader:240 - Cannot read IP mode file for STMicroelectronics.X-CUBE-AZRTOS-F7.1.1.0
2023-05-21 21:22:09,843 [WARN] PackLoader:240 - Cannot read IP mode file for STMicroelectronics.X-CUBE-MEMS1.9.6.0
2023-05-21 21:22:10,059 [ERROR] RealEvaluatedCondition:428 - Found unsupported composite condition: CLASS='Data Exchange' GROUP='STM32_MetaDataManager'
2023-05-21 21:22:10,061 [ERROR] RealEvaluatedCondition:428 - Found unsupported composite condition: GROUP='STM32_MetaDataManager' CLASS='Data Exchange'
2023-05-21 21:22:10,094 [WARN] PackLoader:240 - Cannot read IP mode file for STMicroelectronics.FP-SNS-MOTENV1.4.3.0
2023-05-21 21:22:10,110 [INFO] MicroXplorer:468 - Change Database Path : 
2023-05-21 21:22:10,110 [INFO] MicroXplorer:498 - Change Database Version : DB.6.0.80
2023-05-21 21:22:10,113 [WARN] ThirdParty:871 - waiting for thirdparty lock release [close project]
2023-05-21 21:22:10,114 [WARN] PackLoader:240 - Cannot read IP mode file for STMicroelectronics.FP-SNS-FLIGHT1.5.0.0
2023-05-21 21:22:10,132 [WARN] PackLoader:240 - Cannot read IP mode file for STMicroelectronics.X-CUBE-BLE1.6.2.4
2023-05-21 21:22:10,153 [WARN] PackLoader:240 - Cannot read IP mode file for emotas.I-CUBE-CANOPEN.1.1.3
2023-05-21 21:22:10,167 [WARN] PackLoader:240 - Cannot read IP mode file for STMicroelectronics.X-CUBE-BLEMGR.2.0.0
2023-05-21 21:22:10,200 [WARN] ConditionMgr:438 - getConditionDescription Invalid condition id : UX DEVICE CLASS RTOS Condition cause : null
2023-05-21 21:22:10,201 [WARN] ConditionMgr:438 - getConditionDescription Invalid condition id : UX DEVICE CLASS RTOS Condition cause : null
2023-05-21 21:22:10,209 [WARN] PackLoader:240 - Cannot read IP mode file for STMicroelectronics.X-CUBE-AZRTOS-H7.3.1.0
2023-05-21 21:22:10,213 [WARN] ConditionMgr:1039 - genDependencies : Invalid condition id : UX DEVICE CLASS RTOS Condition cause : null
2023-05-21 21:22:10,213 [WARN] ConditionMgr:1039 - genDependencies : Invalid condition id : UX DEVICE CLASS RTOS Condition cause : null
2023-05-21 21:22:10,214 [WARN] ConditionMgr:1039 - genDependencies : Invalid condition id : UX DEVICE CLASS RTOS Condition cause : null
2023-05-21 21:22:10,215 [WARN] ConditionMgr:1039 - genDependencies : Invalid condition id : UX DEVICE CLASS RTOS Condition cause : null
2023-05-21 21:22:10,215 [WARN] ConditionMgr:1039 - genDependencies : Invalid condition id : UX DEVICE CLASS RTOS Condition cause : null
2023-05-21 21:22:10,229 [WARN] PackLoader:240 - Cannot read IP mode file for STMicroelectronics.X-CUBE-DISPLAY.3.0.0
2023-05-21 21:22:10,239 [WARN] PackLoader:240 - Cannot read IP mode file for wolfSSL.I-CUBE-wolfSSL.5.5.4
2023-05-21 21:22:10,244 [WARN] PackLoader:240 - Cannot read IP mode file for STMicroelectronics.X-CUBE-NFC7.1.0.0
2023-05-21 21:22:10,249 [WARN] PackLoader:240 - Cannot read IP mode file for STMicroelectronics.X-CUBE-EEPRMA1.4.1.0
2023-05-21 21:22:10,256 [WARN] PackLoader:240 - Cannot read IP mode file for WES.I-CUBE-Cesium.1.3.0
2023-05-21 21:22:10,263 [WARN] PackLoader:240 - Cannot read IP mode file for STMicroelectronics.X-CUBE-SFXS2LP1.4.0.0
2023-05-21 21:22:10,269 [WARN] PackLoader:240 - Cannot read IP mode file for STMicroelectronics.X-CUBE-BLE2.3.3.0
2023-05-21 21:22:10,282 [WARN] PackLoader:240 - Cannot read IP mode file for STMicroelectronics.X-CUBE-TOF1.3.2.0
2023-05-21 21:22:10,343 [WARN] PackLoader:240 - Cannot read IP mode file for STMicroelectronics.X-CUBE-AZRTOS-H7.3.0.0
2023-05-21 21:22:10,360 [WARN] PackLoader:240 - Cannot read IP mode file for STMicroelectronics.X-CUBE-ISPU.1.1.0
2023-05-21 21:22:10,372 [WARN] PackLoader:240 - Cannot read IP mode file for RoweBots.I-CUBE-UNISONRTOS.5.5.0-4
2023-05-21 21:22:10,377 [WARN] PackLoader:240 - Cannot read IP mode file for STMicroelectronics.X-CUBE-AI.8.0.0
2023-05-21 21:22:10,385 [WARN] PackLoader:240 - Cannot read IP mode file for STMicroelectronics.X-CUBE-FREERTOS.1.0.0
2023-05-21 21:22:10,388 [WARN] PackLoader:240 - Cannot read IP mode file for STMicroelectronics.X-CUBE-FREERTOS.1.0.1
2023-05-21 21:22:10,392 [WARN] PackLoader:240 - Cannot read IP mode file for STMicroelectronics.X-CUBE-TOUCHGFX.4.21.1
2023-05-21 21:22:10,393 [WARN] PackLoader:240 - Cannot read IP mode file for STMicroelectronics.X-CUBE-TOUCHGFX.4.21.3
2023-05-21 21:22:10,394 [WARN] PackLoader:240 - Cannot read IP mode file for STMicroelectronics.X-CUBE-TOUCHGFX.4.21.4
2023-05-21 21:22:10,399 [WARN] PackLoader:240 - Cannot read IP mode file for STMicroelectronics.X-CUBE-ALGOBUILD.1.3.0
2023-05-21 21:22:10,421 [WARN] PackLoader:240 - Cannot read IP mode file for STMicroelectronics.X-CUBE-AZRTOS-L5.1.1.0
2023-05-21 21:22:10,454 [WARN] PackLoader:240 - Cannot read IP mode file for STMicroelectronics.X-CUBE-AZRTOS-G0.1.1.0
2023-05-21 21:22:10,469 [WARN] PackLoader:240 - Cannot read IP mode file for STMicroelectronics.X-CUBE-AI.8.0.1
2023-05-21 21:22:10,485 [WARN] PackLoader:240 - Cannot read IP mode file for STMicroelectronics.X-CUBE-SUBG2.5.0.0
2023-05-21 21:22:10,505 [WARN] PackLoader:240 - Cannot read IP mode file for STMicroelectronics.X-CUBE-NFC4.3.0.0
2023-05-21 21:22:10,525 [WARN] PackLoader:240 - Cannot read IP mode file for STMicroelectronics.X-CUBE-AZRTOS-G4.2.0.0
2023-05-21 21:22:10,543 [WARN] PackLoader:240 - Cannot read IP mode file for STMicroelectronics.X-CUBE-TOF1.3.3.0
2023-05-21 21:22:10,625 [WARN] PackLoader:240 - Cannot read IP mode file for STMicroelectronics.FP-ATR-ASTRA1.1.1.1
2023-05-21 21:22:10,670 [WARN] PackLoader:240 - Cannot read IP mode file for STMicroelectronics.X-CUBE-AZRTOS-G4.1.0.0
2023-05-21 21:22:10,675 [WARN] PackLoader:240 - Cannot read IP mode file for STMicroelectronics.FP-ATR-SIGFOX1.3.2.0
2023-05-21 21:22:10,698 [WARN] PackLoader:240 - Cannot read IP mode file for STMicroelectronics.X-CUBE-AZRTOS-L4.1.0.0
2023-05-21 21:22:10,716 [WARN] PackLoader:240 - Cannot read IP mode file for STMicroelectronics.X-CUBE-AZRTOS-WL.1.0.0
2023-05-21 21:22:10,723 [WARN] PackLoader:240 - Cannot read IP mode file for portGmbH.I-Cube-SoM-uGOAL.1.1.0
2023-05-21 21:22:10,726 [WARN] PackLoader:240 - Cannot read IP mode file for STMicroelectronics.X-CUBE-ALS.1.0.1
2023-05-21 21:22:10,779 [WARN] PackLoader:240 - Cannot read IP mode file for STMicroelectronics.X-CUBE-MEMS1.9.5.0
2023-05-21 21:22:10,885 [WARN] PackLoader:240 - Cannot read IP mode file for STMicroelectronics.X-CUBE-AZRTOS-WB.1.1.0
2023-05-21 21:22:10,960 [WARN] PackLoader:240 - Cannot read IP mode file for SEGGER.I-CUBE-embOS.1.3.1
2023-05-21 21:22:10,993 [WARN] PackLoader:240 - Cannot read IP mode file for STMicroelectronics.FP-ATR-ASTRA1.2.0.0
2023-05-21 21:22:10,997 [INFO] ThirdParty:978 - Integrity check success = true
2023-05-21 21:22:10,997 [INFO] IntegrityCheckThread:100 - exiting critical section [integrity check]
2023-05-21 21:22:10,998 [INFO] IntegrityCheckThread:103 - End integrity checks thread
2023-05-21 21:22:10,998 [INFO] ThirdParty:873 - entering critical section [close project]
2023-05-21 21:22:11,000 [INFO] ThirdParty:883 - exiting critical section [close project]
2023-05-21 21:22:11,012 [INFO] PinOutPanel:1499 - setPackage(No Configuration,No Configuration)
2023-05-21 21:22:11,033 [INFO] UtilMem:75 - Begin LoadConfig() Used Memory: 440493328 Bytes (790626304)
2023-05-21 21:22:11,042 [INFO] MicroXplorer:468 - Change Database Path : /Users/neelbagayatkar/.stm32cubemx/databases/DB.6.0.60/db/
2023-05-21 21:22:11,042 [INFO] MicroXplorer:498 - Change Database Version : DB.6.0.60
2023-05-21 21:22:15,813 [INFO] OpenFileManager:308 - Change cursor
2023-05-21 21:22:15,937 [INFO] Mcu:1937 - Initializing MCU STM32F303V(B-C)Tx STM32F303VCTx STM32F303VCT6
2023-05-21 21:22:17,644 [INFO] Context:659 - Trying to add GPIOservice into a context  which must be forbidden
2023-05-21 21:22:18,672 [INFO] RtosManager:555 - Registered RTOS mode: class=CMSIS, group=RTOS, mode=CMSIS_V1, owner=FREERTOS
2023-05-21 21:22:18,674 [INFO] RtosManager:555 - Registered RTOS mode: class=CMSIS, group=RTOS2, mode=CMSIS_V2, owner=FREERTOS
2023-05-21 21:22:18,674 [INFO] RtosManager:555 - Registered RTOS mode: class=RTOS, group=Core, mode=CMSIS_V1, owner=FREERTOS
2023-05-21 21:22:18,674 [INFO] RtosManager:555 - Registered RTOS mode: class=RTOS, group=Core, mode=CMSIS_V2, owner=FREERTOS
2023-05-21 21:22:18,674 [WARN] ModelIntegratedComponent:184 - Missing modes for component STMicroelectronics:FreeRTOS:0.0.1:STMicroelectronics:RTOS:FreeRTOS:Core:::10.2.0:
2023-05-21 21:22:18,688 [WARN] ModelIntegratedComponent:63 - No mode defined for component null
2023-05-21 21:22:18,688 [WARN] ModelIntegratedComponent:63 - No mode defined for component null
2023-05-21 21:22:18,688 [WARN] ModelIntegratedComponent:63 - No mode defined for component null
2023-05-21 21:22:18,688 [WARN] ModelIntegratedComponent:63 - No mode defined for component null
2023-05-21 21:22:18,688 [WARN] ModelIntegratedComponent:63 - No mode defined for component null
2023-05-21 21:22:18,688 [WARN] ModelIntegratedComponent:63 - No mode defined for component null
2023-05-21 21:22:18,688 [WARN] ModelIntegratedComponent:63 - No mode defined for component null
2023-05-21 21:22:18,688 [WARN] ModelIntegratedComponent:63 - No mode defined for component null
2023-05-21 21:22:18,688 [WARN] ModelIntegratedComponent:63 - No mode defined for component null
2023-05-21 21:22:18,688 [WARN] ModelIntegratedComponent:63 - No mode defined for component null
2023-05-21 21:22:18,688 [WARN] ModelIntegratedComponent:63 - No mode defined for component null
2023-05-21 21:22:18,688 [WARN] ModelIntegratedComponent:63 - No mode defined for component null
2023-05-21 21:22:18,688 [WARN] ModelIntegratedComponent:63 - No mode defined for component null
2023-05-21 21:22:18,688 [WARN] ModelIntegratedComponent:63 - No mode defined for component null
2023-05-21 21:22:18,688 [WARN] ModelIntegratedComponent:63 - No mode defined for component null
2023-05-21 21:22:18,688 [WARN] ModelIntegratedComponent:63 - No mode defined for component null
2023-05-21 21:22:18,688 [WARN] ModelIntegratedComponent:63 - No mode defined for component null
2023-05-21 21:22:18,688 [WARN] ModelIntegratedComponent:63 - No mode defined for component null
2023-05-21 21:22:18,688 [WARN] ModelIntegratedComponent:63 - No mode defined for component null
2023-05-21 21:22:18,688 [WARN] ModelIntegratedComponent:63 - No mode defined for component null
2023-05-21 21:22:18,688 [WARN] ModelIntegratedComponent:63 - No mode defined for component null
2023-05-21 21:22:18,688 [WARN] ModelIntegratedComponent:63 - No mode defined for component null
2023-05-21 21:22:18,688 [WARN] ModelIntegratedComponent:63 - No mode defined for component null
2023-05-21 21:22:18,688 [WARN] ModelIntegratedComponent:63 - No mode defined for component null
2023-05-21 21:22:18,688 [WARN] ModelIntegratedComponent:63 - No mode defined for component null
2023-05-21 21:22:18,688 [WARN] ModelIntegratedComponent:63 - No mode defined for component null
2023-05-21 21:22:18,688 [WARN] ModelIntegratedComponent:63 - No mode defined for component null
2023-05-21 21:22:18,688 [WARN] ModelIntegratedComponent:63 - No mode defined for component null
2023-05-21 21:22:18,688 [WARN] ModelIntegratedComponent:63 - No mode defined for component null
2023-05-21 21:22:18,688 [WARN] ModelIntegratedComponent:63 - No mode defined for component null
2023-05-21 21:22:18,688 [WARN] ModelIntegratedComponent:63 - No mode defined for component null
2023-05-21 21:22:18,688 [WARN] ModelIntegratedComponent:63 - No mode defined for component null
2023-05-21 21:22:18,688 [WARN] ModelIntegratedComponent:63 - No mode defined for component null
2023-05-21 21:22:18,837 [INFO] ThirdPartyModel:298 - Start build external matchings
2023-05-21 21:22:19,191 [INFO] ThirdPartyModel:316 - End build external matchings
2023-05-21 21:22:19,269 [INFO] ImportTextPane:194 - (OptionalMessage_ERROR) IP (RCC) : Invalid parameter (FamilyName)
2023-05-21 21:22:19,272 [INFO] ImportTextPane:194 - (OptionalMessage_ERROR) IP (RCC) : Invalid parameter (TIM2Freq_Value)
2023-05-21 21:22:19,619 [INFO] UtilMem:75 - End LoadConfig() Used Memory: 561929256 Bytes (790626304)
2023-05-21 21:22:20,164 [INFO] ApiDb:581 - Connected to CubeFinder SQLite database (/Users/neelbagayatkar/.stmcufinder/plugins/mcufinder/mcu/cube-finder-db.db)
2023-05-21 21:22:20,202 [INFO] ApiDb:668 - CubeFinder database Data Model version=2.1
2023-05-21 21:22:20,203 [INFO] ApiDb:669 - CubeFinder database Configuration version=3.0.35
2023-05-21 21:22:20,203 [INFO] ApiDb:670 - CubeFinder database generation date=2023-05-12 (1683877179)
2023-05-21 21:22:20,204 [INFO] ApiDb:671 - CubeFinder database FW Pack versions=[FP-ATR-ASTRA1_V2.0.0, FP-SNS-FLIGHT1_V5.0.0, FP-SNS-MOTENV1_V4.3.0, STM32Cube_FW_C0_V1.0.1, STM32Cube_FW_F0_V1.11.4, STM32Cube_FW_F3_V1.11.4, STM32Cube_FW_F4_V1.27.1, STM32Cube_FW_F7_V1.17.0, STM32Cube_FW_G0_V1.6.1, STM32Cube_FW_G4_V1.5.1, STM32Cube_FW_H5_V0.5.1, STM32Cube_FW_H5_V1.0.0, STM32Cube_FW_H7_V1.11.0, STM32Cube_FW_L0_V1.12.2, STM32Cube_FW_L5_V1.5.0, STM32Cube_FW_U5_V1.2.0, STM32Cube_FW_WBA_V1.0.0, STM32Cube_FW_WBA_V1.0.0RC1, STM32Cube_FW_WBA_V1.0.0RC3, STM32Cube_FW_WB_V1.15.0RC1, STM32Cube_FW_WB_V1.16.0, STM32Cube_FW_WB_V1.16.0RC2, STM32Cube_FW_WL_V1.3.0, X-CUBE-ALGOBUILD_V1.3.0, X-CUBE-ALS_V1.0.1, X-CUBE-AZRTOS-F4_V1.1.0, X-CUBE-AZRTOS-F7_V1.1.0, X-CUBE-AZRTOS-G0_V1.1.0, X-CUBE-AZRTOS-G4_V2.0.0, X-CUBE-AZRTOS-H7_V3.1.0, X-CUBE-AZRTOS-L4_V1.0.0, X-CUBE-AZRTOS-L5_V1.1.0, X-CUBE-AZRTOS-WB_V1.1.0, X-CUBE-AZRTOS-WL_V1.0.0, X-CUBE-BLE1_V6.2.4, X-CUBE-BLE2_V3.3.0, X-CUBE-BLEMGR_V2.0.0, X-CUBE-EEPRMA1_V4.1.0, X-CUBE-FREERTOS_V1.0.1, X-CUBE-GNSS1_V6.0.0, X-CUBE-MEMS1_V9.1.0, X-CUBE-MEMS1_V9.4.0, X-CUBE-MEMS1_V9.6.0, X-CUBE-NFC4_V3.0.0, X-CUBE-NFC7_V1.0.0, X-CUBE-SFXS2LP1_V4.0.0, X-CUBE-SUBG2_V5.0.0]
2023-05-21 21:22:21,293 [INFO] ApiDb:240 - Found 297 in-development CPN: [B-G473E-ZEST1S, B-WB1M-WPAN1, B-WL5M-SUBG1, NUCLEO-C031C6, NUCLEO-H503RB, NUCLEO-H563ZI, NUCLEO-U545RE-Q, NUCLEO-U5A5ZJ-Q, NUCLEO-WBA52CG, STEVAL-PROTEUS1, STEVAL-STWINBX1, STM320518-EVAL, STM32C0116-DK, STM32C011D6Y3TR, STM32C011D6Y6TR, STM32C011F4P3, STM32C011F4P6, STM32C011F4U3, STM32C011F4U6TR, STM32C011F6P3, STM32C011F6P6, STM32C011F6U3, STM32C011F6U6TR, STM32C011J4M3, STM32C011J4M6, STM32C011J6M3, STM32C011J6M6, STM32C0316-DK, STM32C031C4T3, STM32C031C4T6, STM32C031C4U3, STM32C031C4U6, STM32C031C6T3, STM32C031C6T6, STM32C031C6U3, STM32C031C6U6, STM32C031F4P3, STM32C031F4P6, STM32C031F6P3, STM32C031F6P6, STM32C031G4U3, STM32C031G4U6, STM32C031G6U3, STM32C031G6U6, STM32C031K4T3, STM32C031K4T6, STM32C031K4U3, STM32C031K4U6, STM32C031K6T3, STM32C031K6T6, STM32C031K6U3, STM32C031K6U6, STM32G071K8TXN, STM32G071K8UXN, STM32G081GBU6N, STM32G081KBT6N, STM32G081KBUXN, STM32G0B1CCT6N, STM32G0B1KCT6, STM32G0B1NEY6TR, STM32G0B1RCT6N, STM32G0C1CCT6, STM32G0C1CCT6N, STM32G0C1CCU6N, STM32G0C1CET6N, STM32G0C1CEU6N, STM32G0C1KCT6, STM32G0C1NEY6TR, STM32G0C1RCI6N, STM32G0C1RCT6N, STM32G0C1REI6N, STM32G0C1RET6N, STM32G0C1VCI6, STM32G0C1VEI6, STM32G471CCT6, STM32G471CCU6, STM32G471CET3, STM32G471CET6, STM32G471CEU3, STM32G471CEU6, STM32G471MCT6, STM32G471MET3, STM32G471MET6, STM32G471MEY6TR, STM32G471QCT6, STM32G471QET3, STM32G471RCT6, STM32G471RET3, STM32G471RET6, STM32G471VCH6, STM32G471VCI6, STM32G471VCT6, STM32G471VEH3, STM32G471VEH6, STM32G471VEI3, STM32G471VEI6, STM32G471VET3, STM32G471VET6, STM32G474CCT6, STM32H503CBT6, STM32H503CBU6, STM32H503EBY6TR, STM32H503KBU6, STM32H503RBT6, STM32H562AGI6, STM32H562AII6, STM32H562IGK6, STM32H562IGT6, STM32H562IIK6, STM32H562IIT6, STM32H562RGT6, STM32H562RGV6, STM32H562RIT6, STM32H562RIV6, STM32H562VGT6, STM32H562VIT6, STM32H562ZGT6, STM32H562ZIT6, STM32H563AGI6, STM32H563AII3Q, STM32H563AII6, STM32H563IGK6, STM32H563IGT6, STM32H563IIK3Q, STM32H563IIK6, STM32H563IIT3Q, STM32H563IIT6, STM32H563MIY3QTR, STM32H563RGT6, STM32H563RGV6, STM32H563RIT6, STM32H563RIV6, STM32H563VGT6, STM32H563VIT3Q, STM32H563VIT6, STM32H563ZGT6, STM32H563ZIT3Q, STM32H563ZIT6, STM32H573AII3Q, STM32H573AII6, STM32H573I-DK, STM32H573IIK3Q, STM32H573IIK6, STM32H573IIT3Q, STM32H573IIT6, STM32H573MIY3QTR, STM32H573RIT6, STM32H573RIV6, STM32H573VIT3Q, STM32H573VIT6, STM32H573ZIT3Q, STM32H573ZIT6, STM32L4R5QGI6STR, STM32MP131AAE3, STM32MP131AAF3, STM32MP131AAG3, STM32MP131CAE3, STM32MP131CAF3, STM32MP131CAG3, STM32MP131DAE7, STM32MP131DAF7, STM32MP131DAG7, STM32MP131FAE7, STM32MP131FAF7, STM32MP131FAG7, STM32MP133AAE3, STM32MP133AAF3, STM32MP133AAG3, STM32MP133CAE3, STM32MP133CAF3, STM32MP133CAG3, STM32MP133DAE7, STM32MP133DAF7, STM32MP133DAG7, STM32MP133FAE7, STM32MP133FAF7, STM32MP133FAG7, STM32MP135AAE3, STM32MP135AAF3, STM32MP135AAG3, STM32MP135CAE3, STM32MP135CAF3, STM32MP135CAG3, STM32MP135DAE7, STM32MP135DAF7, STM32MP135DAG7, STM32MP135F-DK, STM32MP135FAE7, STM32MP135FAF7, STM32MP135FAF7T, STM32MP135FAF7U, STM32MP135FAG7, STM32U535CBT6, STM32U535CBT6Q, STM32U535CBU6, STM32U535CBU6Q, STM32U535CCT6, STM32U535CCT6Q, STM32U535CCU6, STM32U535CCU6Q, STM32U535CET6, STM32U535CET6Q, STM32U535CEU6, STM32U535CEU6Q, STM32U535JEY6QTR, STM32U535NCY6QTR, STM32U535NEY6QTR, STM32U535RBI6, STM32U535RBI6Q, STM32U535RBT6, STM32U535RBT6Q, STM32U535RCI6, STM32U535RCI6Q, STM32U535RCT6, STM32U535RCT6Q, STM32U535REI6, STM32U535REI6Q, STM32U535RET6, STM32U535RET6Q, STM32U535VCI6, STM32U535VCI6Q, STM32U535VCT6, STM32U535VCT6Q, STM32U535VEI6, STM32U535VEI6Q, STM32U535VET6, STM32U535VET6Q, STM32U545CET6, STM32U545CET6Q, STM32U545CEU6, STM32U545CEU6Q, STM32U545JEY6QTR, STM32U545NEY6QTR, STM32U545REI6, STM32U545REI6Q, STM32U545RET6, STM32U545RET6Q, STM32U545VEI6, STM32U545VEI6Q, STM32U545VET6, STM32U545VET6Q, STM32U595AIH6, STM32U595AIH6Q, STM32U595AJH6, STM32U595AJH6Q, STM32U595QII6, STM32U595QII6Q, STM32U595QJI6, STM32U595QJI6Q, STM32U595RIT6, STM32U595RIT6Q, STM32U595RJT6, STM32U595RJT6Q, STM32U595VIT6, STM32U595VIT6Q, STM32U595VJT6, STM32U595VJT6Q, STM32U595ZIT6, STM32U595ZIT6Q, STM32U595ZIY6QTR, STM32U595ZJT6, STM32U595ZJT6Q, STM32U595ZJY6QTR, STM32U599BJY6QTR, STM32U599NIH6Q, STM32U599NJH6Q, STM32U599VIT6Q, STM32U599VJT6, STM32U599VJT6Q, STM32U599ZIT6Q, STM32U599ZIY6QTR, STM32U599ZJT6Q, STM32U599ZJY6QTR, STM32U5A5AJH6, STM32U5A5AJH6Q, STM32U5A5QJI6, STM32U5A5QJI6Q, STM32U5A5RJT6, STM32U5A5RJT6Q, STM32U5A5VJT6, STM32U5A5VJT6Q, STM32U5A5ZJT6, STM32U5A5ZJT6Q, STM32U5A5ZJY6QTR, STM32U5A9BJY6QTR, STM32U5A9J-DK, STM32U5A9NJH6Q, STM32U5A9VJT6Q, STM32U5A9ZJT6Q, STM32U5A9ZJY6QTR, STM32WB1MMCH6, STM32WBA52CEU6, STM32WBA52CEU6T, STM32WBA52CGU6, STM32WBA52CGU6T, STM32WL5MOCH6, STM32WL5MOCH6TR]
2023-05-21 21:22:21,298 [INFO] DbMcus:216 - Found 3775 MCUs, 3775 are supported
2023-05-21 21:22:21,300 [INFO] ApiDb:423 - Load user favorites file /Users/neelbagayatkar/.stm32cubeide/favorites.mcus.txt: 0 item(s)
2023-05-21 21:22:21,300 [INFO] ApiDb:427 - User favorites MCUs=[]
2023-05-21 21:22:21,301 [INFO] DbMcus:222 - Set 0 / 0 favorites MCUs
2023-05-21 21:22:21,598 [WARN] ThirdParty:833 - waiting for thirdparty lock release [change project]
2023-05-21 21:22:21,598 [INFO] ThirdParty:835 - entering critical section [change project]
2023-05-21 21:22:21,598 [INFO] ThirdParty:1030 - CMSIS Pack Vendor :STMicroelectronics X-CUBE-ISPU 1.1.0
2023-05-21 21:22:21,598 [INFO] ThirdParty:1030 - CMSIS Pack Vendor :RoweBots I-CUBE-UNISONRTOS 5.5.0-4
2023-05-21 21:22:21,598 [INFO] ThirdParty:1030 - CMSIS Pack Vendor :STMicroelectronics X-CUBE-GNSS1 6.0.0
2023-05-21 21:22:21,598 [INFO] ThirdParty:1030 - CMSIS Pack Vendor :STMicroelectronics USB_HOST 2.0.0
2023-05-21 21:22:21,598 [INFO] ThirdParty:1030 - CMSIS Pack Vendor :STMicroelectronics X-CUBE-AZRTOS-F4 1.1.0
2023-05-21 21:22:21,598 [INFO] ThirdParty:1030 - CMSIS Pack Vendor :STMicroelectronics LIBJPEG 8.0.0
2023-05-21 21:22:21,598 [INFO] ThirdParty:1030 - CMSIS Pack Vendor :STMicroelectronics X-CUBE-SMBUS 2.1.0
2023-05-21 21:22:21,599 [INFO] ThirdParty:1030 - CMSIS Pack Vendor :STMicroelectronics USB_DEVICE 3.0.0
2023-05-21 21:22:21,599 [INFO] ThirdParty:1030 - CMSIS Pack Vendor :STMicroelectronics X-CUBE-AI 8.0.0
2023-05-21 21:22:21,599 [INFO] ThirdParty:1030 - CMSIS Pack Vendor :STMicroelectronics X-CUBE-FREERTOS 1.0.0
2023-05-21 21:22:21,599 [INFO] ThirdParty:1030 - CMSIS Pack Vendor :STMicroelectronics X-CUBE-FREERTOS 1.0.1
2023-05-21 21:22:21,599 [INFO] ThirdParty:1030 - CMSIS Pack Vendor :STMicroelectronics X-CUBE-TOUCHGFX 4.21.1
2023-05-21 21:22:21,599 [INFO] ThirdParty:1030 - CMSIS Pack Vendor :STMicroelectronics X-CUBE-TOUCHGFX 4.21.3
2023-05-21 21:22:21,599 [INFO] ThirdParty:1030 - CMSIS Pack Vendor :STMicroelectronics X-CUBE-AZRTOS-F7 1.1.0
2023-05-21 21:22:21,599 [INFO] ThirdParty:1030 - CMSIS Pack Vendor :STMicroelectronics X-CUBE-TOUCHGFX 4.21.4
2023-05-21 21:22:21,599 [INFO] ThirdParty:1030 - CMSIS Pack Vendor :STMicroelectronics USB_DEVICE 2.0.0
2023-05-21 21:22:21,599 [INFO] ThirdParty:1030 - CMSIS Pack Vendor :STMicroelectronics X-CUBE-MEMS1 9.6.0
2023-05-21 21:22:21,599 [INFO] ThirdParty:1030 - CMSIS Pack Vendor :STMicroelectronics FP-SNS-MOTENV1 4.3.0
2023-05-21 21:22:21,599 [INFO] ThirdParty:1030 - CMSIS Pack Vendor :STMicroelectronics FP-SNS-FLIGHT1 5.0.0
2023-05-21 21:22:21,599 [INFO] ThirdParty:1030 - CMSIS Pack Vendor :STMicroelectronics X-CUBE-ALGOBUILD 1.3.0
2023-05-21 21:22:21,599 [INFO] ThirdParty:1030 - CMSIS Pack Vendor :STMicroelectronics X-CUBE-BLE1 6.2.4
2023-05-21 21:22:21,599 [INFO] ThirdParty:1030 - CMSIS Pack Vendor :STMicroelectronics X-CUBE-AZRTOS-L5 1.1.0
2023-05-21 21:22:21,599 [INFO] ThirdParty:1030 - CMSIS Pack Vendor :STMicroelectronics FreeRTOS 0.0.1
2023-05-21 21:22:21,599 [INFO] ThirdParty:1030 - CMSIS Pack Vendor :emotas I-CUBE-CANOPEN 1.1.3
2023-05-21 21:22:21,599 [INFO] ThirdParty:1030 - CMSIS Pack Vendor :STMicroelectronics X-CUBE-AZRTOS-G0 1.1.0
2023-05-21 21:22:21,599 [INFO] ThirdParty:1030 - CMSIS Pack Vendor :STMicroelectronics X-CUBE-BLEMGR 2.0.0
2023-05-21 21:22:21,599 [INFO] ThirdParty:1030 - CMSIS Pack Vendor :STMicroelectronics X-CUBE-AI 8.0.1
2023-05-21 21:22:21,599 [INFO] ThirdParty:1030 - CMSIS Pack Vendor :STMicroelectronics X-CUBE-SUBG2 5.0.0
2023-05-21 21:22:21,599 [INFO] ThirdParty:1030 - CMSIS Pack Vendor :STMicroelectronics X-CUBE-NFC4 3.0.0
2023-05-21 21:22:21,599 [INFO] ThirdParty:1030 - CMSIS Pack Vendor :STMicroelectronics STM32_WPAN 1.0.0
2023-05-21 21:22:21,599 [INFO] ThirdParty:1030 - CMSIS Pack Vendor :STMicroelectronics lwIP 2.0.3
2023-05-21 21:22:21,599 [INFO] ThirdParty:1030 - CMSIS Pack Vendor :STMicroelectronics USB_HOST 1.0.0
2023-05-21 21:22:21,599 [INFO] ThirdParty:1030 - CMSIS Pack Vendor :STMicroelectronics X-CUBE-AZRTOS-G4 2.0.0
2023-05-21 21:22:21,599 [INFO] ThirdParty:1030 - CMSIS Pack Vendor :STMicroelectronics PDM2PCM 3.1.0
2023-05-21 21:22:21,599 [INFO] ThirdParty:1030 - CMSIS Pack Vendor :STMicroelectronics X-CUBE-AZRTOS-H7 3.1.0
2023-05-21 21:22:21,599 [INFO] ThirdParty:1030 - CMSIS Pack Vendor :STMicroelectronics X-CUBE-TOF1 3.3.0
2023-05-21 21:22:21,599 [INFO] ThirdParty:1030 - CMSIS Pack Vendor :STMicroelectronics FP-ATR-ASTRA1 1.1.1
2023-05-21 21:22:21,599 [INFO] ThirdParty:1030 - CMSIS Pack Vendor :STMicroelectronics PDM2PCM 3.3.0
2023-05-21 21:22:21,599 [INFO] ThirdParty:1030 - CMSIS Pack Vendor :STMicroelectronics X-CUBE-DISPLAY 3.0.0
2023-05-21 21:22:21,599 [INFO] ThirdParty:1030 - CMSIS Pack Vendor :STMicroelectronics X-CUBE-AZRTOS-G4 1.0.0
2023-05-21 21:22:21,599 [INFO] ThirdParty:1030 - CMSIS Pack Vendor :STMicroelectronics FP-ATR-SIGFOX1 3.2.0
2023-05-21 21:22:21,599 [INFO] ThirdParty:1030 - CMSIS Pack Vendor :wolfSSL I-CUBE-wolfSSL 5.5.4
2023-05-21 21:22:21,599 [INFO] ThirdParty:1030 - CMSIS Pack Vendor :STMicroelectronics X-CUBE-AZRTOS-L4 1.0.0
2023-05-21 21:22:21,599 [INFO] ThirdParty:1030 - CMSIS Pack Vendor :STMicroelectronics HAL Drivers 0.0.0
2023-05-21 21:22:21,599 [INFO] ThirdParty:1030 - CMSIS Pack Vendor :STMicroelectronics MBEDTLS 2.16.2
2023-05-21 21:22:21,599 [INFO] ThirdParty:1030 - CMSIS Pack Vendor :STMicroelectronics MBEDTLS 2.14.1
2023-05-21 21:22:21,599 [INFO] ThirdParty:1030 - CMSIS Pack Vendor :STMicroelectronics X-CUBE-NFC7 1.0.0
2023-05-21 21:22:21,599 [INFO] ThirdParty:1030 - CMSIS Pack Vendor :STMicroelectronics X-CUBE-AZRTOS-WL 1.0.0
2023-05-21 21:22:21,599 [INFO] ThirdParty:1030 - CMSIS Pack Vendor :STMicroelectronics X-CUBE-EEPRMA1 4.1.0
2023-05-21 21:22:21,599 [INFO] ThirdParty:1030 - CMSIS Pack Vendor :portGmbH I-Cube-SoM-uGOAL 1.1.0
2023-05-21 21:22:21,599 [INFO] ThirdParty:1030 - CMSIS Pack Vendor :STMicroelectronics X-CUBE-ALS 1.0.1
2023-05-21 21:22:21,599 [INFO] ThirdParty:1030 - CMSIS Pack Vendor :STMicroelectronics X-CUBE-MEMS1 9.5.0
2023-05-21 21:22:21,600 [INFO] ThirdParty:1030 - CMSIS Pack Vendor :STMicroelectronics ThreadX 1.0.0
2023-05-21 21:22:21,600 [INFO] ThirdParty:1030 - CMSIS Pack Vendor :STMicroelectronics X-CUBE-AZRTOS-WB 1.1.0
2023-05-21 21:22:21,600 [INFO] ThirdParty:1030 - CMSIS Pack Vendor :SEGGER I-CUBE-embOS 1.3.1
2023-05-21 21:22:21,600 [INFO] ThirdParty:1030 - CMSIS Pack Vendor :STMicroelectronics USB_DEVICE 1.0.0
2023-05-21 21:22:21,601 [INFO] ThirdParty:1030 - CMSIS Pack Vendor :STMicroelectronics ThreadX 0.0.2
2023-05-21 21:22:21,601 [INFO] ThirdParty:1030 - CMSIS Pack Vendor :WES I-CUBE-Cesium 1.3.0
2023-05-21 21:22:21,601 [INFO] ThirdParty:1030 - CMSIS Pack Vendor :STMicroelectronics FP-ATR-ASTRA1 2.0.0
2023-05-21 21:22:21,601 [INFO] ThirdParty:1030 - CMSIS Pack Vendor :STMicroelectronics lwIP 2.1.2
2023-05-21 21:22:21,601 [INFO] ThirdParty:1030 - CMSIS Pack Vendor :STMicroelectronics X-CUBE-SFXS2LP1 4.0.0
2023-05-21 21:22:21,601 [INFO] ThirdParty:1030 - CMSIS Pack Vendor :STMicroelectronics X-CUBE-BLE2 3.3.0
2023-05-21 21:22:21,601 [INFO] ThirdParty:1030 - CMSIS Pack Vendor :STMicroelectronics X-CUBE-TOF1 3.2.0
2023-05-21 21:22:21,601 [INFO] ThirdParty:1030 - CMSIS Pack Vendor :STMicroelectronics PDM2PCM 3.2.0
2023-05-21 21:22:21,601 [INFO] ThirdParty:1030 - CMSIS Pack Vendor :STMicroelectronics X-CUBE-AZRTOS-H7 3.0.0
2023-05-21 21:22:21,602 [INFO] ThirdParty:841 - exiting critical section [change project]
2023-05-21 21:22:22,702 [INFO] PinOutPanel:1499 - setPackage(No Configuration,No Configuration)
2023-05-21 21:22:22,711 [INFO] PinOutPanel:1499 - setPackage(STM32F303VCTx,LQFP100)
2023-05-21 21:22:23,587 [INFO] UtilMem:75 - Before build in PCC Used Memory: 519804176 Bytes (790626304)
2023-05-21 21:22:24,720 [INFO] UtilMem:75 - After build in PCC Used Memory: 615091552 Bytes (790626304)
2023-05-21 21:22:24,788 [INFO] IPUIPlugin:80 - create IPUIPlugin
2023-05-21 21:22:24,788 [INFO] IPUIPlugin:80 - create IPUIPlugin
2023-05-21 21:22:24,788 [INFO] IPUIPlugin:80 - create IPUIPlugin
2023-05-21 21:22:24,788 [INFO] IPUIPlugin:80 - create IPUIPlugin
2023-05-21 21:22:24,789 [INFO] IPUIPlugin:80 - create IPUIPlugin
2023-05-21 21:22:24,790 [INFO] IPUIPlugin:80 - create IPUIPlugin
2023-05-21 21:22:24,790 [INFO] IPUIPlugin:80 - create IPUIPlugin
2023-05-21 21:22:24,790 [INFO] IPUIPlugin:80 - create IPUIPlugin
2023-05-21 21:22:24,790 [INFO] IPUIPlugin:80 - create IPUIPlugin
2023-05-21 21:22:24,791 [INFO] IPUIPlugin:80 - create IPUIPlugin
2023-05-21 21:22:24,791 [INFO] IPUIPlugin:80 - create IPUIPlugin
2023-05-21 21:22:24,791 [INFO] IPUIPlugin:80 - create IPUIPlugin
2023-05-21 21:22:24,792 [INFO] IPUIPlugin:80 - create IPUIPlugin
2023-05-21 21:22:24,792 [INFO] IPUIPlugin:80 - create IPUIPlugin
2023-05-21 21:22:24,793 [INFO] IPUIPlugin:80 - create IPUIPlugin
2023-05-21 21:22:24,796 [INFO] IPUIPlugin:80 - create IPUIPlugin
2023-05-21 21:22:24,796 [INFO] IPUIPlugin:80 - create IPUIPlugin
2023-05-21 21:22:24,796 [INFO] IPUIPlugin:80 - create IPUIPlugin
2023-05-21 21:22:24,796 [INFO] IPUIPlugin:80 - create IPUIPlugin
2023-05-21 21:22:24,796 [INFO] IPUIPlugin:80 - create IPUIPlugin
2023-05-21 21:22:24,797 [INFO] IPUIPlugin:80 - create IPUIPlugin
2023-05-21 21:22:24,797 [INFO] IPUIPlugin:80 - create IPUIPlugin
2023-05-21 21:22:24,797 [INFO] IPUIPlugin:80 - create IPUIPlugin
2023-05-21 21:22:24,797 [INFO] IPUIPlugin:80 - create IPUIPlugin
2023-05-21 21:22:24,797 [INFO] IPUIPlugin:80 - create IPUIPlugin
2023-05-21 21:22:24,797 [INFO] IPUIPlugin:80 - create IPUIPlugin
2023-05-21 21:22:24,797 [INFO] IPUIPlugin:80 - create IPUIPlugin
2023-05-21 21:22:24,797 [INFO] IPUIPlugin:80 - create IPUIPlugin
2023-05-21 21:22:24,797 [INFO] IPUIPlugin:80 - create IPUIPlugin
2023-05-21 21:22:24,798 [INFO] IPUIPlugin:80 - create IPUIPlugin
2023-05-21 21:22:24,798 [INFO] IPUIPlugin:80 - create IPUIPlugin
2023-05-21 21:22:24,798 [INFO] IPUIPlugin:80 - create IPUIPlugin
2023-05-21 21:22:24,798 [INFO] IPUIPlugin:80 - create IPUIPlugin
2023-05-21 21:22:24,798 [INFO] IPUIPlugin:80 - create IPUIPlugin
2023-05-21 21:22:24,798 [INFO] IPUIPlugin:80 - create IPUIPlugin
2023-05-21 21:22:24,798 [INFO] IPUIPlugin:80 - create IPUIPlugin
2023-05-21 21:22:24,798 [INFO] IPUIPlugin:80 - create IPUIPlugin
2023-05-21 21:22:24,798 [INFO] IPUIPlugin:80 - create IPUIPlugin
2023-05-21 21:22:24,798 [INFO] IPUIPlugin:80 - create IPUIPlugin
2023-05-21 21:22:24,798 [INFO] IPUIPlugin:80 - create IPUIPlugin
2023-05-21 21:22:24,798 [INFO] IPUIPlugin:80 - create IPUIPlugin
2023-05-21 21:22:24,798 [INFO] IPUIPlugin:80 - create IPUIPlugin
2023-05-21 21:22:24,799 [INFO] IPUIPlugin:80 - create IPUIPlugin
2023-05-21 21:22:24,799 [INFO] IPUIPlugin:80 - create IPUIPlugin
2023-05-21 21:22:24,799 [INFO] IPUIPlugin:80 - create IPUIPlugin
2023-05-21 21:22:24,799 [INFO] IPUIPlugin:80 - create IPUIPlugin
2023-05-21 21:22:24,799 [INFO] IPUIPlugin:80 - create IPUIPlugin
2023-05-21 21:22:24,799 [INFO] IPUIPlugin:80 - create IPUIPlugin
2023-05-21 21:22:24,800 [INFO] IPUIPlugin:80 - create IPUIPlugin
2023-05-21 21:22:24,800 [INFO] IPUIPlugin:80 - create IPUIPlugin
2023-05-21 21:22:24,800 [INFO] IPUIPlugin:80 - create IPUIPlugin
2023-05-21 21:22:24,800 [INFO] IPUIPlugin:80 - create IPUIPlugin
2023-05-21 21:22:24,800 [INFO] IPUIPlugin:80 - create IPUIPlugin
2023-05-21 21:22:24,801 [INFO] IPUIPlugin:80 - create IPUIPlugin
2023-05-21 21:22:24,801 [INFO] IPUIPlugin:80 - create IPUIPlugin
2023-05-21 21:22:25,456 [INFO] CADModel:165 - CPN selected for project levelSTM32F303VCT6
2023-05-21 21:22:25,458 [INFO] CADModel:114 - Register for checkConnection events
2023-05-21 21:22:25,505 [INFO] OpenFileManager:328 - Restore cursor
2023-05-21 21:22:25,827 [WARN] IP:2113 - lpm_enable not found: check if there is a RefParameter without a condition.
2023-05-21 21:22:25,828 [WARN] IP:2113 - lpm_enable not found: check if there is a RefParameter without a condition.
