18:36:20 **** Build of configuration Debug for project High_five ****
make -j9 all 
arm-none-eabi-gcc -o "High_five.elf" @"objects.list"   -mcpu=cortex-m4 -T"/Users/neelbagayatkar/Documents/Project/MajorProject_Manshatronics/High_five/STM32F303VCTX_FLASH.ld" --specs=nosys.specs -Wl,-Map="High_five.map" -Wl,--gc-sections -static --specs=nano.specs -mfpu=fpv4-sp-d16 -mfloat-abi=hard -mthumb -Wl,--start-group -lc -lm -Wl,--end-group
Finished building target: High_five.elf
 
arm-none-eabi-size   High_five.elf 
arm-none-eabi-objdump -h -S  High_five.elf  > "High_five.list"
   text	   data	    bss	    dec	    hex	filename
  33524	    176	   2768	  36468	   8e74	High_five.elf
Finished building: default.size.stdout
 
Finished building: High_five.list
 
18:36:39 **** Incremental Build of configuration Debug for project High_five ****
make -j9 all 
arm-none-eabi-size   High_five.elf 
   text	   data	    bss	    dec	    hex	filename
  33524	    176	   2768	  36468	   8e74	High_five.elf
Finished building: default.size.stdout
 
20:02:27 **** Incremental Build of configuration Debug for project High_five ****
make -j9 all 
arm-none-eabi-gcc "../Core/Src/main.c" -mcpu=cortex-m4 -std=gnu11 -g3 -DDEBUG -DUSE_HAL_DRIVER -DSTM32F303xC -c -I../Core/Inc -I../Drivers/STM32F3xx_HAL_Driver/Inc -I../Drivers/STM32F3xx_HAL_Driver/Inc/Legacy -I../Drivers/CMSIS/Device/ST/STM32F3xx/Include -I../Drivers/CMSIS/Include -O0 -ffunction-sections -fdata-sections -Wall -fstack-usage -fcyclomatic-complexity -MMD -MP -MF"Core/Src/main.d" -MT"Core/Src/main.o" --specs=nano.specs -mfpu=fpv4-sp-d16 -mfloat-abi=hard -mthumb -o "Core/Src/main.o"
../Core/Src/main.c: In function 'HAL_TIM_IC_CaptureCallback':
../Core/Src/main.c:115:10: warning: unused variable 'buffer' [-Wunused-variable]
  115 |  uint8_t buffer[32];
      |          ^~~~~~
../Core/Src/main.c: In function 'main':
../Core/Src/main.c:187:30: warning: initialization of 'LedRegister *' from incompatible pointer type 'uint8_t *' {aka 'unsigned char *'} [-Wincompatible-pointer-types]
  187 |  LedRegister *led_register = ((uint8_t*)&(GPIOE->ODR)) + 1;
      |                              ^
../Core/Src/main.c:380:4: warning: implicit declaration of function 'sprintf' [-Wimplicit-function-declaration]
  380 |    sprintf(string_to_send,"%u,%u\r\n", __HAL_TIM_GET_COUNTER(&htim3),targetCount);
      |    ^~~~~~~
../Core/Src/main.c:380:4: warning: incompatible implicit declaration of built-in function 'sprintf'
../Core/Src/main.c:30:1: note: include '<stdio.h>' or provide a declaration of 'sprintf'
   29 | #include "math.h"
  +++ |+#include <stdio.h>
   30 | 
../Core/Src/main.c:380:12: warning: pointer targets in passing argument 1 of 'sprintf' differ in signedness [-Wpointer-sign]
  380 |    sprintf(string_to_send,"%u,%u\r\n", __HAL_TIM_GET_COUNTER(&htim3),targetCount);
      |            ^~~~~~~~~~~~~~
      |            |
      |            uint8_t * {aka unsigned char *}
../Core/Src/main.c:380:12: note: expected 'char *' but argument is of type 'uint8_t *' {aka 'unsigned char *'}
../Core/Src/main.c:380:29: warning: format '%u' expects argument of type 'unsigned int', but argument 3 has type 'uint32_t' {aka 'volatile long unsigned int'} [-Wformat=]
  380 |    sprintf(string_to_send,"%u,%u\r\n", __HAL_TIM_GET_COUNTER(&htim3),targetCount);
      |                            ~^
      |                             |
      |                             unsigned int
      |                            %lu
../Core/Src/main.c:380:32: warning: format '%u' expects argument of type 'unsigned int', but argument 4 has type 'uint32_t' {aka 'long unsigned int'} [-Wformat=]
  380 |    sprintf(string_to_send,"%u,%u\r\n", __HAL_TIM_GET_COUNTER(&htim3),targetCount);
      |                               ~^                                     ~~~~~~~~~~~
      |                                |                                     |
      |                                unsigned int                          uint32_t {aka long unsigned int}
      |                               %lu
../Core/Src/main.c:398:3: warning: incompatible implicit declaration of built-in function 'sprintf'
  398 |   sprintf(string_to_send, "%u,%u,%u,%hd,%hd,%hd\r\n", last_period, lidar_distance, lidar_ranges,roll_rate, pitch_rate, yaw_rate);
      |   ^~~~~~~
../Core/Src/main.c:398:3: note: include '<stdio.h>' or provide a declaration of 'sprintf'
../Core/Src/main.c:398:11: warning: pointer targets in passing argument 1 of 'sprintf' differ in signedness [-Wpointer-sign]
  398 |   sprintf(string_to_send, "%u,%u,%u,%hd,%hd,%hd\r\n", last_period, lidar_distance, lidar_ranges,roll_rate, pitch_rate, yaw_rate);
      |           ^~~~~~~~~~~~~~
      |           |
      |           uint8_t * {aka unsigned char *}
../Core/Src/main.c:398:11: note: expected 'char *' but argument is of type 'uint8_t *' {aka 'unsigned char *'}
../Core/Src/main.c:363:16: warning: unused variable 'read_values_now' [-Wunused-variable]
  363 |   volatile int read_values_now = 0;
      |                ^~~~~~~~~~~~~~~
../Core/Src/main.c:332:12: warning: unused variable 'timeout' [-Wunused-variable]
  332 |   uint16_t timeout;
      |            ^~~~~~~
../Core/Src/main.c:328:11: warning: unused variable 'lidar_LSBa' [-Wunused-variable]
  328 |   uint8_t lidar_LSBa = 0x00;
      |           ^~~~~~~~~~
../Core/Src/main.c:327:11: warning: unused variable 'lidar_MSBa' [-Wunused-variable]
  327 |   uint8_t lidar_MSBa = 0x00;
      |           ^~~~~~~~~~
../Core/Src/main.c:253:10: warning: unused variable 'PWM_direction_clockwise' [-Wunused-variable]
  253 |  uint8_t PWM_direction_clockwise = 1;
      |          ^~~~~~~~~~~~~~~~~~~~~~~
../Core/Src/main.c:194:20: warning: unused variable 'horizontal_PWM' [-Wunused-variable]
  194 |  volatile uint16_t horizontal_PWM = 1000;
      |                    ^~~~~~~~~~~~~~
../Core/Src/main.c:193:20: warning: unused variable 'vertical_PWM' [-Wunused-variable]
  193 |  volatile uint16_t vertical_PWM = 1000;
      |                    ^~~~~~~~~~~~
../Core/Src/main.c:191:20: warning: variable 'return_value' set but not used [-Wunused-but-set-variable]
  191 |  HAL_StatusTypeDef return_value = 0x00;
      |                    ^~~~~~~~~~~~
arm-none-eabi-gcc -o "High_five.elf" @"objects.list"   -mcpu=cortex-m4 -T"/Users/neelbagayatkar/Documents/Project/MajorProject_Manshatronics/High_five/STM32F303VCTX_FLASH.ld" --specs=nosys.specs -Wl,-Map="High_five.map" -Wl,--gc-sections -static --specs=nano.specs -mfpu=fpv4-sp-d16 -mfloat-abi=hard -mthumb -Wl,--start-group -lc -lm -Wl,--end-group
Finished building target: High_five.elf
 
arm-none-eabi-size   High_five.elf 
arm-none-eabi-objdump -h -S  High_five.elf  > "High_five.list"
   text	   data	    bss	    dec	    hex	filename
  33524	    176	   2768	  36468	   8e74	High_five.elf
Finished building: default.size.stdout
 
Finished building: High_five.list
 
20:03:45 **** Incremental Build of configuration Debug for project High_five ****
make -j9 all 
arm-none-eabi-gcc "../Core/Src/main.c" -mcpu=cortex-m4 -std=gnu11 -g3 -DDEBUG -DUSE_HAL_DRIVER -DSTM32F303xC -c -I../Core/Inc -I../Drivers/STM32F3xx_HAL_Driver/Inc -I../Drivers/STM32F3xx_HAL_Driver/Inc/Legacy -I../Drivers/CMSIS/Device/ST/STM32F3xx/Include -I../Drivers/CMSIS/Include -O0 -ffunction-sections -fdata-sections -Wall -fstack-usage -fcyclomatic-complexity -MMD -MP -MF"Core/Src/main.d" -MT"Core/Src/main.o" --specs=nano.specs -mfpu=fpv4-sp-d16 -mfloat-abi=hard -mthumb -o "Core/Src/main.o"
../Core/Src/main.c: In function 'HAL_TIM_IC_CaptureCallback':
../Core/Src/main.c:115:10: warning: unused variable 'buffer' [-Wunused-variable]
  115 |  uint8_t buffer[32];
      |          ^~~~~~
../Core/Src/main.c: In function 'main':
../Core/Src/main.c:187:30: warning: initialization of 'LedRegister *' from incompatible pointer type 'uint8_t *' {aka 'unsigned char *'} [-Wincompatible-pointer-types]
  187 |  LedRegister *led_register = ((uint8_t*)&(GPIOE->ODR)) + 1;
      |                              ^
../Core/Src/main.c:380:4: warning: implicit declaration of function 'sprintf' [-Wimplicit-function-declaration]
  380 |    sprintf(string_to_send,"%u,%u\r\n", __HAL_TIM_GET_COUNTER(&htim3),targetCount);
      |    ^~~~~~~
../Core/Src/main.c:380:4: warning: incompatible implicit declaration of built-in function 'sprintf'
../Core/Src/main.c:30:1: note: include '<stdio.h>' or provide a declaration of 'sprintf'
   29 | #include "math.h"
  +++ |+#include <stdio.h>
   30 | 
../Core/Src/main.c:380:12: warning: pointer targets in passing argument 1 of 'sprintf' differ in signedness [-Wpointer-sign]
  380 |    sprintf(string_to_send,"%u,%u\r\n", __HAL_TIM_GET_COUNTER(&htim3),targetCount);
      |            ^~~~~~~~~~~~~~
      |            |
      |            uint8_t * {aka unsigned char *}
../Core/Src/main.c:380:12: note: expected 'char *' but argument is of type 'uint8_t *' {aka 'unsigned char *'}
../Core/Src/main.c:380:29: warning: format '%u' expects argument of type 'unsigned int', but argument 3 has type 'uint32_t' {aka 'volatile long unsigned int'} [-Wformat=]
  380 |    sprintf(string_to_send,"%u,%u\r\n", __HAL_TIM_GET_COUNTER(&htim3),targetCount);
      |                            ~^
      |                             |
      |                             unsigned int
      |                            %lu
../Core/Src/main.c:380:32: warning: format '%u' expects argument of type 'unsigned int', but argument 4 has type 'uint32_t' {aka 'long unsigned int'} [-Wformat=]
  380 |    sprintf(string_to_send,"%u,%u\r\n", __HAL_TIM_GET_COUNTER(&htim3),targetCount);
      |                               ~^                                     ~~~~~~~~~~~
      |                                |                                     |
      |                                unsigned int                          uint32_t {aka long unsigned int}
      |                               %lu
../Core/Src/main.c:398:3: warning: incompatible implicit declaration of built-in function 'sprintf'
  398 |   sprintf(string_to_send, "%u,%u,%u,%hd,%hd,%hd\r\n", last_period, lidar_distance, lidar_ranges,roll_rate, pitch_rate, yaw_rate);
      |   ^~~~~~~
../Core/Src/main.c:398:3: note: include '<stdio.h>' or provide a declaration of 'sprintf'
../Core/Src/main.c:398:11: warning: pointer targets in passing argument 1 of 'sprintf' differ in signedness [-Wpointer-sign]
  398 |   sprintf(string_to_send, "%u,%u,%u,%hd,%hd,%hd\r\n", last_period, lidar_distance, lidar_ranges,roll_rate, pitch_rate, yaw_rate);
      |           ^~~~~~~~~~~~~~
      |           |
      |           uint8_t * {aka unsigned char *}
../Core/Src/main.c:398:11: note: expected 'char *' but argument is of type 'uint8_t *' {aka 'unsigned char *'}
../Core/Src/main.c:363:16: warning: unused variable 'read_values_now' [-Wunused-variable]
  363 |   volatile int read_values_now = 0;
      |                ^~~~~~~~~~~~~~~
../Core/Src/main.c:332:12: warning: unused variable 'timeout' [-Wunused-variable]
  332 |   uint16_t timeout;
      |            ^~~~~~~
../Core/Src/main.c:328:11: warning: unused variable 'lidar_LSBa' [-Wunused-variable]
  328 |   uint8_t lidar_LSBa = 0x00;
      |           ^~~~~~~~~~
../Core/Src/main.c:327:11: warning: unused variable 'lidar_MSBa' [-Wunused-variable]
  327 |   uint8_t lidar_MSBa = 0x00;
      |           ^~~~~~~~~~
../Core/Src/main.c:253:10: warning: unused variable 'PWM_direction_clockwise' [-Wunused-variable]
  253 |  uint8_t PWM_direction_clockwise = 1;
      |          ^~~~~~~~~~~~~~~~~~~~~~~
../Core/Src/main.c:194:20: warning: unused variable 'horizontal_PWM' [-Wunused-variable]
  194 |  volatile uint16_t horizontal_PWM = 1000;
      |                    ^~~~~~~~~~~~~~
../Core/Src/main.c:193:20: warning: unused variable 'vertical_PWM' [-Wunused-variable]
  193 |  volatile uint16_t vertical_PWM = 1000;
      |                    ^~~~~~~~~~~~
../Core/Src/main.c:191:20: warning: variable 'return_value' set but not used [-Wunused-but-set-variable]
  191 |  HAL_StatusTypeDef return_value = 0x00;
      |                    ^~~~~~~~~~~~
arm-none-eabi-gcc -o "High_five.elf" @"objects.list"   -mcpu=cortex-m4 -T"/Users/neelbagayatkar/Documents/Project/MajorProject_Manshatronics/High_five/STM32F303VCTX_FLASH.ld" --specs=nosys.specs -Wl,-Map="High_five.map" -Wl,--gc-sections -static --specs=nano.specs -mfpu=fpv4-sp-d16 -mfloat-abi=hard -mthumb -Wl,--start-group -lc -lm -Wl,--end-group
Finished building target: High_five.elf
 
arm-none-eabi-size   High_five.elf 
arm-none-eabi-objdump -h -S  High_five.elf  > "High_five.list"
   text	   data	    bss	    dec	    hex	filename
  33524	    176	   2768	  36468	   8e74	High_five.elf
Finished building: default.size.stdout
 
Finished building: High_five.list
 
20:04:37 **** Incremental Build of configuration Debug for project High_five ****
make -j9 all 
arm-none-eabi-gcc "../Core/Src/main.c" -mcpu=cortex-m4 -std=gnu11 -g3 -DDEBUG -DUSE_HAL_DRIVER -DSTM32F303xC -c -I../Core/Inc -I../Drivers/STM32F3xx_HAL_Driver/Inc -I../Drivers/STM32F3xx_HAL_Driver/Inc/Legacy -I../Drivers/CMSIS/Device/ST/STM32F3xx/Include -I../Drivers/CMSIS/Include -O0 -ffunction-sections -fdata-sections -Wall -fstack-usage -fcyclomatic-complexity -MMD -MP -MF"Core/Src/main.d" -MT"Core/Src/main.o" --specs=nano.specs -mfpu=fpv4-sp-d16 -mfloat-abi=hard -mthumb -o "Core/Src/main.o"
../Core/Src/main.c: In function 'HAL_TIM_IC_CaptureCallback':
../Core/Src/main.c:115:10: warning: unused variable 'buffer' [-Wunused-variable]
  115 |  uint8_t buffer[32];
      |          ^~~~~~
../Core/Src/main.c: In function 'main':
../Core/Src/main.c:187:30: warning: initialization of 'LedRegister *' from incompatible pointer type 'uint8_t *' {aka 'unsigned char *'} [-Wincompatible-pointer-types]
  187 |  LedRegister *led_register = ((uint8_t*)&(GPIOE->ODR)) + 1;
      |                              ^
../Core/Src/main.c:380:4: warning: implicit declaration of function 'sprintf' [-Wimplicit-function-declaration]
  380 |    sprintf(string_to_send,"%u,%u\r\n", __HAL_TIM_GET_COUNTER(&htim3),targetCount);
      |    ^~~~~~~
../Core/Src/main.c:380:4: warning: incompatible implicit declaration of built-in function 'sprintf'
../Core/Src/main.c:30:1: note: include '<stdio.h>' or provide a declaration of 'sprintf'
   29 | #include "math.h"
  +++ |+#include <stdio.h>
   30 | 
../Core/Src/main.c:380:12: warning: pointer targets in passing argument 1 of 'sprintf' differ in signedness [-Wpointer-sign]
  380 |    sprintf(string_to_send,"%u,%u\r\n", __HAL_TIM_GET_COUNTER(&htim3),targetCount);
      |            ^~~~~~~~~~~~~~
      |            |
      |            uint8_t * {aka unsigned char *}
../Core/Src/main.c:380:12: note: expected 'char *' but argument is of type 'uint8_t *' {aka 'unsigned char *'}
../Core/Src/main.c:380:29: warning: format '%u' expects argument of type 'unsigned int', but argument 3 has type 'uint32_t' {aka 'volatile long unsigned int'} [-Wformat=]
  380 |    sprintf(string_to_send,"%u,%u\r\n", __HAL_TIM_GET_COUNTER(&htim3),targetCount);
      |                            ~^
      |                             |
      |                             unsigned int
      |                            %lu
../Core/Src/main.c:380:32: warning: format '%u' expects argument of type 'unsigned int', but argument 4 has type 'uint32_t' {aka 'long unsigned int'} [-Wformat=]
  380 |    sprintf(string_to_send,"%u,%u\r\n", __HAL_TIM_GET_COUNTER(&htim3),targetCount);
      |                               ~^                                     ~~~~~~~~~~~
      |                                |                                     |
      |                                unsigned int                          uint32_t {aka long unsigned int}
      |                               %lu
../Core/Src/main.c:398:3: warning: incompatible implicit declaration of built-in function 'sprintf'
  398 |   sprintf(string_to_send, "%u,%u,%u,%hd,%hd,%hd\r\n", last_period, lidar_distance, lidar_ranges,roll_rate, pitch_rate, yaw_rate);
      |   ^~~~~~~
../Core/Src/main.c:398:3: note: include '<stdio.h>' or provide a declaration of 'sprintf'
../Core/Src/main.c:398:11: warning: pointer targets in passing argument 1 of 'sprintf' differ in signedness [-Wpointer-sign]
  398 |   sprintf(string_to_send, "%u,%u,%u,%hd,%hd,%hd\r\n", last_period, lidar_distance, lidar_ranges,roll_rate, pitch_rate, yaw_rate);
      |           ^~~~~~~~~~~~~~
      |           |
      |           uint8_t * {aka unsigned char *}
../Core/Src/main.c:398:11: note: expected 'char *' but argument is of type 'uint8_t *' {aka 'unsigned char *'}
../Core/Src/main.c:363:16: warning: unused variable 'read_values_now' [-Wunused-variable]
  363 |   volatile int read_values_now = 0;
      |                ^~~~~~~~~~~~~~~
../Core/Src/main.c:332:12: warning: unused variable 'timeout' [-Wunused-variable]
  332 |   uint16_t timeout;
      |            ^~~~~~~
../Core/Src/main.c:328:11: warning: unused variable 'lidar_LSBa' [-Wunused-variable]
  328 |   uint8_t lidar_LSBa = 0x00;
      |           ^~~~~~~~~~
../Core/Src/main.c:327:11: warning: unused variable 'lidar_MSBa' [-Wunused-variable]
  327 |   uint8_t lidar_MSBa = 0x00;
      |           ^~~~~~~~~~
../Core/Src/main.c:253:10: warning: unused variable 'PWM_direction_clockwise' [-Wunused-variable]
  253 |  uint8_t PWM_direction_clockwise = 1;
      |          ^~~~~~~~~~~~~~~~~~~~~~~
../Core/Src/main.c:194:20: warning: unused variable 'horizontal_PWM' [-Wunused-variable]
  194 |  volatile uint16_t horizontal_PWM = 1000;
      |                    ^~~~~~~~~~~~~~
../Core/Src/main.c:193:20: warning: unused variable 'vertical_PWM' [-Wunused-variable]
  193 |  volatile uint16_t vertical_PWM = 1000;
      |                    ^~~~~~~~~~~~
../Core/Src/main.c:191:20: warning: variable 'return_value' set but not used [-Wunused-but-set-variable]
  191 |  HAL_StatusTypeDef return_value = 0x00;
      |                    ^~~~~~~~~~~~
arm-none-eabi-gcc -o "High_five.elf" @"objects.list"   -mcpu=cortex-m4 -T"/Users/neelbagayatkar/Documents/Project/MajorProject_Manshatronics/High_five/STM32F303VCTX_FLASH.ld" --specs=nosys.specs -Wl,-Map="High_five.map" -Wl,--gc-sections -static --specs=nano.specs -mfpu=fpv4-sp-d16 -mfloat-abi=hard -mthumb -Wl,--start-group -lc -lm -Wl,--end-group
Finished building target: High_five.elf
 
arm-none-eabi-size   High_five.elf 
arm-none-eabi-objdump -h -S  High_five.elf  > "High_five.list"
   text	   data	    bss	    dec	    hex	filename
  33524	    176	   2768	  36468	   8e74	High_five.elf
Finished building: default.size.stdout
 
Finished building: High_five.list
 
20:05:40 **** Incremental Build of configuration Debug for project High_five ****
make -j9 all 
arm-none-eabi-gcc "../Core/Src/main.c" -mcpu=cortex-m4 -std=gnu11 -g3 -DDEBUG -DUSE_HAL_DRIVER -DSTM32F303xC -c -I../Core/Inc -I../Drivers/STM32F3xx_HAL_Driver/Inc -I../Drivers/STM32F3xx_HAL_Driver/Inc/Legacy -I../Drivers/CMSIS/Device/ST/STM32F3xx/Include -I../Drivers/CMSIS/Include -O0 -ffunction-sections -fdata-sections -Wall -fstack-usage -fcyclomatic-complexity -MMD -MP -MF"Core/Src/main.d" -MT"Core/Src/main.o" --specs=nano.specs -mfpu=fpv4-sp-d16 -mfloat-abi=hard -mthumb -o "Core/Src/main.o"
../Core/Src/main.c: In function 'HAL_TIM_IC_CaptureCallback':
../Core/Src/main.c:115:10: warning: unused variable 'buffer' [-Wunused-variable]
  115 |  uint8_t buffer[32];
      |          ^~~~~~
../Core/Src/main.c: In function 'main':
../Core/Src/main.c:187:30: warning: initialization of 'LedRegister *' from incompatible pointer type 'uint8_t *' {aka 'unsigned char *'} [-Wincompatible-pointer-types]
  187 |  LedRegister *led_register = ((uint8_t*)&(GPIOE->ODR)) + 1;
      |                              ^
../Core/Src/main.c:380:4: warning: implicit declaration of function 'sprintf' [-Wimplicit-function-declaration]
  380 |    sprintf(string_to_send,"%u,%u\r\n", __HAL_TIM_GET_COUNTER(&htim3),targetCount);
      |    ^~~~~~~
../Core/Src/main.c:380:4: warning: incompatible implicit declaration of built-in function 'sprintf'
../Core/Src/main.c:30:1: note: include '<stdio.h>' or provide a declaration of 'sprintf'
   29 | #include "math.h"
  +++ |+#include <stdio.h>
   30 | 
../Core/Src/main.c:380:12: warning: pointer targets in passing argument 1 of 'sprintf' differ in signedness [-Wpointer-sign]
  380 |    sprintf(string_to_send,"%u,%u\r\n", __HAL_TIM_GET_COUNTER(&htim3),targetCount);
      |            ^~~~~~~~~~~~~~
      |            |
      |            uint8_t * {aka unsigned char *}
../Core/Src/main.c:380:12: note: expected 'char *' but argument is of type 'uint8_t *' {aka 'unsigned char *'}
../Core/Src/main.c:380:29: warning: format '%u' expects argument of type 'unsigned int', but argument 3 has type 'uint32_t' {aka 'volatile long unsigned int'} [-Wformat=]
  380 |    sprintf(string_to_send,"%u,%u\r\n", __HAL_TIM_GET_COUNTER(&htim3),targetCount);
      |                            ~^
      |                             |
      |                             unsigned int
      |                            %lu
../Core/Src/main.c:380:32: warning: format '%u' expects argument of type 'unsigned int', but argument 4 has type 'uint32_t' {aka 'long unsigned int'} [-Wformat=]
  380 |    sprintf(string_to_send,"%u,%u\r\n", __HAL_TIM_GET_COUNTER(&htim3),targetCount);
      |                               ~^                                     ~~~~~~~~~~~
      |                                |                                     |
      |                                unsigned int                          uint32_t {aka long unsigned int}
      |                               %lu
../Core/Src/main.c:398:3: warning: incompatible implicit declaration of built-in function 'sprintf'
  398 |   sprintf(string_to_send, "%u,%u,%u,%hd,%hd,%hd\r\n", last_period, lidar_distance, lidar_ranges,roll_rate, pitch_rate, yaw_rate);
      |   ^~~~~~~
../Core/Src/main.c:398:3: note: include '<stdio.h>' or provide a declaration of 'sprintf'
../Core/Src/main.c:398:11: warning: pointer targets in passing argument 1 of 'sprintf' differ in signedness [-Wpointer-sign]
  398 |   sprintf(string_to_send, "%u,%u,%u,%hd,%hd,%hd\r\n", last_period, lidar_distance, lidar_ranges,roll_rate, pitch_rate, yaw_rate);
      |           ^~~~~~~~~~~~~~
      |           |
      |           uint8_t * {aka unsigned char *}
../Core/Src/main.c:398:11: note: expected 'char *' but argument is of type 'uint8_t *' {aka 'unsigned char *'}
../Core/Src/main.c:363:16: warning: unused variable 'read_values_now' [-Wunused-variable]
  363 |   volatile int read_values_now = 0;
      |                ^~~~~~~~~~~~~~~
../Core/Src/main.c:332:12: warning: unused variable 'timeout' [-Wunused-variable]
  332 |   uint16_t timeout;
      |            ^~~~~~~
../Core/Src/main.c:328:11: warning: unused variable 'lidar_LSBa' [-Wunused-variable]
  328 |   uint8_t lidar_LSBa = 0x00;
      |           ^~~~~~~~~~
../Core/Src/main.c:327:11: warning: unused variable 'lidar_MSBa' [-Wunused-variable]
  327 |   uint8_t lidar_MSBa = 0x00;
      |           ^~~~~~~~~~
../Core/Src/main.c:253:10: warning: unused variable 'PWM_direction_clockwise' [-Wunused-variable]
  253 |  uint8_t PWM_direction_clockwise = 1;
      |          ^~~~~~~~~~~~~~~~~~~~~~~
../Core/Src/main.c:194:20: warning: unused variable 'horizontal_PWM' [-Wunused-variable]
  194 |  volatile uint16_t horizontal_PWM = 1000;
      |                    ^~~~~~~~~~~~~~
../Core/Src/main.c:193:20: warning: unused variable 'vertical_PWM' [-Wunused-variable]
  193 |  volatile uint16_t vertical_PWM = 1000;
      |                    ^~~~~~~~~~~~
../Core/Src/main.c:191:20: warning: variable 'return_value' set but not used [-Wunused-but-set-variable]
  191 |  HAL_StatusTypeDef return_value = 0x00;
      |                    ^~~~~~~~~~~~
arm-none-eabi-gcc -o "High_five.elf" @"objects.list"   -mcpu=cortex-m4 -T"/Users/neelbagayatkar/Documents/Project/MajorProject_Manshatronics/High_five/STM32F303VCTX_FLASH.ld" --specs=nosys.specs -Wl,-Map="High_five.map" -Wl,--gc-sections -static --specs=nano.specs -mfpu=fpv4-sp-d16 -mfloat-abi=hard -mthumb -Wl,--start-group -lc -lm -Wl,--end-group
Finished building target: High_five.elf
 
arm-none-eabi-size   High_five.elf 
arm-none-eabi-objdump -h -S  High_five.elf  > "High_five.list"
   text	   data	    bss	    dec	    hex	filename
  33524	    176	   2768	  36468	   8e74	High_five.elf
Finished building: default.size.stdout
 
Finished building: High_five.list
 
20:07:55 **** Incremental Build of configuration Debug for project High_five ****
make -j9 all 
arm-none-eabi-gcc "../Core/Src/main.c" -mcpu=cortex-m4 -std=gnu11 -g3 -DDEBUG -DUSE_HAL_DRIVER -DSTM32F303xC -c -I../Core/Inc -I../Drivers/STM32F3xx_HAL_Driver/Inc -I../Drivers/STM32F3xx_HAL_Driver/Inc/Legacy -I../Drivers/CMSIS/Device/ST/STM32F3xx/Include -I../Drivers/CMSIS/Include -O0 -ffunction-sections -fdata-sections -Wall -fstack-usage -fcyclomatic-complexity -MMD -MP -MF"Core/Src/main.d" -MT"Core/Src/main.o" --specs=nano.specs -mfpu=fpv4-sp-d16 -mfloat-abi=hard -mthumb -o "Core/Src/main.o"
../Core/Src/main.c: In function 'HAL_TIM_IC_CaptureCallback':
../Core/Src/main.c:115:10: warning: unused variable 'buffer' [-Wunused-variable]
  115 |  uint8_t buffer[32];
      |          ^~~~~~
../Core/Src/main.c: In function 'main':
../Core/Src/main.c:187:30: warning: initialization of 'LedRegister *' from incompatible pointer type 'uint8_t *' {aka 'unsigned char *'} [-Wincompatible-pointer-types]
  187 |  LedRegister *led_register = ((uint8_t*)&(GPIOE->ODR)) + 1;
      |                              ^
../Core/Src/main.c:380:4: warning: implicit declaration of function 'sprintf' [-Wimplicit-function-declaration]
  380 |    sprintf(string_to_send,"%u,%u\r\n", __HAL_TIM_GET_COUNTER(&htim3),targetCount);
      |    ^~~~~~~
../Core/Src/main.c:380:4: warning: incompatible implicit declaration of built-in function 'sprintf'
../Core/Src/main.c:30:1: note: include '<stdio.h>' or provide a declaration of 'sprintf'
   29 | #include "math.h"
  +++ |+#include <stdio.h>
   30 | 
../Core/Src/main.c:380:12: warning: pointer targets in passing argument 1 of 'sprintf' differ in signedness [-Wpointer-sign]
  380 |    sprintf(string_to_send,"%u,%u\r\n", __HAL_TIM_GET_COUNTER(&htim3),targetCount);
      |            ^~~~~~~~~~~~~~
      |            |
      |            uint8_t * {aka unsigned char *}
../Core/Src/main.c:380:12: note: expected 'char *' but argument is of type 'uint8_t *' {aka 'unsigned char *'}
../Core/Src/main.c:380:29: warning: format '%u' expects argument of type 'unsigned int', but argument 3 has type 'uint32_t' {aka 'volatile long unsigned int'} [-Wformat=]
  380 |    sprintf(string_to_send,"%u,%u\r\n", __HAL_TIM_GET_COUNTER(&htim3),targetCount);
      |                            ~^
      |                             |
      |                             unsigned int
      |                            %lu
../Core/Src/main.c:380:32: warning: format '%u' expects argument of type 'unsigned int', but argument 4 has type 'uint32_t' {aka 'long unsigned int'} [-Wformat=]
  380 |    sprintf(string_to_send,"%u,%u\r\n", __HAL_TIM_GET_COUNTER(&htim3),targetCount);
      |                               ~^                                     ~~~~~~~~~~~
      |                                |                                     |
      |                                unsigned int                          uint32_t {aka long unsigned int}
      |                               %lu
../Core/Src/main.c:398:3: warning: incompatible implicit declaration of built-in function 'sprintf'
  398 |   sprintf(string_to_send, "%u,%u,%u,%hd,%hd,%hd\r\n", last_period, lidar_distance, lidar_ranges,roll_rate, pitch_rate, yaw_rate);
      |   ^~~~~~~
../Core/Src/main.c:398:3: note: include '<stdio.h>' or provide a declaration of 'sprintf'
../Core/Src/main.c:398:11: warning: pointer targets in passing argument 1 of 'sprintf' differ in signedness [-Wpointer-sign]
  398 |   sprintf(string_to_send, "%u,%u,%u,%hd,%hd,%hd\r\n", last_period, lidar_distance, lidar_ranges,roll_rate, pitch_rate, yaw_rate);
      |           ^~~~~~~~~~~~~~
      |           |
      |           uint8_t * {aka unsigned char *}
../Core/Src/main.c:398:11: note: expected 'char *' but argument is of type 'uint8_t *' {aka 'unsigned char *'}
../Core/Src/main.c:363:16: warning: unused variable 'read_values_now' [-Wunused-variable]
  363 |   volatile int read_values_now = 0;
      |                ^~~~~~~~~~~~~~~
../Core/Src/main.c:332:12: warning: unused variable 'timeout' [-Wunused-variable]
  332 |   uint16_t timeout;
      |            ^~~~~~~
../Core/Src/main.c:328:11: warning: unused variable 'lidar_LSBa' [-Wunused-variable]
  328 |   uint8_t lidar_LSBa = 0x00;
      |           ^~~~~~~~~~
../Core/Src/main.c:327:11: warning: unused variable 'lidar_MSBa' [-Wunused-variable]
  327 |   uint8_t lidar_MSBa = 0x00;
      |           ^~~~~~~~~~
../Core/Src/main.c:253:10: warning: unused variable 'PWM_direction_clockwise' [-Wunused-variable]
  253 |  uint8_t PWM_direction_clockwise = 1;
      |          ^~~~~~~~~~~~~~~~~~~~~~~
../Core/Src/main.c:194:20: warning: unused variable 'horizontal_PWM' [-Wunused-variable]
  194 |  volatile uint16_t horizontal_PWM = 1000;
      |                    ^~~~~~~~~~~~~~
../Core/Src/main.c:193:20: warning: unused variable 'vertical_PWM' [-Wunused-variable]
  193 |  volatile uint16_t vertical_PWM = 1000;
      |                    ^~~~~~~~~~~~
../Core/Src/main.c:191:20: warning: variable 'return_value' set but not used [-Wunused-but-set-variable]
  191 |  HAL_StatusTypeDef return_value = 0x00;
      |                    ^~~~~~~~~~~~
arm-none-eabi-gcc -o "High_five.elf" @"objects.list"   -mcpu=cortex-m4 -T"/Users/neelbagayatkar/Documents/Project/MajorProject_Manshatronics/High_five/STM32F303VCTX_FLASH.ld" --specs=nosys.specs -Wl,-Map="High_five.map" -Wl,--gc-sections -static --specs=nano.specs -mfpu=fpv4-sp-d16 -mfloat-abi=hard -mthumb -Wl,--start-group -lc -lm -Wl,--end-group
Finished building target: High_five.elf
 
arm-none-eabi-size   High_five.elf 
arm-none-eabi-objdump -h -S  High_five.elf  > "High_five.list"
   text	   data	    bss	    dec	    hex	filename
  33524	    176	   2768	  36468	   8e74	High_five.elf
Finished building: default.size.stdout
 
Finished building: High_five.list
 
20:22:09 **** Incremental Build of configuration Debug for project High_five ****
make -j9 all 
arm-none-eabi-gcc "../Core/Src/main.c" -mcpu=cortex-m4 -std=gnu11 -g3 -DDEBUG -DUSE_HAL_DRIVER -DSTM32F303xC -c -I../Core/Inc -I../Drivers/STM32F3xx_HAL_Driver/Inc -I../Drivers/STM32F3xx_HAL_Driver/Inc/Legacy -I../Drivers/CMSIS/Device/ST/STM32F3xx/Include -I../Drivers/CMSIS/Include -O0 -ffunction-sections -fdata-sections -Wall -fstack-usage -fcyclomatic-complexity -MMD -MP -MF"Core/Src/main.d" -MT"Core/Src/main.o" --specs=nano.specs -mfpu=fpv4-sp-d16 -mfloat-abi=hard -mthumb -o "Core/Src/main.o"
../Core/Src/main.c: In function 'HAL_TIM_IC_CaptureCallback':
../Core/Src/main.c:115:10: warning: unused variable 'buffer' [-Wunused-variable]
  115 |  uint8_t buffer[32];
      |          ^~~~~~
../Core/Src/main.c: In function 'main':
../Core/Src/main.c:187:30: warning: initialization of 'LedRegister *' from incompatible pointer type 'uint8_t *' {aka 'unsigned char *'} [-Wincompatible-pointer-types]
  187 |  LedRegister *led_register = ((uint8_t*)&(GPIOE->ODR)) + 1;
      |                              ^
../Core/Src/main.c:380:4: warning: implicit declaration of function 'sprintf' [-Wimplicit-function-declaration]
  380 |    sprintf(string_to_send,"%u,%u\r\n", __HAL_TIM_GET_COUNTER(&htim3),targetCount);
      |    ^~~~~~~
../Core/Src/main.c:380:4: warning: incompatible implicit declaration of built-in function 'sprintf'
../Core/Src/main.c:30:1: note: include '<stdio.h>' or provide a declaration of 'sprintf'
   29 | #include "math.h"
  +++ |+#include <stdio.h>
   30 | 
../Core/Src/main.c:380:12: warning: pointer targets in passing argument 1 of 'sprintf' differ in signedness [-Wpointer-sign]
  380 |    sprintf(string_to_send,"%u,%u\r\n", __HAL_TIM_GET_COUNTER(&htim3),targetCount);
      |            ^~~~~~~~~~~~~~
      |            |
      |            uint8_t * {aka unsigned char *}
../Core/Src/main.c:380:12: note: expected 'char *' but argument is of type 'uint8_t *' {aka 'unsigned char *'}
../Core/Src/main.c:380:29: warning: format '%u' expects argument of type 'unsigned int', but argument 3 has type 'uint32_t' {aka 'volatile long unsigned int'} [-Wformat=]
  380 |    sprintf(string_to_send,"%u,%u\r\n", __HAL_TIM_GET_COUNTER(&htim3),targetCount);
      |                            ~^
      |                             |
      |                             unsigned int
      |                            %lu
../Core/Src/main.c:380:32: warning: format '%u' expects argument of type 'unsigned int', but argument 4 has type 'uint32_t' {aka 'long unsigned int'} [-Wformat=]
  380 |    sprintf(string_to_send,"%u,%u\r\n", __HAL_TIM_GET_COUNTER(&htim3),targetCount);
      |                               ~^                                     ~~~~~~~~~~~
      |                                |                                     |
      |                                unsigned int                          uint32_t {aka long unsigned int}
      |                               %lu
../Core/Src/main.c:398:3: warning: incompatible implicit declaration of built-in function 'sprintf'
  398 |   sprintf(string_to_send, "%u,%u,%u,%hd,%hd,%hd\r\n", last_period, lidar_distance, lidar_ranges,roll_rate, pitch_rate, yaw_rate);
      |   ^~~~~~~
../Core/Src/main.c:398:3: note: include '<stdio.h>' or provide a declaration of 'sprintf'
../Core/Src/main.c:398:11: warning: pointer targets in passing argument 1 of 'sprintf' differ in signedness [-Wpointer-sign]
  398 |   sprintf(string_to_send, "%u,%u,%u,%hd,%hd,%hd\r\n", last_period, lidar_distance, lidar_ranges,roll_rate, pitch_rate, yaw_rate);
      |           ^~~~~~~~~~~~~~
      |           |
      |           uint8_t * {aka unsigned char *}
../Core/Src/main.c:398:11: note: expected 'char *' but argument is of type 'uint8_t *' {aka 'unsigned char *'}
../Core/Src/main.c:363:16: warning: unused variable 'read_values_now' [-Wunused-variable]
  363 |   volatile int read_values_now = 0;
      |                ^~~~~~~~~~~~~~~
../Core/Src/main.c:332:12: warning: unused variable 'timeout' [-Wunused-variable]
  332 |   uint16_t timeout;
      |            ^~~~~~~
../Core/Src/main.c:328:11: warning: unused variable 'lidar_LSBa' [-Wunused-variable]
  328 |   uint8_t lidar_LSBa = 0x00;
      |           ^~~~~~~~~~
../Core/Src/main.c:327:11: warning: unused variable 'lidar_MSBa' [-Wunused-variable]
  327 |   uint8_t lidar_MSBa = 0x00;
      |           ^~~~~~~~~~
../Core/Src/main.c:253:10: warning: unused variable 'PWM_direction_clockwise' [-Wunused-variable]
  253 |  uint8_t PWM_direction_clockwise = 1;
      |          ^~~~~~~~~~~~~~~~~~~~~~~
../Core/Src/main.c:194:20: warning: unused variable 'horizontal_PWM' [-Wunused-variable]
  194 |  volatile uint16_t horizontal_PWM = 1000;
      |                    ^~~~~~~~~~~~~~
../Core/Src/main.c:193:20: warning: unused variable 'vertical_PWM' [-Wunused-variable]
  193 |  volatile uint16_t vertical_PWM = 1000;
      |                    ^~~~~~~~~~~~
../Core/Src/main.c:191:20: warning: variable 'return_value' set but not used [-Wunused-but-set-variable]
  191 |  HAL_StatusTypeDef return_value = 0x00;
      |                    ^~~~~~~~~~~~
arm-none-eabi-gcc -o "High_five.elf" @"objects.list"   -mcpu=cortex-m4 -T"/Users/neelbagayatkar/Documents/Project/MajorProject_Manshatronics/High_five/STM32F303VCTX_FLASH.ld" --specs=nosys.specs -Wl,-Map="High_five.map" -Wl,--gc-sections -static --specs=nano.specs -mfpu=fpv4-sp-d16 -mfloat-abi=hard -mthumb -Wl,--start-group -lc -lm -Wl,--end-group
Finished building target: High_five.elf
 
arm-none-eabi-size   High_five.elf 
arm-none-eabi-objdump -h -S  High_five.elf  > "High_five.list"
   text	   data	    bss	    dec	    hex	filename
  33564	    176	   2768	  36508	   8e9c	High_five.elf
Finished building: default.size.stdout
 
Finished building: High_five.list
 
20:50:03 **** Incremental Build of configuration Debug for project High_five ****
make -j9 all 
arm-none-eabi-gcc "../Core/Src/main.c" -mcpu=cortex-m4 -std=gnu11 -g3 -DDEBUG -DUSE_HAL_DRIVER -DSTM32F303xC -c -I../Core/Inc -I../Drivers/STM32F3xx_HAL_Driver/Inc -I../Drivers/STM32F3xx_HAL_Driver/Inc/Legacy -I../Drivers/CMSIS/Device/ST/STM32F3xx/Include -I../Drivers/CMSIS/Include -O0 -ffunction-sections -fdata-sections -Wall -fstack-usage -fcyclomatic-complexity -MMD -MP -MF"Core/Src/main.d" -MT"Core/Src/main.o" --specs=nano.specs -mfpu=fpv4-sp-d16 -mfloat-abi=hard -mthumb -o "Core/Src/main.o"
../Core/Src/main.c: In function 'HAL_TIM_IC_CaptureCallback':
../Core/Src/main.c:115:10: warning: unused variable 'buffer' [-Wunused-variable]
  115 |  uint8_t buffer[32];
      |          ^~~~~~
../Core/Src/main.c: In function 'main':
../Core/Src/main.c:187:30: warning: initialization of 'LedRegister *' from incompatible pointer type 'uint8_t *' {aka 'unsigned char *'} [-Wincompatible-pointer-types]
  187 |  LedRegister *led_register = ((uint8_t*)&(GPIOE->ODR)) + 1;
      |                              ^
../Core/Src/main.c:380:4: warning: implicit declaration of function 'sprintf' [-Wimplicit-function-declaration]
  380 |    sprintf(string_to_send,"%u,%u\r\n", __HAL_TIM_GET_COUNTER(&htim3),targetCount);
      |    ^~~~~~~
../Core/Src/main.c:380:4: warning: incompatible implicit declaration of built-in function 'sprintf'
../Core/Src/main.c:30:1: note: include '<stdio.h>' or provide a declaration of 'sprintf'
   29 | #include "math.h"
  +++ |+#include <stdio.h>
   30 | 
../Core/Src/main.c:380:12: warning: pointer targets in passing argument 1 of 'sprintf' differ in signedness [-Wpointer-sign]
  380 |    sprintf(string_to_send,"%u,%u\r\n", __HAL_TIM_GET_COUNTER(&htim3),targetCount);
      |            ^~~~~~~~~~~~~~
      |            |
      |            uint8_t * {aka unsigned char *}
../Core/Src/main.c:380:12: note: expected 'char *' but argument is of type 'uint8_t *' {aka 'unsigned char *'}
../Core/Src/main.c:380:29: warning: format '%u' expects argument of type 'unsigned int', but argument 3 has type 'uint32_t' {aka 'volatile long unsigned int'} [-Wformat=]
  380 |    sprintf(string_to_send,"%u,%u\r\n", __HAL_TIM_GET_COUNTER(&htim3),targetCount);
      |                            ~^
      |                             |
      |                             unsigned int
      |                            %lu
../Core/Src/main.c:380:32: warning: format '%u' expects argument of type 'unsigned int', but argument 4 has type 'uint32_t' {aka 'long unsigned int'} [-Wformat=]
  380 |    sprintf(string_to_send,"%u,%u\r\n", __HAL_TIM_GET_COUNTER(&htim3),targetCount);
      |                               ~^                                     ~~~~~~~~~~~
      |                                |                                     |
      |                                unsigned int                          uint32_t {aka long unsigned int}
      |                               %lu
../Core/Src/main.c:398:3: warning: incompatible implicit declaration of built-in function 'sprintf'
  398 |   sprintf(string_to_send, "%u,%u,%u,%hd,%hd,%hd\r\n", last_period, lidar_distance, lidar_ranges,roll_rate, pitch_rate, yaw_rate);
      |   ^~~~~~~
../Core/Src/main.c:398:3: note: include '<stdio.h>' or provide a declaration of 'sprintf'
../Core/Src/main.c:398:11: warning: pointer targets in passing argument 1 of 'sprintf' differ in signedness [-Wpointer-sign]
  398 |   sprintf(string_to_send, "%u,%u,%u,%hd,%hd,%hd\r\n", last_period, lidar_distance, lidar_ranges,roll_rate, pitch_rate, yaw_rate);
      |           ^~~~~~~~~~~~~~
      |           |
      |           uint8_t * {aka unsigned char *}
../Core/Src/main.c:398:11: note: expected 'char *' but argument is of type 'uint8_t *' {aka 'unsigned char *'}
../Core/Src/main.c:363:16: warning: unused variable 'read_values_now' [-Wunused-variable]
  363 |   volatile int read_values_now = 0;
      |                ^~~~~~~~~~~~~~~
../Core/Src/main.c:332:12: warning: unused variable 'timeout' [-Wunused-variable]
  332 |   uint16_t timeout;
      |            ^~~~~~~
../Core/Src/main.c:328:11: warning: unused variable 'lidar_LSBa' [-Wunused-variable]
  328 |   uint8_t lidar_LSBa = 0x00;
      |           ^~~~~~~~~~
../Core/Src/main.c:327:11: warning: unused variable 'lidar_MSBa' [-Wunused-variable]
  327 |   uint8_t lidar_MSBa = 0x00;
      |           ^~~~~~~~~~
../Core/Src/main.c:253:10: warning: unused variable 'PWM_direction_clockwise' [-Wunused-variable]
  253 |  uint8_t PWM_direction_clockwise = 1;
      |          ^~~~~~~~~~~~~~~~~~~~~~~
../Core/Src/main.c:194:20: warning: unused variable 'horizontal_PWM' [-Wunused-variable]
  194 |  volatile uint16_t horizontal_PWM = 1000;
      |                    ^~~~~~~~~~~~~~
../Core/Src/main.c:193:20: warning: unused variable 'vertical_PWM' [-Wunused-variable]
  193 |  volatile uint16_t vertical_PWM = 1000;
      |                    ^~~~~~~~~~~~
../Core/Src/main.c:191:20: warning: variable 'return_value' set but not used [-Wunused-but-set-variable]
  191 |  HAL_StatusTypeDef return_value = 0x00;
      |                    ^~~~~~~~~~~~
arm-none-eabi-gcc -o "High_five.elf" @"objects.list"   -mcpu=cortex-m4 -T"/Users/neelbagayatkar/Documents/Project/MajorProject_Manshatronics/High_five/STM32F303VCTX_FLASH.ld" --specs=nosys.specs -Wl,-Map="High_five.map" -Wl,--gc-sections -static --specs=nano.specs -mfpu=fpv4-sp-d16 -mfloat-abi=hard -mthumb -Wl,--start-group -lc -lm -Wl,--end-group
Finished building target: High_five.elf
 
arm-none-eabi-size   High_five.elf 
arm-none-eabi-objdump -h -S  High_five.elf  > "High_five.list"
   text	   data	    bss	    dec	    hex	filename
  33564	    176	   2768	  36508	   8e9c	High_five.elf
Finished building: default.size.stdout
 
Finished building: High_five.list
 
20:50:26 **** Incremental Build of configuration Debug for project High_five ****
make -j9 all 
arm-none-eabi-gcc "../Core/Src/main.c" -mcpu=cortex-m4 -std=gnu11 -g3 -DDEBUG -DUSE_HAL_DRIVER -DSTM32F303xC -c -I../Core/Inc -I../Drivers/STM32F3xx_HAL_Driver/Inc -I../Drivers/STM32F3xx_HAL_Driver/Inc/Legacy -I../Drivers/CMSIS/Device/ST/STM32F3xx/Include -I../Drivers/CMSIS/Include -O0 -ffunction-sections -fdata-sections -Wall -fstack-usage -fcyclomatic-complexity -MMD -MP -MF"Core/Src/main.d" -MT"Core/Src/main.o" --specs=nano.specs -mfpu=fpv4-sp-d16 -mfloat-abi=hard -mthumb -o "Core/Src/main.o"
../Core/Src/main.c: In function 'HAL_TIM_IC_CaptureCallback':
../Core/Src/main.c:115:10: warning: unused variable 'buffer' [-Wunused-variable]
  115 |  uint8_t buffer[32];
      |          ^~~~~~
../Core/Src/main.c: In function 'main':
../Core/Src/main.c:187:30: warning: initialization of 'LedRegister *' from incompatible pointer type 'uint8_t *' {aka 'unsigned char *'} [-Wincompatible-pointer-types]
  187 |  LedRegister *led_register = ((uint8_t*)&(GPIOE->ODR)) + 1;
      |                              ^
../Core/Src/main.c:380:4: warning: implicit declaration of function 'sprintf' [-Wimplicit-function-declaration]
  380 |    sprintf(string_to_send,"%u,%u\r\n", __HAL_TIM_GET_COUNTER(&htim3),targetCount);
      |    ^~~~~~~
../Core/Src/main.c:380:4: warning: incompatible implicit declaration of built-in function 'sprintf'
../Core/Src/main.c:30:1: note: include '<stdio.h>' or provide a declaration of 'sprintf'
   29 | #include "math.h"
  +++ |+#include <stdio.h>
   30 | 
../Core/Src/main.c:380:12: warning: pointer targets in passing argument 1 of 'sprintf' differ in signedness [-Wpointer-sign]
  380 |    sprintf(string_to_send,"%u,%u\r\n", __HAL_TIM_GET_COUNTER(&htim3),targetCount);
      |            ^~~~~~~~~~~~~~
      |            |
      |            uint8_t * {aka unsigned char *}
../Core/Src/main.c:380:12: note: expected 'char *' but argument is of type 'uint8_t *' {aka 'unsigned char *'}
../Core/Src/main.c:380:29: warning: format '%u' expects argument of type 'unsigned int', but argument 3 has type 'uint32_t' {aka 'volatile long unsigned int'} [-Wformat=]
  380 |    sprintf(string_to_send,"%u,%u\r\n", __HAL_TIM_GET_COUNTER(&htim3),targetCount);
      |                            ~^
      |                             |
      |                             unsigned int
      |                            %lu
../Core/Src/main.c:380:32: warning: format '%u' expects argument of type 'unsigned int', but argument 4 has type 'uint32_t' {aka 'long unsigned int'} [-Wformat=]
  380 |    sprintf(string_to_send,"%u,%u\r\n", __HAL_TIM_GET_COUNTER(&htim3),targetCount);
      |                               ~^                                     ~~~~~~~~~~~
      |                                |                                     |
      |                                unsigned int                          uint32_t {aka long unsigned int}
      |                               %lu
../Core/Src/main.c:398:3: warning: incompatible implicit declaration of built-in function 'sprintf'
  398 |   sprintf(string_to_send, "%u,%u,%u,%hd,%hd,%hd\r\n", last_period, lidar_distance, lidar_ranges,roll_rate, pitch_rate, yaw_rate);
      |   ^~~~~~~
../Core/Src/main.c:398:3: note: include '<stdio.h>' or provide a declaration of 'sprintf'
../Core/Src/main.c:398:11: warning: pointer targets in passing argument 1 of 'sprintf' differ in signedness [-Wpointer-sign]
  398 |   sprintf(string_to_send, "%u,%u,%u,%hd,%hd,%hd\r\n", last_period, lidar_distance, lidar_ranges,roll_rate, pitch_rate, yaw_rate);
      |           ^~~~~~~~~~~~~~
      |           |
      |           uint8_t * {aka unsigned char *}
../Core/Src/main.c:398:11: note: expected 'char *' but argument is of type 'uint8_t *' {aka 'unsigned char *'}
../Core/Src/main.c:363:16: warning: unused variable 'read_values_now' [-Wunused-variable]
  363 |   volatile int read_values_now = 0;
      |                ^~~~~~~~~~~~~~~
../Core/Src/main.c:332:12: warning: unused variable 'timeout' [-Wunused-variable]
  332 |   uint16_t timeout;
      |            ^~~~~~~
../Core/Src/main.c:328:11: warning: unused variable 'lidar_LSBa' [-Wunused-variable]
  328 |   uint8_t lidar_LSBa = 0x00;
      |           ^~~~~~~~~~
../Core/Src/main.c:327:11: warning: unused variable 'lidar_MSBa' [-Wunused-variable]
  327 |   uint8_t lidar_MSBa = 0x00;
      |           ^~~~~~~~~~
../Core/Src/main.c:253:10: warning: unused variable 'PWM_direction_clockwise' [-Wunused-variable]
  253 |  uint8_t PWM_direction_clockwise = 1;
      |          ^~~~~~~~~~~~~~~~~~~~~~~
../Core/Src/main.c:194:20: warning: unused variable 'horizontal_PWM' [-Wunused-variable]
  194 |  volatile uint16_t horizontal_PWM = 1000;
      |                    ^~~~~~~~~~~~~~
../Core/Src/main.c:193:20: warning: unused variable 'vertical_PWM' [-Wunused-variable]
  193 |  volatile uint16_t vertical_PWM = 1000;
      |                    ^~~~~~~~~~~~
../Core/Src/main.c:191:20: warning: variable 'return_value' set but not used [-Wunused-but-set-variable]
  191 |  HAL_StatusTypeDef return_value = 0x00;
      |                    ^~~~~~~~~~~~
arm-none-eabi-gcc -o "High_five.elf" @"objects.list"   -mcpu=cortex-m4 -T"/Users/neelbagayatkar/Documents/Project/MajorProject_Manshatronics/High_five/STM32F303VCTX_FLASH.ld" --specs=nosys.specs -Wl,-Map="High_five.map" -Wl,--gc-sections -static --specs=nano.specs -mfpu=fpv4-sp-d16 -mfloat-abi=hard -mthumb -Wl,--start-group -lc -lm -Wl,--end-group
Finished building target: High_five.elf
 
arm-none-eabi-size   High_five.elf 
arm-none-eabi-objdump -h -S  High_five.elf  > "High_five.list"
   text	   data	    bss	    dec	    hex	filename
  33564	    176	   2768	  36508	   8e9c	High_five.elf
Finished building: default.size.stdout
 
Finished building: High_five.list
 
20:50:54 **** Incremental Build of configuration Debug for project High_five ****
make -j9 all 
arm-none-eabi-gcc "../Core/Src/main.c" -mcpu=cortex-m4 -std=gnu11 -g3 -DDEBUG -DUSE_HAL_DRIVER -DSTM32F303xC -c -I../Core/Inc -I../Drivers/STM32F3xx_HAL_Driver/Inc -I../Drivers/STM32F3xx_HAL_Driver/Inc/Legacy -I../Drivers/CMSIS/Device/ST/STM32F3xx/Include -I../Drivers/CMSIS/Include -O0 -ffunction-sections -fdata-sections -Wall -fstack-usage -fcyclomatic-complexity -MMD -MP -MF"Core/Src/main.d" -MT"Core/Src/main.o" --specs=nano.specs -mfpu=fpv4-sp-d16 -mfloat-abi=hard -mthumb -o "Core/Src/main.o"
../Core/Src/main.c: In function 'HAL_TIM_IC_CaptureCallback':
../Core/Src/main.c:115:10: warning: unused variable 'buffer' [-Wunused-variable]
  115 |  uint8_t buffer[32];
      |          ^~~~~~
../Core/Src/main.c: In function 'main':
../Core/Src/main.c:187:30: warning: initialization of 'LedRegister *' from incompatible pointer type 'uint8_t *' {aka 'unsigned char *'} [-Wincompatible-pointer-types]
  187 |  LedRegister *led_register = ((uint8_t*)&(GPIOE->ODR)) + 1;
      |                              ^
../Core/Src/main.c:380:4: warning: implicit declaration of function 'sprintf' [-Wimplicit-function-declaration]
  380 |    sprintf(string_to_send,"%u,%u\r\n", __HAL_TIM_GET_COUNTER(&htim3),targetCount);
      |    ^~~~~~~
../Core/Src/main.c:380:4: warning: incompatible implicit declaration of built-in function 'sprintf'
../Core/Src/main.c:30:1: note: include '<stdio.h>' or provide a declaration of 'sprintf'
   29 | #include "math.h"
  +++ |+#include <stdio.h>
   30 | 
../Core/Src/main.c:380:12: warning: pointer targets in passing argument 1 of 'sprintf' differ in signedness [-Wpointer-sign]
  380 |    sprintf(string_to_send,"%u,%u\r\n", __HAL_TIM_GET_COUNTER(&htim3),targetCount);
      |            ^~~~~~~~~~~~~~
      |            |
      |            uint8_t * {aka unsigned char *}
../Core/Src/main.c:380:12: note: expected 'char *' but argument is of type 'uint8_t *' {aka 'unsigned char *'}
../Core/Src/main.c:380:29: warning: format '%u' expects argument of type 'unsigned int', but argument 3 has type 'uint32_t' {aka 'volatile long unsigned int'} [-Wformat=]
  380 |    sprintf(string_to_send,"%u,%u\r\n", __HAL_TIM_GET_COUNTER(&htim3),targetCount);
      |                            ~^
      |                             |
      |                             unsigned int
      |                            %lu
../Core/Src/main.c:380:32: warning: format '%u' expects argument of type 'unsigned int', but argument 4 has type 'uint32_t' {aka 'long unsigned int'} [-Wformat=]
  380 |    sprintf(string_to_send,"%u,%u\r\n", __HAL_TIM_GET_COUNTER(&htim3),targetCount);
      |                               ~^                                     ~~~~~~~~~~~
      |                                |                                     |
      |                                unsigned int                          uint32_t {aka long unsigned int}
      |                               %lu
../Core/Src/main.c:398:3: warning: incompatible implicit declaration of built-in function 'sprintf'
  398 |   sprintf(string_to_send, "%u,%u,%u,%hd,%hd,%hd\r\n", last_period, lidar_distance, lidar_ranges,roll_rate, pitch_rate, yaw_rate);
      |   ^~~~~~~
../Core/Src/main.c:398:3: note: include '<stdio.h>' or provide a declaration of 'sprintf'
../Core/Src/main.c:398:11: warning: pointer targets in passing argument 1 of 'sprintf' differ in signedness [-Wpointer-sign]
  398 |   sprintf(string_to_send, "%u,%u,%u,%hd,%hd,%hd\r\n", last_period, lidar_distance, lidar_ranges,roll_rate, pitch_rate, yaw_rate);
      |           ^~~~~~~~~~~~~~
      |           |
      |           uint8_t * {aka unsigned char *}
../Core/Src/main.c:398:11: note: expected 'char *' but argument is of type 'uint8_t *' {aka 'unsigned char *'}
../Core/Src/main.c:363:16: warning: unused variable 'read_values_now' [-Wunused-variable]
  363 |   volatile int read_values_now = 0;
      |                ^~~~~~~~~~~~~~~
../Core/Src/main.c:332:12: warning: unused variable 'timeout' [-Wunused-variable]
  332 |   uint16_t timeout;
      |            ^~~~~~~
../Core/Src/main.c:328:11: warning: unused variable 'lidar_LSBa' [-Wunused-variable]
  328 |   uint8_t lidar_LSBa = 0x00;
      |           ^~~~~~~~~~
../Core/Src/main.c:327:11: warning: unused variable 'lidar_MSBa' [-Wunused-variable]
  327 |   uint8_t lidar_MSBa = 0x00;
      |           ^~~~~~~~~~
../Core/Src/main.c:253:10: warning: unused variable 'PWM_direction_clockwise' [-Wunused-variable]
  253 |  uint8_t PWM_direction_clockwise = 1;
      |          ^~~~~~~~~~~~~~~~~~~~~~~
../Core/Src/main.c:194:20: warning: unused variable 'horizontal_PWM' [-Wunused-variable]
  194 |  volatile uint16_t horizontal_PWM = 1000;
      |                    ^~~~~~~~~~~~~~
../Core/Src/main.c:193:20: warning: unused variable 'vertical_PWM' [-Wunused-variable]
  193 |  volatile uint16_t vertical_PWM = 1000;
      |                    ^~~~~~~~~~~~
../Core/Src/main.c:191:20: warning: variable 'return_value' set but not used [-Wunused-but-set-variable]
  191 |  HAL_StatusTypeDef return_value = 0x00;
      |                    ^~~~~~~~~~~~
arm-none-eabi-gcc -o "High_five.elf" @"objects.list"   -mcpu=cortex-m4 -T"/Users/neelbagayatkar/Documents/Project/MajorProject_Manshatronics/High_five/STM32F303VCTX_FLASH.ld" --specs=nosys.specs -Wl,-Map="High_five.map" -Wl,--gc-sections -static --specs=nano.specs -mfpu=fpv4-sp-d16 -mfloat-abi=hard -mthumb -Wl,--start-group -lc -lm -Wl,--end-group
Finished building target: High_five.elf
 
arm-none-eabi-size   High_five.elf 
arm-none-eabi-objdump -h -S  High_five.elf  > "High_five.list"
   text	   data	    bss	    dec	    hex	filename
  33564	    176	   2768	  36508	   8e9c	High_five.elf
Finished building: default.size.stdout
 
Finished building: High_five.list
 
20:51:29 **** Incremental Build of configuration Debug for project High_five ****
make -j9 all 
arm-none-eabi-gcc "../Core/Src/main.c" -mcpu=cortex-m4 -std=gnu11 -g3 -DDEBUG -DUSE_HAL_DRIVER -DSTM32F303xC -c -I../Core/Inc -I../Drivers/STM32F3xx_HAL_Driver/Inc -I../Drivers/STM32F3xx_HAL_Driver/Inc/Legacy -I../Drivers/CMSIS/Device/ST/STM32F3xx/Include -I../Drivers/CMSIS/Include -O0 -ffunction-sections -fdata-sections -Wall -fstack-usage -fcyclomatic-complexity -MMD -MP -MF"Core/Src/main.d" -MT"Core/Src/main.o" --specs=nano.specs -mfpu=fpv4-sp-d16 -mfloat-abi=hard -mthumb -o "Core/Src/main.o"
../Core/Src/main.c: In function 'HAL_TIM_IC_CaptureCallback':
../Core/Src/main.c:115:10: warning: unused variable 'buffer' [-Wunused-variable]
  115 |  uint8_t buffer[32];
      |          ^~~~~~
../Core/Src/main.c: In function 'main':
../Core/Src/main.c:187:30: warning: initialization of 'LedRegister *' from incompatible pointer type 'uint8_t *' {aka 'unsigned char *'} [-Wincompatible-pointer-types]
  187 |  LedRegister *led_register = ((uint8_t*)&(GPIOE->ODR)) + 1;
      |                              ^
../Core/Src/main.c:380:4: warning: implicit declaration of function 'sprintf' [-Wimplicit-function-declaration]
  380 |    sprintf(string_to_send,"%u,%u\r\n", __HAL_TIM_GET_COUNTER(&htim3),targetCount);
      |    ^~~~~~~
../Core/Src/main.c:380:4: warning: incompatible implicit declaration of built-in function 'sprintf'
../Core/Src/main.c:30:1: note: include '<stdio.h>' or provide a declaration of 'sprintf'
   29 | #include "math.h"
  +++ |+#include <stdio.h>
   30 | 
../Core/Src/main.c:380:12: warning: pointer targets in passing argument 1 of 'sprintf' differ in signedness [-Wpointer-sign]
  380 |    sprintf(string_to_send,"%u,%u\r\n", __HAL_TIM_GET_COUNTER(&htim3),targetCount);
      |            ^~~~~~~~~~~~~~
      |            |
      |            uint8_t * {aka unsigned char *}
../Core/Src/main.c:380:12: note: expected 'char *' but argument is of type 'uint8_t *' {aka 'unsigned char *'}
../Core/Src/main.c:380:29: warning: format '%u' expects argument of type 'unsigned int', but argument 3 has type 'uint32_t' {aka 'volatile long unsigned int'} [-Wformat=]
  380 |    sprintf(string_to_send,"%u,%u\r\n", __HAL_TIM_GET_COUNTER(&htim3),targetCount);
      |                            ~^
      |                             |
      |                             unsigned int
      |                            %lu
../Core/Src/main.c:380:32: warning: format '%u' expects argument of type 'unsigned int', but argument 4 has type 'uint32_t' {aka 'long unsigned int'} [-Wformat=]
  380 |    sprintf(string_to_send,"%u,%u\r\n", __HAL_TIM_GET_COUNTER(&htim3),targetCount);
      |                               ~^                                     ~~~~~~~~~~~
      |                                |                                     |
      |                                unsigned int                          uint32_t {aka long unsigned int}
      |                               %lu
../Core/Src/main.c:398:3: warning: incompatible implicit declaration of built-in function 'sprintf'
  398 |   sprintf(string_to_send, "%u,%u,%u,%hd,%hd,%hd\r\n", last_period, lidar_distance, lidar_ranges,roll_rate, pitch_rate, yaw_rate);
      |   ^~~~~~~
../Core/Src/main.c:398:3: note: include '<stdio.h>' or provide a declaration of 'sprintf'
../Core/Src/main.c:398:11: warning: pointer targets in passing argument 1 of 'sprintf' differ in signedness [-Wpointer-sign]
  398 |   sprintf(string_to_send, "%u,%u,%u,%hd,%hd,%hd\r\n", last_period, lidar_distance, lidar_ranges,roll_rate, pitch_rate, yaw_rate);
      |           ^~~~~~~~~~~~~~
      |           |
      |           uint8_t * {aka unsigned char *}
../Core/Src/main.c:398:11: note: expected 'char *' but argument is of type 'uint8_t *' {aka 'unsigned char *'}
../Core/Src/main.c:363:16: warning: unused variable 'read_values_now' [-Wunused-variable]
  363 |   volatile int read_values_now = 0;
      |                ^~~~~~~~~~~~~~~
../Core/Src/main.c:332:12: warning: unused variable 'timeout' [-Wunused-variable]
  332 |   uint16_t timeout;
      |            ^~~~~~~
../Core/Src/main.c:328:11: warning: unused variable 'lidar_LSBa' [-Wunused-variable]
  328 |   uint8_t lidar_LSBa = 0x00;
      |           ^~~~~~~~~~
../Core/Src/main.c:327:11: warning: unused variable 'lidar_MSBa' [-Wunused-variable]
  327 |   uint8_t lidar_MSBa = 0x00;
      |           ^~~~~~~~~~
../Core/Src/main.c:253:10: warning: unused variable 'PWM_direction_clockwise' [-Wunused-variable]
  253 |  uint8_t PWM_direction_clockwise = 1;
      |          ^~~~~~~~~~~~~~~~~~~~~~~
../Core/Src/main.c:194:20: warning: unused variable 'horizontal_PWM' [-Wunused-variable]
  194 |  volatile uint16_t horizontal_PWM = 1000;
      |                    ^~~~~~~~~~~~~~
../Core/Src/main.c:193:20: warning: unused variable 'vertical_PWM' [-Wunused-variable]
  193 |  volatile uint16_t vertical_PWM = 1000;
      |                    ^~~~~~~~~~~~
../Core/Src/main.c:191:20: warning: variable 'return_value' set but not used [-Wunused-but-set-variable]
  191 |  HAL_StatusTypeDef return_value = 0x00;
      |                    ^~~~~~~~~~~~
arm-none-eabi-gcc -o "High_five.elf" @"objects.list"   -mcpu=cortex-m4 -T"/Users/neelbagayatkar/Documents/Project/MajorProject_Manshatronics/High_five/STM32F303VCTX_FLASH.ld" --specs=nosys.specs -Wl,-Map="High_five.map" -Wl,--gc-sections -static --specs=nano.specs -mfpu=fpv4-sp-d16 -mfloat-abi=hard -mthumb -Wl,--start-group -lc -lm -Wl,--end-group
Finished building target: High_five.elf
 
arm-none-eabi-size   High_five.elf 
arm-none-eabi-objdump -h -S  High_five.elf  > "High_five.list"
   text	   data	    bss	    dec	    hex	filename
  33564	    176	   2768	  36508	   8e9c	High_five.elf
Finished building: default.size.stdout
 
Finished building: High_five.list
 
21:21:06 **** Incremental Build of configuration Debug for project High_five ****
make -j9 all 
arm-none-eabi-gcc "../Core/Src/main.c" -mcpu=cortex-m4 -std=gnu11 -g3 -DDEBUG -DUSE_HAL_DRIVER -DSTM32F303xC -c -I../Core/Inc -I../Drivers/STM32F3xx_HAL_Driver/Inc -I../Drivers/STM32F3xx_HAL_Driver/Inc/Legacy -I../Drivers/CMSIS/Device/ST/STM32F3xx/Include -I../Drivers/CMSIS/Include -O0 -ffunction-sections -fdata-sections -Wall -fstack-usage -fcyclomatic-complexity -MMD -MP -MF"Core/Src/main.d" -MT"Core/Src/main.o" --specs=nano.specs -mfpu=fpv4-sp-d16 -mfloat-abi=hard -mthumb -o "Core/Src/main.o"
../Core/Src/main.c: In function 'HAL_TIM_IC_CaptureCallback':
../Core/Src/main.c:115:10: warning: unused variable 'buffer' [-Wunused-variable]
  115 |  uint8_t buffer[32];
      |          ^~~~~~
../Core/Src/main.c: In function 'main':
../Core/Src/main.c:186:30: warning: initialization of 'LedRegister *' from incompatible pointer type 'uint8_t *' {aka 'unsigned char *'} [-Wincompatible-pointer-types]
  186 |  LedRegister *led_register = ((uint8_t*)&(GPIOE->ODR)) + 1;
      |                              ^
../Core/Src/main.c:379:4: warning: implicit declaration of function 'sprintf' [-Wimplicit-function-declaration]
  379 |    sprintf(string_to_send,"%u,%u\r\n", __HAL_TIM_GET_COUNTER(&htim3),targetCount);
      |    ^~~~~~~
../Core/Src/main.c:379:4: warning: incompatible implicit declaration of built-in function 'sprintf'
../Core/Src/main.c:30:1: note: include '<stdio.h>' or provide a declaration of 'sprintf'
   29 | #include "math.h"
  +++ |+#include <stdio.h>
   30 | 
../Core/Src/main.c:379:12: warning: pointer targets in passing argument 1 of 'sprintf' differ in signedness [-Wpointer-sign]
  379 |    sprintf(string_to_send,"%u,%u\r\n", __HAL_TIM_GET_COUNTER(&htim3),targetCount);
      |            ^~~~~~~~~~~~~~
      |            |
      |            uint8_t * {aka unsigned char *}
../Core/Src/main.c:379:12: note: expected 'char *' but argument is of type 'uint8_t *' {aka 'unsigned char *'}
../Core/Src/main.c:379:29: warning: format '%u' expects argument of type 'unsigned int', but argument 3 has type 'uint32_t' {aka 'volatile long unsigned int'} [-Wformat=]
  379 |    sprintf(string_to_send,"%u,%u\r\n", __HAL_TIM_GET_COUNTER(&htim3),targetCount);
      |                            ~^
      |                             |
      |                             unsigned int
      |                            %lu
../Core/Src/main.c:379:32: warning: format '%u' expects argument of type 'unsigned int', but argument 4 has type 'uint32_t' {aka 'long unsigned int'} [-Wformat=]
  379 |    sprintf(string_to_send,"%u,%u\r\n", __HAL_TIM_GET_COUNTER(&htim3),targetCount);
      |                               ~^                                     ~~~~~~~~~~~
      |                                |                                     |
      |                                unsigned int                          uint32_t {aka long unsigned int}
      |                               %lu
../Core/Src/main.c:397:3: warning: incompatible implicit declaration of built-in function 'sprintf'
  397 |   sprintf(string_to_send, "%u,%u,%u,%hd,%hd,%hd\r\n", last_period, lidar_distance, lidar_ranges,roll_rate, pitch_rate, yaw_rate);
      |   ^~~~~~~
../Core/Src/main.c:397:3: note: include '<stdio.h>' or provide a declaration of 'sprintf'
../Core/Src/main.c:397:11: warning: pointer targets in passing argument 1 of 'sprintf' differ in signedness [-Wpointer-sign]
  397 |   sprintf(string_to_send, "%u,%u,%u,%hd,%hd,%hd\r\n", last_period, lidar_distance, lidar_ranges,roll_rate, pitch_rate, yaw_rate);
      |           ^~~~~~~~~~~~~~
      |           |
      |           uint8_t * {aka unsigned char *}
../Core/Src/main.c:397:11: note: expected 'char *' but argument is of type 'uint8_t *' {aka 'unsigned char *'}
../Core/Src/main.c:362:16: warning: unused variable 'read_values_now' [-Wunused-variable]
  362 |   volatile int read_values_now = 0;
      |                ^~~~~~~~~~~~~~~
../Core/Src/main.c:331:12: warning: unused variable 'timeout' [-Wunused-variable]
  331 |   uint16_t timeout;
      |            ^~~~~~~
../Core/Src/main.c:327:11: warning: unused variable 'lidar_LSBa' [-Wunused-variable]
  327 |   uint8_t lidar_LSBa = 0x00;
      |           ^~~~~~~~~~
../Core/Src/main.c:326:11: warning: unused variable 'lidar_MSBa' [-Wunused-variable]
  326 |   uint8_t lidar_MSBa = 0x00;
      |           ^~~~~~~~~~
../Core/Src/main.c:252:10: warning: unused variable 'PWM_direction_clockwise' [-Wunused-variable]
  252 |  uint8_t PWM_direction_clockwise = 1;
      |          ^~~~~~~~~~~~~~~~~~~~~~~
../Core/Src/main.c:193:20: warning: unused variable 'horizontal_PWM' [-Wunused-variable]
  193 |  volatile uint16_t horizontal_PWM = 1000;
      |                    ^~~~~~~~~~~~~~
../Core/Src/main.c:192:20: warning: unused variable 'vertical_PWM' [-Wunused-variable]
  192 |  volatile uint16_t vertical_PWM = 1000;
      |                    ^~~~~~~~~~~~
../Core/Src/main.c:190:20: warning: variable 'return_value' set but not used [-Wunused-but-set-variable]
  190 |  HAL_StatusTypeDef return_value = 0x00;
      |                    ^~~~~~~~~~~~
arm-none-eabi-gcc -o "High_five.elf" @"objects.list"   -mcpu=cortex-m4 -T"/Users/neelbagayatkar/Documents/Project/MajorProject_Manshatronics/High_five/STM32F303VCTX_FLASH.ld" --specs=nosys.specs -Wl,-Map="High_five.map" -Wl,--gc-sections -static --specs=nano.specs -mfpu=fpv4-sp-d16 -mfloat-abi=hard -mthumb -Wl,--start-group -lc -lm -Wl,--end-group
Finished building target: High_five.elf
 
arm-none-eabi-size   High_five.elf 
arm-none-eabi-objdump -h -S  High_five.elf  > "High_five.list"
   text	   data	    bss	    dec	    hex	filename
  33508	    176	   2768	  36452	   8e64	High_five.elf
Finished building: default.size.stdout
 
Finished building: High_five.list
 
21:22:24 **** Incremental Build of configuration Debug for project High_five ****
make -j9 all 
arm-none-eabi-gcc "../Core/Src/main.c" -mcpu=cortex-m4 -std=gnu11 -g3 -DDEBUG -DUSE_HAL_DRIVER -DSTM32F303xC -c -I../Core/Inc -I../Drivers/STM32F3xx_HAL_Driver/Inc -I../Drivers/STM32F3xx_HAL_Driver/Inc/Legacy -I../Drivers/CMSIS/Device/ST/STM32F3xx/Include -I../Drivers/CMSIS/Include -O0 -ffunction-sections -fdata-sections -Wall -fstack-usage -fcyclomatic-complexity -MMD -MP -MF"Core/Src/main.d" -MT"Core/Src/main.o" --specs=nano.specs -mfpu=fpv4-sp-d16 -mfloat-abi=hard -mthumb -o "Core/Src/main.o"
../Core/Src/main.c: In function 'HAL_TIM_IC_CaptureCallback':
../Core/Src/main.c:115:10: warning: unused variable 'buffer' [-Wunused-variable]
  115 |  uint8_t buffer[32];
      |          ^~~~~~
../Core/Src/main.c: In function 'main':
../Core/Src/main.c:186:30: warning: initialization of 'LedRegister *' from incompatible pointer type 'uint8_t *' {aka 'unsigned char *'} [-Wincompatible-pointer-types]
  186 |  LedRegister *led_register = ((uint8_t*)&(GPIOE->ODR)) + 1;
      |                              ^
../Core/Src/main.c:380:4: warning: implicit declaration of function 'sprintf' [-Wimplicit-function-declaration]
  380 |    sprintf(string_to_send,"%u,%u\r\n", __HAL_TIM_GET_COUNTER(&htim3),targetCount);
      |    ^~~~~~~
../Core/Src/main.c:380:4: warning: incompatible implicit declaration of built-in function 'sprintf'
../Core/Src/main.c:30:1: note: include '<stdio.h>' or provide a declaration of 'sprintf'
   29 | #include "math.h"
  +++ |+#include <stdio.h>
   30 | 
../Core/Src/main.c:380:12: warning: pointer targets in passing argument 1 of 'sprintf' differ in signedness [-Wpointer-sign]
  380 |    sprintf(string_to_send,"%u,%u\r\n", __HAL_TIM_GET_COUNTER(&htim3),targetCount);
      |            ^~~~~~~~~~~~~~
      |            |
      |            uint8_t * {aka unsigned char *}
../Core/Src/main.c:380:12: note: expected 'char *' but argument is of type 'uint8_t *' {aka 'unsigned char *'}
../Core/Src/main.c:380:29: warning: format '%u' expects argument of type 'unsigned int', but argument 3 has type 'uint32_t' {aka 'volatile long unsigned int'} [-Wformat=]
  380 |    sprintf(string_to_send,"%u,%u\r\n", __HAL_TIM_GET_COUNTER(&htim3),targetCount);
      |                            ~^
      |                             |
      |                             unsigned int
      |                            %lu
../Core/Src/main.c:380:32: warning: format '%u' expects argument of type 'unsigned int', but argument 4 has type 'uint32_t' {aka 'long unsigned int'} [-Wformat=]
  380 |    sprintf(string_to_send,"%u,%u\r\n", __HAL_TIM_GET_COUNTER(&htim3),targetCount);
      |                               ~^                                     ~~~~~~~~~~~
      |                                |                                     |
      |                                unsigned int                          uint32_t {aka long unsigned int}
      |                               %lu
../Core/Src/main.c:399:3: warning: incompatible implicit declaration of built-in function 'sprintf'
  399 |   sprintf(string_to_send, "%u,%u,%u,%hd,%hd,%hd\r\n", last_period, lidar_distance, lidar_ranges,roll_rate, pitch_rate, yaw_rate);
      |   ^~~~~~~
../Core/Src/main.c:399:3: note: include '<stdio.h>' or provide a declaration of 'sprintf'
../Core/Src/main.c:399:11: warning: pointer targets in passing argument 1 of 'sprintf' differ in signedness [-Wpointer-sign]
  399 |   sprintf(string_to_send, "%u,%u,%u,%hd,%hd,%hd\r\n", last_period, lidar_distance, lidar_ranges,roll_rate, pitch_rate, yaw_rate);
      |           ^~~~~~~~~~~~~~
      |           |
      |           uint8_t * {aka unsigned char *}
../Core/Src/main.c:399:11: note: expected 'char *' but argument is of type 'uint8_t *' {aka 'unsigned char *'}
../Core/Src/main.c:362:16: warning: unused variable 'read_values_now' [-Wunused-variable]
  362 |   volatile int read_values_now = 0;
      |                ^~~~~~~~~~~~~~~
../Core/Src/main.c:331:12: warning: unused variable 'timeout' [-Wunused-variable]
  331 |   uint16_t timeout;
      |            ^~~~~~~
../Core/Src/main.c:327:11: warning: unused variable 'lidar_LSBa' [-Wunused-variable]
  327 |   uint8_t lidar_LSBa = 0x00;
      |           ^~~~~~~~~~
../Core/Src/main.c:326:11: warning: unused variable 'lidar_MSBa' [-Wunused-variable]
  326 |   uint8_t lidar_MSBa = 0x00;
      |           ^~~~~~~~~~
../Core/Src/main.c:252:10: warning: unused variable 'PWM_direction_clockwise' [-Wunused-variable]
  252 |  uint8_t PWM_direction_clockwise = 1;
      |          ^~~~~~~~~~~~~~~~~~~~~~~
../Core/Src/main.c:193:20: warning: unused variable 'horizontal_PWM' [-Wunused-variable]
  193 |  volatile uint16_t horizontal_PWM = 1000;
      |                    ^~~~~~~~~~~~~~
../Core/Src/main.c:192:20: warning: unused variable 'vertical_PWM' [-Wunused-variable]
  192 |  volatile uint16_t vertical_PWM = 1000;
      |                    ^~~~~~~~~~~~
../Core/Src/main.c:190:20: warning: variable 'return_value' set but not used [-Wunused-but-set-variable]
  190 |  HAL_StatusTypeDef return_value = 0x00;
      |                    ^~~~~~~~~~~~
arm-none-eabi-gcc -o "High_five.elf" @"objects.list"   -mcpu=cortex-m4 -T"/Users/neelbagayatkar/Documents/Project/MajorProject_Manshatronics/High_five/STM32F303VCTX_FLASH.ld" --specs=nosys.specs -Wl,-Map="High_five.map" -Wl,--gc-sections -static --specs=nano.specs -mfpu=fpv4-sp-d16 -mfloat-abi=hard -mthumb -Wl,--start-group -lc -lm -Wl,--end-group
Finished building target: High_five.elf
 
arm-none-eabi-size   High_five.elf 
arm-none-eabi-objdump -h -S  High_five.elf  > "High_five.list"
   text	   data	    bss	    dec	    hex	filename
  33524	    176	   2768	  36468	   8e74	High_five.elf
Finished building: default.size.stdout
 
Finished building: High_five.list
 
21:23:16 **** Incremental Build of configuration Debug for project High_five ****
make -j9 all 
arm-none-eabi-gcc "../Core/Src/main.c" -mcpu=cortex-m4 -std=gnu11 -g3 -DDEBUG -DUSE_HAL_DRIVER -DSTM32F303xC -c -I../Core/Inc -I../Drivers/STM32F3xx_HAL_Driver/Inc -I../Drivers/STM32F3xx_HAL_Driver/Inc/Legacy -I../Drivers/CMSIS/Device/ST/STM32F3xx/Include -I../Drivers/CMSIS/Include -O0 -ffunction-sections -fdata-sections -Wall -fstack-usage -fcyclomatic-complexity -MMD -MP -MF"Core/Src/main.d" -MT"Core/Src/main.o" --specs=nano.specs -mfpu=fpv4-sp-d16 -mfloat-abi=hard -mthumb -o "Core/Src/main.o"
../Core/Src/main.c: In function 'HAL_TIM_IC_CaptureCallback':
../Core/Src/main.c:115:10: warning: unused variable 'buffer' [-Wunused-variable]
  115 |  uint8_t buffer[32];
      |          ^~~~~~
../Core/Src/main.c: In function 'main':
../Core/Src/main.c:186:30: warning: initialization of 'LedRegister *' from incompatible pointer type 'uint8_t *' {aka 'unsigned char *'} [-Wincompatible-pointer-types]
  186 |  LedRegister *led_register = ((uint8_t*)&(GPIOE->ODR)) + 1;
      |                              ^
../Core/Src/main.c:380:4: warning: implicit declaration of function 'sprintf' [-Wimplicit-function-declaration]
  380 |    sprintf(string_to_send,"%u,%u\r\n", __HAL_TIM_GET_COUNTER(&htim3),targetCount);
      |    ^~~~~~~
../Core/Src/main.c:380:4: warning: incompatible implicit declaration of built-in function 'sprintf'
../Core/Src/main.c:30:1: note: include '<stdio.h>' or provide a declaration of 'sprintf'
   29 | #include "math.h"
  +++ |+#include <stdio.h>
   30 | 
../Core/Src/main.c:380:12: warning: pointer targets in passing argument 1 of 'sprintf' differ in signedness [-Wpointer-sign]
  380 |    sprintf(string_to_send,"%u,%u\r\n", __HAL_TIM_GET_COUNTER(&htim3),targetCount);
      |            ^~~~~~~~~~~~~~
      |            |
      |            uint8_t * {aka unsigned char *}
../Core/Src/main.c:380:12: note: expected 'char *' but argument is of type 'uint8_t *' {aka 'unsigned char *'}
../Core/Src/main.c:380:29: warning: format '%u' expects argument of type 'unsigned int', but argument 3 has type 'uint32_t' {aka 'volatile long unsigned int'} [-Wformat=]
  380 |    sprintf(string_to_send,"%u,%u\r\n", __HAL_TIM_GET_COUNTER(&htim3),targetCount);
      |                            ~^
      |                             |
      |                             unsigned int
      |                            %lu
../Core/Src/main.c:380:32: warning: format '%u' expects argument of type 'unsigned int', but argument 4 has type 'uint32_t' {aka 'long unsigned int'} [-Wformat=]
  380 |    sprintf(string_to_send,"%u,%u\r\n", __HAL_TIM_GET_COUNTER(&htim3),targetCount);
      |                               ~^                                     ~~~~~~~~~~~
      |                                |                                     |
      |                                unsigned int                          uint32_t {aka long unsigned int}
      |                               %lu
../Core/Src/main.c:400:3: warning: incompatible implicit declaration of built-in function 'sprintf'
  400 |   sprintf(string_to_send, "%u,%u,%u,%hd,%hd,%hd\r\n", last_period, lidar_distance, lidar_ranges,roll_rate, pitch_rate, yaw_rate);
      |   ^~~~~~~
../Core/Src/main.c:400:3: note: include '<stdio.h>' or provide a declaration of 'sprintf'
../Core/Src/main.c:400:11: warning: pointer targets in passing argument 1 of 'sprintf' differ in signedness [-Wpointer-sign]
  400 |   sprintf(string_to_send, "%u,%u,%u,%hd,%hd,%hd\r\n", last_period, lidar_distance, lidar_ranges,roll_rate, pitch_rate, yaw_rate);
      |           ^~~~~~~~~~~~~~
      |           |
      |           uint8_t * {aka unsigned char *}
../Core/Src/main.c:400:11: note: expected 'char *' but argument is of type 'uint8_t *' {aka 'unsigned char *'}
../Core/Src/main.c:362:16: warning: unused variable 'read_values_now' [-Wunused-variable]
  362 |   volatile int read_values_now = 0;
      |                ^~~~~~~~~~~~~~~
../Core/Src/main.c:331:12: warning: unused variable 'timeout' [-Wunused-variable]
  331 |   uint16_t timeout;
      |            ^~~~~~~
../Core/Src/main.c:327:11: warning: unused variable 'lidar_LSBa' [-Wunused-variable]
  327 |   uint8_t lidar_LSBa = 0x00;
      |           ^~~~~~~~~~
../Core/Src/main.c:326:11: warning: unused variable 'lidar_MSBa' [-Wunused-variable]
  326 |   uint8_t lidar_MSBa = 0x00;
      |           ^~~~~~~~~~
../Core/Src/main.c:252:10: warning: unused variable 'PWM_direction_clockwise' [-Wunused-variable]
  252 |  uint8_t PWM_direction_clockwise = 1;
      |          ^~~~~~~~~~~~~~~~~~~~~~~
../Core/Src/main.c:193:20: warning: unused variable 'horizontal_PWM' [-Wunused-variable]
  193 |  volatile uint16_t horizontal_PWM = 1000;
      |                    ^~~~~~~~~~~~~~
../Core/Src/main.c:192:20: warning: unused variable 'vertical_PWM' [-Wunused-variable]
  192 |  volatile uint16_t vertical_PWM = 1000;
      |                    ^~~~~~~~~~~~
../Core/Src/main.c:190:20: warning: variable 'return_value' set but not used [-Wunused-but-set-variable]
  190 |  HAL_StatusTypeDef return_value = 0x00;
      |                    ^~~~~~~~~~~~
arm-none-eabi-gcc -o "High_five.elf" @"objects.list"   -mcpu=cortex-m4 -T"/Users/neelbagayatkar/Documents/Project/MajorProject_Manshatronics/High_five/STM32F303VCTX_FLASH.ld" --specs=nosys.specs -Wl,-Map="High_five.map" -Wl,--gc-sections -static --specs=nano.specs -mfpu=fpv4-sp-d16 -mfloat-abi=hard -mthumb -Wl,--start-group -lc -lm -Wl,--end-group
Finished building target: High_five.elf
 
arm-none-eabi-size   High_five.elf 
arm-none-eabi-objdump -h -S  High_five.elf  > "High_five.list"
   text	   data	    bss	    dec	    hex	filename
  33524	    176	   2768	  36468	   8e74	High_five.elf
Finished building: default.size.stdout
 
Finished building: High_five.list
 
21:23:59 **** Incremental Build of configuration Debug for project High_five ****
make -j9 all 
arm-none-eabi-gcc "../Core/Src/main.c" -mcpu=cortex-m4 -std=gnu11 -g3 -DDEBUG -DUSE_HAL_DRIVER -DSTM32F303xC -c -I../Core/Inc -I../Drivers/STM32F3xx_HAL_Driver/Inc -I../Drivers/STM32F3xx_HAL_Driver/Inc/Legacy -I../Drivers/CMSIS/Device/ST/STM32F3xx/Include -I../Drivers/CMSIS/Include -O0 -ffunction-sections -fdata-sections -Wall -fstack-usage -fcyclomatic-complexity -MMD -MP -MF"Core/Src/main.d" -MT"Core/Src/main.o" --specs=nano.specs -mfpu=fpv4-sp-d16 -mfloat-abi=hard -mthumb -o "Core/Src/main.o"
../Core/Src/main.c: In function 'HAL_TIM_IC_CaptureCallback':
../Core/Src/main.c:115:10: warning: unused variable 'buffer' [-Wunused-variable]
  115 |  uint8_t buffer[32];
      |          ^~~~~~
../Core/Src/main.c: In function 'main':
../Core/Src/main.c:186:30: warning: initialization of 'LedRegister *' from incompatible pointer type 'uint8_t *' {aka 'unsigned char *'} [-Wincompatible-pointer-types]
  186 |  LedRegister *led_register = ((uint8_t*)&(GPIOE->ODR)) + 1;
      |                              ^
../Core/Src/main.c:380:4: warning: implicit declaration of function 'sprintf' [-Wimplicit-function-declaration]
  380 |    sprintf(string_to_send,"%u,%u\r\n", __HAL_TIM_GET_COUNTER(&htim3),targetCount);
      |    ^~~~~~~
../Core/Src/main.c:380:4: warning: incompatible implicit declaration of built-in function 'sprintf'
../Core/Src/main.c:30:1: note: include '<stdio.h>' or provide a declaration of 'sprintf'
   29 | #include "math.h"
  +++ |+#include <stdio.h>
   30 | 
../Core/Src/main.c:380:12: warning: pointer targets in passing argument 1 of 'sprintf' differ in signedness [-Wpointer-sign]
  380 |    sprintf(string_to_send,"%u,%u\r\n", __HAL_TIM_GET_COUNTER(&htim3),targetCount);
      |            ^~~~~~~~~~~~~~
      |            |
      |            uint8_t * {aka unsigned char *}
../Core/Src/main.c:380:12: note: expected 'char *' but argument is of type 'uint8_t *' {aka 'unsigned char *'}
../Core/Src/main.c:380:29: warning: format '%u' expects argument of type 'unsigned int', but argument 3 has type 'uint32_t' {aka 'volatile long unsigned int'} [-Wformat=]
  380 |    sprintf(string_to_send,"%u,%u\r\n", __HAL_TIM_GET_COUNTER(&htim3),targetCount);
      |                            ~^
      |                             |
      |                             unsigned int
      |                            %lu
../Core/Src/main.c:380:32: warning: format '%u' expects argument of type 'unsigned int', but argument 4 has type 'uint32_t' {aka 'long unsigned int'} [-Wformat=]
  380 |    sprintf(string_to_send,"%u,%u\r\n", __HAL_TIM_GET_COUNTER(&htim3),targetCount);
      |                               ~^                                     ~~~~~~~~~~~
      |                                |                                     |
[...]
../Core/Src/main.c:414:3: note: include '<stdio.h>' or provide a declaration of 'sprintf'
../Core/Src/main.c:414:11: warning: pointer targets in passing argument 1 of 'sprintf' differ in signedness [-Wpointer-sign]
  414 |   sprintf(string_to_send, "%u,%u,%u,%hd,%hd,%hd\r\n", last_period, lidar_distance, lidar_ranges,roll_rate, pitch_rate, yaw_rate);
      |           ^~~~~~~~~~~~~~
      |           |
      |           uint8_t * {aka unsigned char *}
../Core/Src/main.c:414:11: note: expected 'char *' but argument is of type 'uint8_t *' {aka 'unsigned char *'}
../Core/Src/main.c:353:16: warning: unused variable 'read_values_now' [-Wunused-variable]
  353 |   volatile int read_values_now = 0;
      |                ^~~~~~~~~~~~~~~
../Core/Src/main.c:349:11: warning: unused variable 'led_values' [-Wunused-variable]
  349 |   uint8_t led_values = pow(2, lidar_ranges);
      |           ^~~~~~~~~~
../Core/Src/main.c:322:12: warning: unused variable 'timeout' [-Wunused-variable]
  322 |   uint16_t timeout;
      |            ^~~~~~~
../Core/Src/main.c:318:11: warning: unused variable 'lidar_LSBa' [-Wunused-variable]
  318 |   uint8_t lidar_LSBa = 0x00;
      |           ^~~~~~~~~~
../Core/Src/main.c:317:11: warning: unused variable 'lidar_MSBa' [-Wunused-variable]
  317 |   uint8_t lidar_MSBa = 0x00;
      |           ^~~~~~~~~~
../Core/Src/main.c:243:10: warning: unused variable 'PWM_direction_clockwise' [-Wunused-variable]
  243 |  uint8_t PWM_direction_clockwise = 1;
      |          ^~~~~~~~~~~~~~~~~~~~~~~
../Core/Src/main.c:184:20: warning: unused variable 'horizontal_PWM' [-Wunused-variable]
  184 |  volatile uint16_t horizontal_PWM = 1000;
      |                    ^~~~~~~~~~~~~~
../Core/Src/main.c:183:20: warning: unused variable 'vertical_PWM' [-Wunused-variable]
  183 |  volatile uint16_t vertical_PWM = 1000;
      |                    ^~~~~~~~~~~~
../Core/Src/main.c:181:20: warning: variable 'return_value' set but not used [-Wunused-but-set-variable]
  181 |  HAL_StatusTypeDef return_value = 0x00;
      |                    ^~~~~~~~~~~~
arm-none-eabi-gcc -o "High_five.elf" @"objects.list"   -mcpu=cortex-m4 -T"/Users/neelbagayatkar/Documents/Project/MajorProject_Manshatronics/High_five/STM32F303VCTX_FLASH.ld" --specs=nosys.specs -Wl,-Map="High_five.map" -Wl,--gc-sections -static --specs=nano.specs -mfpu=fpv4-sp-d16 -mfloat-abi=hard -mthumb -Wl,--start-group -lc -lm -Wl,--end-group
Finished building target: High_five.elf
 
arm-none-eabi-size   High_five.elf 
arm-none-eabi-objdump -h -S  High_five.elf  > "High_five.list"
   text	   data	    bss	    dec	    hex	filename
  33684	    180	   2772	  36636	   8f1c	High_five.elf
Finished building: default.size.stdout
 
Finished building: High_five.list
 
23:28:24 **** Incremental Build of configuration Debug for project High_five ****
make -j9 all 
arm-none-eabi-gcc "../Core/Src/main.c" -mcpu=cortex-m4 -std=gnu11 -g3 -DDEBUG -DUSE_HAL_DRIVER -DSTM32F303xC -c -I../Core/Inc -I../Drivers/STM32F3xx_HAL_Driver/Inc -I../Drivers/STM32F3xx_HAL_Driver/Inc/Legacy -I../Drivers/CMSIS/Device/ST/STM32F3xx/Include -I../Drivers/CMSIS/Include -O0 -ffunction-sections -fdata-sections -Wall -fstack-usage -fcyclomatic-complexity -MMD -MP -MF"Core/Src/main.d" -MT"Core/Src/main.o" --specs=nano.specs -mfpu=fpv4-sp-d16 -mfloat-abi=hard -mthumb -o "Core/Src/main.o"
../Core/Src/main.c: In function 'HAL_TIM_IC_CaptureCallback':
../Core/Src/main.c:105:10: warning: unused variable 'buffer' [-Wunused-variable]
  105 |  uint8_t buffer[32];
      |          ^~~~~~
../Core/Src/main.c: In function 'main':
../Core/Src/main.c:387:4: warning: implicit declaration of function 'sprintf' [-Wimplicit-function-declaration]
  387 |    sprintf(string_to_send,"%u,%u\r\n", __HAL_TIM_GET_COUNTER(&htim3),targetCount);
      |    ^~~~~~~
../Core/Src/main.c:387:4: warning: incompatible implicit declaration of built-in function 'sprintf'
../Core/Src/main.c:30:1: note: include '<stdio.h>' or provide a declaration of 'sprintf'
   29 | #include "math.h"
  +++ |+#include <stdio.h>
   30 | 
../Core/Src/main.c:387:12: warning: pointer targets in passing argument 1 of 'sprintf' differ in signedness [-Wpointer-sign]
  387 |    sprintf(string_to_send,"%u,%u\r\n", __HAL_TIM_GET_COUNTER(&htim3),targetCount);
      |            ^~~~~~~~~~~~~~
      |            |
      |            uint8_t * {aka unsigned char *}
../Core/Src/main.c:387:12: note: expected 'char *' but argument is of type 'uint8_t *' {aka 'unsigned char *'}
../Core/Src/main.c:387:29: warning: format '%u' expects argument of type 'unsigned int', but argument 3 has type 'uint32_t' {aka 'volatile long unsigned int'} [-Wformat=]
  387 |    sprintf(string_to_send,"%u,%u\r\n", __HAL_TIM_GET_COUNTER(&htim3),targetCount);
      |                            ~^
      |                             |
      |                             unsigned int
      |                            %lu
../Core/Src/main.c:387:32: warning: format '%u' expects argument of type 'unsigned int', but argument 4 has type 'uint32_t' {aka 'long unsigned int'} [-Wformat=]
  387 |    sprintf(string_to_send,"%u,%u\r\n", __HAL_TIM_GET_COUNTER(&htim3),targetCount);
      |                               ~^                                     ~~~~~~~~~~~
      |                                |                                     |
      |                                unsigned int                          uint32_t {aka long unsigned int}
      |                               %lu
../Core/Src/main.c:410:3: warning: incompatible implicit declaration of built-in function 'sprintf'
  410 |   sprintf(string_to_send, "%u,%u,%u,%hd,%hd,%hd\r\n", last_period, lidar_distance, lidar_ranges,roll_rate, pitch_rate, yaw_rate);
      |   ^~~~~~~
../Core/Src/main.c:410:3: note: include '<stdio.h>' or provide a declaration of 'sprintf'
../Core/Src/main.c:410:11: warning: pointer targets in passing argument 1 of 'sprintf' differ in signedness [-Wpointer-sign]
  410 |   sprintf(string_to_send, "%u,%u,%u,%hd,%hd,%hd\r\n", last_period, lidar_distance, lidar_ranges,roll_rate, pitch_rate, yaw_rate);
      |           ^~~~~~~~~~~~~~
      |           |
      |           uint8_t * {aka unsigned char *}
../Core/Src/main.c:410:11: note: expected 'char *' but argument is of type 'uint8_t *' {aka 'unsigned char *'}
../Core/Src/main.c:353:16: warning: unused variable 'read_values_now' [-Wunused-variable]
  353 |   volatile int read_values_now = 0;
      |                ^~~~~~~~~~~~~~~
../Core/Src/main.c:349:11: warning: unused variable 'led_values' [-Wunused-variable]
  349 |   uint8_t led_values = pow(2, lidar_ranges);
      |           ^~~~~~~~~~
../Core/Src/main.c:322:12: warning: unused variable 'timeout' [-Wunused-variable]
  322 |   uint16_t timeout;
      |            ^~~~~~~
../Core/Src/main.c:318:11: warning: unused variable 'lidar_LSBa' [-Wunused-variable]
  318 |   uint8_t lidar_LSBa = 0x00;
      |           ^~~~~~~~~~
../Core/Src/main.c:317:11: warning: unused variable 'lidar_MSBa' [-Wunused-variable]
  317 |   uint8_t lidar_MSBa = 0x00;
      |           ^~~~~~~~~~
../Core/Src/main.c:243:10: warning: unused variable 'PWM_direction_clockwise' [-Wunused-variable]
  243 |  uint8_t PWM_direction_clockwise = 1;
      |          ^~~~~~~~~~~~~~~~~~~~~~~
../Core/Src/main.c:184:20: warning: unused variable 'horizontal_PWM' [-Wunused-variable]
  184 |  volatile uint16_t horizontal_PWM = 1000;
      |                    ^~~~~~~~~~~~~~
../Core/Src/main.c:183:20: warning: unused variable 'vertical_PWM' [-Wunused-variable]
  183 |  volatile uint16_t vertical_PWM = 1000;
      |                    ^~~~~~~~~~~~
../Core/Src/main.c:181:20: warning: variable 'return_value' set but not used [-Wunused-but-set-variable]
  181 |  HAL_StatusTypeDef return_value = 0x00;
      |                    ^~~~~~~~~~~~
arm-none-eabi-gcc -o "High_five.elf" @"objects.list"   -mcpu=cortex-m4 -T"/Users/neelbagayatkar/Documents/Project/MajorProject_Manshatronics/High_five/STM32F303VCTX_FLASH.ld" --specs=nosys.specs -Wl,-Map="High_five.map" -Wl,--gc-sections -static --specs=nano.specs -mfpu=fpv4-sp-d16 -mfloat-abi=hard -mthumb -Wl,--start-group -lc -lm -Wl,--end-group
Finished building target: High_five.elf
 
arm-none-eabi-size   High_five.elf 
arm-none-eabi-objdump -h -S  High_five.elf  > "High_five.list"
   text	   data	    bss	    dec	    hex	filename
  33700	    180	   2772	  36652	   8f2c	High_five.elf
Finished building: default.size.stdout
 
Finished building: High_five.list
 
23:29:25 **** Incremental Build of configuration Debug for project High_five ****
make -j9 all 
arm-none-eabi-gcc "../Core/Src/main.c" -mcpu=cortex-m4 -std=gnu11 -g3 -DDEBUG -DUSE_HAL_DRIVER -DSTM32F303xC -c -I../Core/Inc -I../Drivers/STM32F3xx_HAL_Driver/Inc -I../Drivers/STM32F3xx_HAL_Driver/Inc/Legacy -I../Drivers/CMSIS/Device/ST/STM32F3xx/Include -I../Drivers/CMSIS/Include -O0 -ffunction-sections -fdata-sections -Wall -fstack-usage -fcyclomatic-complexity -MMD -MP -MF"Core/Src/main.d" -MT"Core/Src/main.o" --specs=nano.specs -mfpu=fpv4-sp-d16 -mfloat-abi=hard -mthumb -o "Core/Src/main.o"
../Core/Src/main.c: In function 'HAL_TIM_IC_CaptureCallback':
../Core/Src/main.c:105:10: warning: unused variable 'buffer' [-Wunused-variable]
  105 |  uint8_t buffer[32];
      |          ^~~~~~
../Core/Src/main.c: In function 'main':
../Core/Src/main.c:384:4: warning: implicit declaration of function 'sprintf' [-Wimplicit-function-declaration]
  384 |    sprintf(string_to_send,"%u,%u\r\n", __HAL_TIM_GET_COUNTER(&htim3),targetCount);
      |    ^~~~~~~
../Core/Src/main.c:384:4: warning: incompatible implicit declaration of built-in function 'sprintf'
../Core/Src/main.c:30:1: note: include '<stdio.h>' or provide a declaration of 'sprintf'
   29 | #include "math.h"
  +++ |+#include <stdio.h>
   30 | 
../Core/Src/main.c:384:12: warning: pointer targets in passing argument 1 of 'sprintf' differ in signedness [-Wpointer-sign]
  384 |    sprintf(string_to_send,"%u,%u\r\n", __HAL_TIM_GET_COUNTER(&htim3),targetCount);
      |            ^~~~~~~~~~~~~~
      |            |
      |            uint8_t * {aka unsigned char *}
../Core/Src/main.c:384:12: note: expected 'char *' but argument is of type 'uint8_t *' {aka 'unsigned char *'}
../Core/Src/main.c:384:29: warning: format '%u' expects argument of type 'unsigned int', but argument 3 has type 'uint32_t' {aka 'volatile long unsigned int'} [-Wformat=]
  384 |    sprintf(string_to_send,"%u,%u\r\n", __HAL_TIM_GET_COUNTER(&htim3),targetCount);
      |                            ~^
      |                             |
      |                             unsigned int
      |                            %lu
../Core/Src/main.c:384:32: warning: format '%u' expects argument of type 'unsigned int', but argument 4 has type 'uint32_t' {aka 'long unsigned int'} [-Wformat=]
  384 |    sprintf(string_to_send,"%u,%u\r\n", __HAL_TIM_GET_COUNTER(&htim3),targetCount);
      |                               ~^                                     ~~~~~~~~~~~
      |                                |                                     |
      |                                unsigned int                          uint32_t {aka long unsigned int}
      |                               %lu
../Core/Src/main.c:407:3: warning: incompatible implicit declaration of built-in function 'sprintf'
  407 |   sprintf(string_to_send, "%u,%u,%u,%hd,%hd,%hd\r\n", last_period, lidar_distance, lidar_ranges,roll_rate, pitch_rate, yaw_rate);
      |   ^~~~~~~
../Core/Src/main.c:407:3: note: include '<stdio.h>' or provide a declaration of 'sprintf'
../Core/Src/main.c:407:11: warning: pointer targets in passing argument 1 of 'sprintf' differ in signedness [-Wpointer-sign]
  407 |   sprintf(string_to_send, "%u,%u,%u,%hd,%hd,%hd\r\n", last_period, lidar_distance, lidar_ranges,roll_rate, pitch_rate, yaw_rate);
      |           ^~~~~~~~~~~~~~
      |           |
      |           uint8_t * {aka unsigned char *}
../Core/Src/main.c:407:11: note: expected 'char *' but argument is of type 'uint8_t *' {aka 'unsigned char *'}
../Core/Src/main.c:353:16: warning: unused variable 'read_values_now' [-Wunused-variable]
  353 |   volatile int read_values_now = 0;
      |                ^~~~~~~~~~~~~~~
../Core/Src/main.c:349:11: warning: unused variable 'led_values' [-Wunused-variable]
  349 |   uint8_t led_values = pow(2, lidar_ranges);
      |           ^~~~~~~~~~
../Core/Src/main.c:322:12: warning: unused variable 'timeout' [-Wunused-variable]
  322 |   uint16_t timeout;
      |            ^~~~~~~
../Core/Src/main.c:318:11: warning: unused variable 'lidar_LSBa' [-Wunused-variable]
  318 |   uint8_t lidar_LSBa = 0x00;
      |           ^~~~~~~~~~
../Core/Src/main.c:317:11: warning: unused variable 'lidar_MSBa' [-Wunused-variable]
  317 |   uint8_t lidar_MSBa = 0x00;
      |           ^~~~~~~~~~
../Core/Src/main.c:243:10: warning: unused variable 'PWM_direction_clockwise' [-Wunused-variable]
  243 |  uint8_t PWM_direction_clockwise = 1;
      |          ^~~~~~~~~~~~~~~~~~~~~~~
../Core/Src/main.c:184:20: warning: unused variable 'horizontal_PWM' [-Wunused-variable]
  184 |  volatile uint16_t horizontal_PWM = 1000;
      |                    ^~~~~~~~~~~~~~
../Core/Src/main.c:183:20: warning: unused variable 'vertical_PWM' [-Wunused-variable]
  183 |  volatile uint16_t vertical_PWM = 1000;
      |                    ^~~~~~~~~~~~
../Core/Src/main.c:181:20: warning: variable 'return_value' set but not used [-Wunused-but-set-variable]
  181 |  HAL_StatusTypeDef return_value = 0x00;
      |                    ^~~~~~~~~~~~
arm-none-eabi-gcc -o "High_five.elf" @"objects.list"   -mcpu=cortex-m4 -T"/Users/neelbagayatkar/Documents/Project/MajorProject_Manshatronics/High_five/STM32F303VCTX_FLASH.ld" --specs=nosys.specs -Wl,-Map="High_five.map" -Wl,--gc-sections -static --specs=nano.specs -mfpu=fpv4-sp-d16 -mfloat-abi=hard -mthumb -Wl,--start-group -lc -lm -Wl,--end-group
Finished building target: High_five.elf
 
arm-none-eabi-size   High_five.elf 
arm-none-eabi-objdump -h -S  High_five.elf  > "High_five.list"
   text	   data	    bss	    dec	    hex	filename
  33684	    180	   2772	  36636	   8f1c	High_five.elf
Finished building: default.size.stdout
 
Finished building: High_five.list
 
23:30:08 **** Incremental Build of configuration Debug for project High_five ****
make -j9 all 
arm-none-eabi-gcc "../Core/Src/main.c" -mcpu=cortex-m4 -std=gnu11 -g3 -DDEBUG -DUSE_HAL_DRIVER -DSTM32F303xC -c -I../Core/Inc -I../Drivers/STM32F3xx_HAL_Driver/Inc -I../Drivers/STM32F3xx_HAL_Driver/Inc/Legacy -I../Drivers/CMSIS/Device/ST/STM32F3xx/Include -I../Drivers/CMSIS/Include -O0 -ffunction-sections -fdata-sections -Wall -fstack-usage -fcyclomatic-complexity -MMD -MP -MF"Core/Src/main.d" -MT"Core/Src/main.o" --specs=nano.specs -mfpu=fpv4-sp-d16 -mfloat-abi=hard -mthumb -o "Core/Src/main.o"
../Core/Src/main.c: In function 'HAL_TIM_IC_CaptureCallback':
../Core/Src/main.c:105:10: warning: unused variable 'buffer' [-Wunused-variable]
  105 |  uint8_t buffer[32];
      |          ^~~~~~
../Core/Src/main.c: In function 'main':
../Core/Src/main.c:384:4: warning: implicit declaration of function 'sprintf' [-Wimplicit-function-declaration]
  384 |    sprintf(string_to_send,"%u,%u\r\n", __HAL_TIM_GET_COUNTER(&htim3),targetCount);
      |    ^~~~~~~
../Core/Src/main.c:384:4: warning: incompatible implicit declaration of built-in function 'sprintf'
../Core/Src/main.c:30:1: note: include '<stdio.h>' or provide a declaration of 'sprintf'
   29 | #include "math.h"
  +++ |+#include <stdio.h>
   30 | 
../Core/Src/main.c:384:12: warning: pointer targets in passing argument 1 of 'sprintf' differ in signedness [-Wpointer-sign]
  384 |    sprintf(string_to_send,"%u,%u\r\n", __HAL_TIM_GET_COUNTER(&htim3),targetCount);
      |            ^~~~~~~~~~~~~~
      |            |
      |            uint8_t * {aka unsigned char *}
../Core/Src/main.c:384:12: note: expected 'char *' but argument is of type 'uint8_t *' {aka 'unsigned char *'}
../Core/Src/main.c:384:29: warning: format '%u' expects argument of type 'unsigned int', but argument 3 has type 'uint32_t' {aka 'volatile long unsigned int'} [-Wformat=]
  384 |    sprintf(string_to_send,"%u,%u\r\n", __HAL_TIM_GET_COUNTER(&htim3),targetCount);
      |                            ~^
      |                             |
      |                             unsigned int
      |                            %lu
../Core/Src/main.c:384:32: warning: format '%u' expects argument of type 'unsigned int', but argument 4 has type 'uint32_t' {aka 'long unsigned int'} [-Wformat=]
  384 |    sprintf(string_to_send,"%u,%u\r\n", __HAL_TIM_GET_COUNTER(&htim3),targetCount);
      |                               ~^                                     ~~~~~~~~~~~
      |                                |                                     |
      |                                unsigned int                          uint32_t {aka long unsigned int}
      |                               %lu
../Core/Src/main.c:407:3: warning: incompatible implicit declaration of built-in function 'sprintf'
  407 |   sprintf(string_to_send, "%u,%u,%u,%hd,%hd,%hd\r\n", last_period, lidar_distance, lidar_ranges,roll_rate, pitch_rate, yaw_rate);
      |   ^~~~~~~
../Core/Src/main.c:407:3: note: include '<stdio.h>' or provide a declaration of 'sprintf'
../Core/Src/main.c:407:11: warning: pointer targets in passing argument 1 of 'sprintf' differ in signedness [-Wpointer-sign]
  407 |   sprintf(string_to_send, "%u,%u,%u,%hd,%hd,%hd\r\n", last_period, lidar_distance, lidar_ranges,roll_rate, pitch_rate, yaw_rate);
      |           ^~~~~~~~~~~~~~
      |           |
      |           uint8_t * {aka unsigned char *}
../Core/Src/main.c:407:11: note: expected 'char *' but argument is of type 'uint8_t *' {aka 'unsigned char *'}
../Core/Src/main.c:353:16: warning: unused variable 'read_values_now' [-Wunused-variable]
  353 |   volatile int read_values_now = 0;
      |                ^~~~~~~~~~~~~~~
../Core/Src/main.c:349:11: warning: unused variable 'led_values' [-Wunused-variable]
  349 |   uint8_t led_values = pow(2, lidar_ranges);
      |           ^~~~~~~~~~
../Core/Src/main.c:322:12: warning: unused variable 'timeout' [-Wunused-variable]
  322 |   uint16_t timeout;
      |            ^~~~~~~
../Core/Src/main.c:318:11: warning: unused variable 'lidar_LSBa' [-Wunused-variable]
  318 |   uint8_t lidar_LSBa = 0x00;
      |           ^~~~~~~~~~
../Core/Src/main.c:317:11: warning: unused variable 'lidar_MSBa' [-Wunused-variable]
  317 |   uint8_t lidar_MSBa = 0x00;
      |           ^~~~~~~~~~
../Core/Src/main.c:243:10: warning: unused variable 'PWM_direction_clockwise' [-Wunused-variable]
  243 |  uint8_t PWM_direction_clockwise = 1;
      |          ^~~~~~~~~~~~~~~~~~~~~~~
../Core/Src/main.c:184:20: warning: unused variable 'horizontal_PWM' [-Wunused-variable]
  184 |  volatile uint16_t horizontal_PWM = 1000;
      |                    ^~~~~~~~~~~~~~
../Core/Src/main.c:183:20: warning: unused variable 'vertical_PWM' [-Wunused-variable]
  183 |  volatile uint16_t vertical_PWM = 1000;
      |                    ^~~~~~~~~~~~
../Core/Src/main.c:181:20: warning: variable 'return_value' set but not used [-Wunused-but-set-variable]
  181 |  HAL_StatusTypeDef return_value = 0x00;
      |                    ^~~~~~~~~~~~
arm-none-eabi-gcc -o "High_five.elf" @"objects.list"   -mcpu=cortex-m4 -T"/Users/neelbagayatkar/Documents/Project/MajorProject_Manshatronics/High_five/STM32F303VCTX_FLASH.ld" --specs=nosys.specs -Wl,-Map="High_five.map" -Wl,--gc-sections -static --specs=nano.specs -mfpu=fpv4-sp-d16 -mfloat-abi=hard -mthumb -Wl,--start-group -lc -lm -Wl,--end-group
Finished building target: High_five.elf
 
arm-none-eabi-size   High_five.elf 
arm-none-eabi-objdump -h -S  High_five.elf  > "High_five.list"
   text	   data	    bss	    dec	    hex	filename
  33692	    180	   2772	  36644	   8f24	High_five.elf
Finished building: default.size.stdout
 
Finished building: High_five.list
 
