../Core/Src/main.c:86:6:read_magnetometer	360	static
../Core/Src/main.c:109:5:main	352	static
../Core/Src/main.c:211:6:SystemClock_Config	128	static
../Core/Src/main.c:263:13:MX_I2C1_Init	8	static
../Core/Src/main.c:311:13:MX_SPI1_Init	8	static
../Core/Src/main.c:351:13:MX_UART4_Init	8	static
../Core/Src/main.c:386:13:MX_USART1_UART_Init	8	static
../Core/Src/main.c:421:13:MX_USB_PCD_Init	8	static
../Core/Src/main.c:452:13:MX_GPIO_Init	48	static
../Core/Src/main.c:507:6:Error_Handler	4	static,ignoring_inline_asm
