../Core/Src/main.c:92:6:enable_clocks	4	static
../Core/Src/main.c:95:6:initialise_board	16	static
../Core/Src/main.c:100:5:main	360	static
../Core/Src/main.c:206:6:SystemClock_Config	128	static
../Core/Src/main.c:258:13:MX_I2C1_Init	8	static
../Core/Src/main.c:306:13:MX_SPI1_Init	8	static
../Core/Src/main.c:346:13:MX_UART4_Init	8	static
../Core/Src/main.c:381:13:MX_USART1_UART_Init	8	static
../Core/Src/main.c:416:13:MX_USB_PCD_Init	8	static
../Core/Src/main.c:447:13:MX_GPIO_Init	48	static
../Core/Src/main.c:502:6:Error_Handler	4	static,ignoring_inline_asm
